[0.030s] Invoking command in '/home/ibrahim/tasc_arm/build/arm_2026': CMAKE_PREFIX_PATH=${CMAKE_PREFIX_PATH}:/home/ibrahim/tasc_arm/install/arm_bringup:/opt/ros/humble /usr/bin/cmake --build /home/ibrahim/tasc_arm/build/arm_2026 -- -j4 -l4
[0.149s] [35m[1mConsolidate compiler generated dependencies of target arm_2026_joystick_teleop[0m
[0.181s] [ 16%] [32mBuilding CXX object CMakeFiles/arm_2026_keyboard_teleop.dir/arm_2026/keyboard_teleop.cpp.o[0m
[0.182s] [ 50%] Built target arm_2026
[0.199s] [ 83%] Built target arm_2026_joystick_teleop
[22.062s] [100%] [32m[1mLinking CXX executable arm_2026_keyboard_teleop[0m
[22.967s] [100%] Built target arm_2026_keyboard_teleop
[22.991s] Invoked command in '/home/ibrahim/tasc_arm/build/arm_2026' returned '0': CMAKE_PREFIX_PATH=${CMAKE_PREFIX_PATH}:/home/ibrahim/tasc_arm/install/arm_bringup:/opt/ros/humble /usr/bin/cmake --build /home/ibrahim/tasc_arm/build/arm_2026 -- -j4 -l4
[23.018s] Invoking command in '/home/ibrahim/tasc_arm/build/arm_2026': CMAKE_PREFIX_PATH=${CMAKE_PREFIX_PATH}:/home/ibrahim/tasc_arm/install/arm_bringup:/opt/ros/humble /usr/bin/cmake --install /home/ibrahim/tasc_arm/build/arm_2026
[23.037s] -- Install configuration: ""
[23.038s] -- Up-to-date: /home/ibrahim/tasc_arm/install/arm_2026/share/arm_2026/plugin.xml
[23.038s] -- Up-to-date: /home/ibrahim/tasc_arm/install/arm_2026/include
[23.038s] -- Up-to-date: /home/ibrahim/tasc_arm/install/arm_2026/include/arm_2026
[23.038s] -- Up-to-date: /home/ibrahim/tasc_arm/install/arm_2026/include/arm_2026/arm_2026_system.hpp
[23.038s] -- Up-to-date: /home/ibrahim/tasc_arm/install/arm_2026/share/arm_2026/plugin.xml
[23.038s] -- Up-to-date: /home/ibrahim/tasc_arm/install/arm_2026/lib/libarm_2026.so
[23.038s] -- Installing: /home/ibrahim/tasc_arm/install/arm_2026/lib/arm_2026/arm_2026_keyboard_teleop
[23.044s] -- Set runtime path of "/home/ibrahim/tasc_arm/install/arm_2026/lib/arm_2026/arm_2026_keyboard_teleop" to ""
[23.044s] -- Up-to-date: /home/ibrahim/tasc_arm/install/arm_2026/lib/arm_2026/arm_2026_joystick_teleop
[23.044s] -- Up-to-date: /home/ibrahim/tasc_arm/install/arm_2026/share/arm_2026/description
[23.045s] -- Up-to-date: /home/ibrahim/tasc_arm/install/arm_2026/share/arm_2026/description/arm_2026.urdf.xacro
[23.045s] -- Up-to-date: /home/ibrahim/tasc_arm/install/arm_2026/share/arm_2026/config
[23.045s] -- Up-to-date: /home/ibrahim/tasc_arm/install/arm_2026/share/arm_2026/config/controllers.yaml
[23.045s] -- Up-to-date: /home/ibrahim/tasc_arm/install/arm_2026/share/arm_2026/launch
[23.046s] -- Up-to-date: /home/ibrahim/tasc_arm/install/arm_2026/share/arm_2026/launch/bringup.launch.py
[23.046s] -- Up-to-date: /home/ibrahim/tasc_arm/install/arm_2026/share/arm_2026/environment/library_path.sh
[23.046s] -- Up-to-date: /home/ibrahim/tasc_arm/install/arm_2026/share/arm_2026/environment/library_path.dsv
[23.047s] -- Up-to-date: /home/ibrahim/tasc_arm/install/arm_2026/share/ament_index/resource_index/package_run_dependencies/arm_2026
[23.047s] -- Up-to-date: /home/ibrahim/tasc_arm/install/arm_2026/share/ament_index/resource_index/parent_prefix_path/arm_2026
[23.047s] -- Up-to-date: /home/ibrahim/tasc_arm/install/arm_2026/share/arm_2026/environment/ament_prefix_path.sh
[23.048s] -- Up-to-date: /home/ibrahim/tasc_arm/install/arm_2026/share/arm_2026/environment/ament_prefix_path.dsv
[23.048s] -- Up-to-date: /home/ibrahim/tasc_arm/install/arm_2026/share/arm_2026/environment/path.sh
[23.048s] -- Up-to-date: /home/ibrahim/tasc_arm/install/arm_2026/share/arm_2026/environment/path.dsv
[23.048s] -- Up-to-date: /home/ibrahim/tasc_arm/install/arm_2026/share/arm_2026/local_setup.bash
[23.048s] -- Up-to-date: /home/ibrahim/tasc_arm/install/arm_2026/share/arm_2026/local_setup.sh
[23.048s] -- Up-to-date: /home/ibrahim/tasc_arm/install/arm_2026/share/arm_2026/local_setup.zsh
[23.048s] -- Up-to-date: /home/ibrahim/tasc_arm/install/arm_2026/share/arm_2026/local_setup.dsv
[23.049s] -- Installing: /home/ibrahim/tasc_arm/install/arm_2026/share/arm_2026/package.dsv
[23.049s] -- Up-to-date: /home/ibrahim/tasc_arm/install/arm_2026/share/ament_index/resource_index/packages/arm_2026
[23.049s] -- Up-to-date: /home/ibrahim/tasc_arm/install/arm_2026/share/ament_index/resource_index/hardware_interface__pluginlib__plugin/arm_2026
[23.050s] -- Up-to-date: /home/ibrahim/tasc_arm/install/arm_2026/share/arm_2026/cmake/export_arm_2026Export.cmake
[23.050s] -- Up-to-date: /home/ibrahim/tasc_arm/install/arm_2026/share/arm_2026/cmake/export_arm_2026Export-noconfig.cmake
[23.050s] -- Up-to-date: /home/ibrahim/tasc_arm/install/arm_2026/share/arm_2026/cmake/ament_cmake_export_targets-extras.cmake
[23.050s] -- Up-to-date: /home/ibrahim/tasc_arm/install/arm_2026/share/arm_2026/cmake/ament_cmake_export_dependencies-extras.cmake
[23.050s] -- Up-to-date: /home/ibrahim/tasc_arm/install/arm_2026/share/arm_2026/cmake/arm_2026Config.cmake
[23.051s] -- Up-to-date: /home/ibrahim/tasc_arm/install/arm_2026/share/arm_2026/cmake/arm_2026Config-version.cmake
[23.051s] -- Up-to-date: /home/ibrahim/tasc_arm/install/arm_2026/share/arm_2026/package.xml
[23.056s] Invoked command in '/home/ibrahim/tasc_arm/build/arm_2026' returned '0': CMAKE_PREFIX_PATH=${CMAKE_PREFIX_PATH}:/home/ibrahim/tasc_arm/install/arm_bringup:/opt/ros/humble /usr/bin/cmake --install /home/ibrahim/tasc_arm/build/arm_2026
