[0.021s] Invoking command in '/home/ibrahim/tasc_arm/build/arm_2026': CMAKE_PREFIX_PATH=${CMAKE_PREFIX_PATH}:/home/ibrahim/tasc_arm/install/arm_bringup:/opt/ros/humble /usr/bin/cmake --build /home/ibrahim/tasc_arm/build/arm_2026 -- -j4 -l4
[0.094s] [35m[1mConsolidate compiler generated dependencies of target arm_2026_keyboard_teleop[0m
[0.118s] [ 33%] Built target arm_2026
[0.121s] [ 50%] [32mBuilding CXX object CMakeFiles/arm_2026_keyboard_teleop.dir/arm_2026/keyboard_teleop.cpp.o[0m
[0.162s] [ 83%] Built target arm_2026_joystick_teleop
[14.124s] [100%] [32m[1mLinking CXX executable arm_2026_keyboard_teleop[0m
[14.704s] [100%] Built target arm_2026_keyboard_teleop
[14.742s] Invoked command in '/home/ibrahim/tasc_arm/build/arm_2026' returned '0': CMAKE_PREFIX_PATH=${CMAKE_PREFIX_PATH}:/home/ibrahim/tasc_arm/install/arm_bringup:/opt/ros/humble /usr/bin/cmake --build /home/ibrahim/tasc_arm/build/arm_2026 -- -j4 -l4
[14.756s] Invoking command in '/home/ibrahim/tasc_arm/build/arm_2026': CMAKE_PREFIX_PATH=${CMAKE_PREFIX_PATH}:/home/ibrahim/tasc_arm/install/arm_bringup:/opt/ros/humble /usr/bin/cmake --install /home/ibrahim/tasc_arm/build/arm_2026
[14.767s] -- Install configuration: ""
[14.768s] -- Up-to-date: /home/ibrahim/tasc_arm/install/arm_2026/share/arm_2026/plugin.xml
[14.768s] -- Up-to-date: /home/ibrahim/tasc_arm/install/arm_2026/include
[14.768s] -- Up-to-date: /home/ibrahim/tasc_arm/install/arm_2026/include/arm_2026
[14.768s] -- Up-to-date: /home/ibrahim/tasc_arm/install/arm_2026/include/arm_2026/arm_2026_system.hpp
[14.768s] -- Up-to-date: /home/ibrahim/tasc_arm/install/arm_2026/share/arm_2026/plugin.xml
[14.772s] -- Up-to-date: /home/ibrahim/tasc_arm/install/arm_2026/lib/libarm_2026.so
[14.772s] -- Installing: /home/ibrahim/tasc_arm/install/arm_2026/lib/arm_2026/arm_2026_keyboard_teleop
[14.774s] -- Set runtime path of "/home/ibrahim/tasc_arm/install/arm_2026/lib/arm_2026/arm_2026_keyboard_teleop" to ""
[14.774s] -- Up-to-date: /home/ibrahim/tasc_arm/install/arm_2026/lib/arm_2026/arm_2026_joystick_teleop
[14.774s] -- Up-to-date: /home/ibrahim/tasc_arm/install/arm_2026/share/arm_2026/description
[14.774s] -- Up-to-date: /home/ibrahim/tasc_arm/install/arm_2026/share/arm_2026/description/arm_2026.urdf.xacro
[14.774s] -- Up-to-date: /home/ibrahim/tasc_arm/install/arm_2026/share/arm_2026/config
[14.774s] -- Up-to-date: /home/ibrahim/tasc_arm/install/arm_2026/share/arm_2026/config/controllers.yaml
[14.774s] -- Up-to-date: /home/ibrahim/tasc_arm/install/arm_2026/share/arm_2026/launch
[14.775s] -- Up-to-date: /home/ibrahim/tasc_arm/install/arm_2026/share/arm_2026/launch/bringup.launch.py
[14.775s] -- Up-to-date: /home/ibrahim/tasc_arm/install/arm_2026/share/arm_2026/environment/library_path.sh
[14.775s] -- Up-to-date: /home/ibrahim/tasc_arm/install/arm_2026/share/arm_2026/environment/library_path.dsv
[14.775s] -- Up-to-date: /home/ibrahim/tasc_arm/install/arm_2026/share/ament_index/resource_index/package_run_dependencies/arm_2026
[14.775s] -- Up-to-date: /home/ibrahim/tasc_arm/install/arm_2026/share/ament_index/resource_index/parent_prefix_path/arm_2026
[14.775s] -- Up-to-date: /home/ibrahim/tasc_arm/install/arm_2026/share/arm_2026/environment/ament_prefix_path.sh
[14.775s] -- Up-to-date: /home/ibrahim/tasc_arm/install/arm_2026/share/arm_2026/environment/ament_prefix_path.dsv
[14.775s] -- Up-to-date: /home/ibrahim/tasc_arm/install/arm_2026/share/arm_2026/environment/path.sh
[14.776s] -- Up-to-date: /home/ibrahim/tasc_arm/install/arm_2026/share/arm_2026/environment/path.dsv
[14.776s] -- Up-to-date: /home/ibrahim/tasc_arm/install/arm_2026/share/arm_2026/local_setup.bash
[14.776s] -- Up-to-date: /home/ibrahim/tasc_arm/install/arm_2026/share/arm_2026/local_setup.sh
[14.776s] -- Up-to-date: /home/ibrahim/tasc_arm/install/arm_2026/share/arm_2026/local_setup.zsh
[14.776s] -- Up-to-date: /home/ibrahim/tasc_arm/install/arm_2026/share/arm_2026/local_setup.dsv
[14.776s] -- Installing: /home/ibrahim/tasc_arm/install/arm_2026/share/arm_2026/package.dsv
[14.776s] -- Up-to-date: /home/ibrahim/tasc_arm/install/arm_2026/share/ament_index/resource_index/packages/arm_2026
[14.776s] -- Up-to-date: /home/ibrahim/tasc_arm/install/arm_2026/share/ament_index/resource_index/hardware_interface__pluginlib__plugin/arm_2026
[14.776s] -- Up-to-date: /home/ibrahim/tasc_arm/install/arm_2026/share/arm_2026/cmake/export_arm_2026Export.cmake
[14.776s] -- Up-to-date: /home/ibrahim/tasc_arm/install/arm_2026/share/arm_2026/cmake/export_arm_2026Export-noconfig.cmake
[14.776s] -- Up-to-date: /home/ibrahim/tasc_arm/install/arm_2026/share/arm_2026/cmake/ament_cmake_export_targets-extras.cmake
[14.776s] -- Up-to-date: /home/ibrahim/tasc_arm/install/arm_2026/share/arm_2026/cmake/ament_cmake_export_dependencies-extras.cmake
[14.776s] -- Up-to-date: /home/ibrahim/tasc_arm/install/arm_2026/share/arm_2026/cmake/arm_2026Config.cmake
[14.776s] -- Up-to-date: /home/ibrahim/tasc_arm/install/arm_2026/share/arm_2026/cmake/arm_2026Config-version.cmake
[14.776s] -- Up-to-date: /home/ibrahim/tasc_arm/install/arm_2026/share/arm_2026/package.xml
[14.780s] Invoked command in '/home/ibrahim/tasc_arm/build/arm_2026' returned '0': CMAKE_PREFIX_PATH=${CMAKE_PREFIX_PATH}:/home/ibrahim/tasc_arm/install/arm_bringup:/opt/ros/humble /usr/bin/cmake --install /home/ibrahim/tasc_arm/build/arm_2026
