[0.263s] DEBUG:colcon:Command line arguments: ['/usr/bin/colcon', 'build']
[0.263s] DEBUG:colcon:Parsed command line arguments: Namespace(log_base=None, log_level=None, verb_name='build', build_base='build', install_base='install', merge_install=False, symlink_install=False, test_result_base=None, continue_on_error=False, executor='parallel', parallel_workers=4, event_handlers=None, ignore_user_meta=False, metas=['./colcon.meta'], base_paths=['.'], packages_ignore=None, packages_ignore_regex=None, paths=None, packages_up_to=None, packages_up_to_regex=None, packages_above=None, packages_above_and_dependencies=None, packages_above_depth=None, packages_select_by_dep=None, packages_skip_by_dep=None, packages_skip_up_to=None, packages_select_build_failed=False, packages_skip_build_finished=False, packages_select_test_failures=False, packages_skip_test_passed=False, packages_select=None, packages_skip=None, packages_select_regex=None, packages_skip_regex=None, packages_start=None, packages_end=None, allow_overriding=[], cmake_args=None, cmake_target=None, cmake_target_skip_unavailable=False, cmake_clean_cache=False, cmake_clean_first=False, cmake_force_configure=False, ament_cmake_args=None, catkin_cmake_args=None, catkin_skip_building_tests=False, mixin_files=None, mixin=None, verb_parser=<colcon_mixin.mixin.mixin_argument.MixinArgumentDecorator object at 0x77e945ace6e0>, verb_extension=<colcon_core.verb.build.BuildVerb object at 0x77e945beb5e0>, main=<bound method BuildVerb.main of <colcon_core.verb.build.BuildVerb object at 0x77e945beb5e0>>, mixin_verb=('build',))
[0.556s] Level 1:colcon.colcon_core.package_discovery:discover_packages(colcon_meta) check parameters
[0.556s] Level 1:colcon.colcon_core.package_discovery:discover_packages(recursive) check parameters
[0.556s] Level 1:colcon.colcon_core.package_discovery:discover_packages(ignore) check parameters
[0.557s] Level 1:colcon.colcon_core.package_discovery:discover_packages(path) check parameters
[0.557s] Level 1:colcon.colcon_core.package_discovery:discover_packages(colcon_meta) discover
[0.557s] Level 1:colcon.colcon_core.package_discovery:discover_packages(recursive) discover
[0.557s] INFO:colcon.colcon_core.package_discovery:Crawling recursively for packages in '/home/ibrahim/tasc_arm'
[0.557s] Level 1:colcon.colcon_core.package_identification:_identify(.) by extensions ['ignore', 'ignore_ament_install']
[0.557s] Level 1:colcon.colcon_core.package_identification:_identify(.) by extension 'ignore'
[0.557s] Level 1:colcon.colcon_core.package_identification:_identify(.) by extension 'ignore_ament_install'
[0.557s] Level 1:colcon.colcon_core.package_identification:_identify(.) by extensions ['colcon_pkg']
[0.557s] Level 1:colcon.colcon_core.package_identification:_identify(.) by extension 'colcon_pkg'
[0.557s] Level 1:colcon.colcon_core.package_identification:_identify(.) by extensions ['colcon_meta']
[0.557s] Level 1:colcon.colcon_core.package_identification:_identify(.) by extension 'colcon_meta'
[0.558s] Level 1:colcon.colcon_core.package_identification:_identify(.) by extensions ['ros']
[0.558s] Level 1:colcon.colcon_core.package_identification:_identify(.) by extension 'ros'
[0.578s] Level 1:colcon.colcon_core.package_identification:_identify(.) by extensions ['cmake', 'python']
[0.578s] Level 1:colcon.colcon_core.package_identification:_identify(.) by extension 'cmake'
[0.578s] Level 1:colcon.colcon_core.package_identification:_identify(.) by extension 'python'
[0.578s] Level 1:colcon.colcon_core.package_identification:_identify(.) by extensions ['python_setup_py']
[0.578s] Level 1:colcon.colcon_core.package_identification:_identify(.) by extension 'python_setup_py'
[0.578s] Level 1:colcon.colcon_core.package_identification:_identify(build) by extensions ['ignore', 'ignore_ament_install']
[0.578s] Level 1:colcon.colcon_core.package_identification:_identify(build) by extension 'ignore'
[0.579s] Level 1:colcon.colcon_core.package_identification:_identify(build) ignored
[0.579s] Level 1:colcon.colcon_core.package_identification:_identify(install) by extensions ['ignore', 'ignore_ament_install']
[0.579s] Level 1:colcon.colcon_core.package_identification:_identify(install) by extension 'ignore'
[0.580s] Level 1:colcon.colcon_core.package_identification:_identify(install) ignored
[0.580s] Level 1:colcon.colcon_core.package_identification:_identify(log) by extensions ['ignore', 'ignore_ament_install']
[0.580s] Level 1:colcon.colcon_core.package_identification:_identify(log) by extension 'ignore'
[0.580s] Level 1:colcon.colcon_core.package_identification:_identify(log) ignored
[0.580s] Level 1:colcon.colcon_core.package_identification:_identify(src) by extensions ['ignore', 'ignore_ament_install']
[0.580s] Level 1:colcon.colcon_core.package_identification:_identify(src) by extension 'ignore'
[0.581s] Level 1:colcon.colcon_core.package_identification:_identify(src) by extension 'ignore_ament_install'
[0.581s] Level 1:colcon.colcon_core.package_identification:_identify(src) by extensions ['colcon_pkg']
[0.581s] Level 1:colcon.colcon_core.package_identification:_identify(src) by extension 'colcon_pkg'
[0.581s] Level 1:colcon.colcon_core.package_identification:_identify(src) by extensions ['colcon_meta']
[0.581s] Level 1:colcon.colcon_core.package_identification:_identify(src) by extension 'colcon_meta'
[0.581s] Level 1:colcon.colcon_core.package_identification:_identify(src) by extensions ['ros']
[0.581s] Level 1:colcon.colcon_core.package_identification:_identify(src) by extension 'ros'
[0.581s] Level 1:colcon.colcon_core.package_identification:_identify(src) by extensions ['cmake', 'python']
[0.581s] Level 1:colcon.colcon_core.package_identification:_identify(src) by extension 'cmake'
[0.581s] Level 1:colcon.colcon_core.package_identification:_identify(src) by extension 'python'
[0.582s] Level 1:colcon.colcon_core.package_identification:_identify(src) by extensions ['python_setup_py']
[0.582s] Level 1:colcon.colcon_core.package_identification:_identify(src) by extension 'python_setup_py'
[0.582s] Level 1:colcon.colcon_core.package_identification:_identify(src/arm_2026) by extensions ['ignore', 'ignore_ament_install']
[0.582s] Level 1:colcon.colcon_core.package_identification:_identify(src/arm_2026) by extension 'ignore'
[0.582s] Level 1:colcon.colcon_core.package_identification:_identify(src/arm_2026) by extension 'ignore_ament_install'
[0.582s] Level 1:colcon.colcon_core.package_identification:_identify(src/arm_2026) by extensions ['colcon_pkg']
[0.582s] Level 1:colcon.colcon_core.package_identification:_identify(src/arm_2026) by extension 'colcon_pkg'
[0.582s] Level 1:colcon.colcon_core.package_identification:_identify(src/arm_2026) by extensions ['colcon_meta']
[0.582s] Level 1:colcon.colcon_core.package_identification:_identify(src/arm_2026) by extension 'colcon_meta'
[0.582s] Level 1:colcon.colcon_core.package_identification:_identify(src/arm_2026) by extensions ['ros']
[0.582s] Level 1:colcon.colcon_core.package_identification:_identify(src/arm_2026) by extension 'ros'
[0.588s] DEBUG:colcon.colcon_core.package_identification:Package 'src/arm_2026' with type 'ros.ament_cmake' and name 'arm_2026'
[0.588s] Level 1:colcon.colcon_core.package_identification:_identify(src/arm_bringup) by extensions ['ignore', 'ignore_ament_install']
[0.588s] Level 1:colcon.colcon_core.package_identification:_identify(src/arm_bringup) by extension 'ignore'
[0.588s] Level 1:colcon.colcon_core.package_identification:_identify(src/arm_bringup) by extension 'ignore_ament_install'
[0.588s] Level 1:colcon.colcon_core.package_identification:_identify(src/arm_bringup) by extensions ['colcon_pkg']
[0.588s] Level 1:colcon.colcon_core.package_identification:_identify(src/arm_bringup) by extension 'colcon_pkg'
[0.589s] Level 1:colcon.colcon_core.package_identification:_identify(src/arm_bringup) by extensions ['colcon_meta']
[0.589s] Level 1:colcon.colcon_core.package_identification:_identify(src/arm_bringup) by extension 'colcon_meta'
[0.589s] Level 1:colcon.colcon_core.package_identification:_identify(src/arm_bringup) by extensions ['ros']
[0.589s] Level 1:colcon.colcon_core.package_identification:_identify(src/arm_bringup) by extension 'ros'
[0.589s] DEBUG:colcon.colcon_core.package_identification:Package 'src/arm_bringup' with type 'ros.ament_python' and name 'arm_bringup'
[0.590s] Level 1:colcon.colcon_core.package_identification:_identify(src/arm_control) by extensions ['ignore', 'ignore_ament_install']
[0.590s] Level 1:colcon.colcon_core.package_identification:_identify(src/arm_control) by extension 'ignore'
[0.590s] Level 1:colcon.colcon_core.package_identification:_identify(src/arm_control) by extension 'ignore_ament_install'
[0.590s] Level 1:colcon.colcon_core.package_identification:_identify(src/arm_control) by extensions ['colcon_pkg']
[0.590s] Level 1:colcon.colcon_core.package_identification:_identify(src/arm_control) by extension 'colcon_pkg'
[0.590s] Level 1:colcon.colcon_core.package_identification:_identify(src/arm_control) by extensions ['colcon_meta']
[0.590s] Level 1:colcon.colcon_core.package_identification:_identify(src/arm_control) by extension 'colcon_meta'
[0.590s] Level 1:colcon.colcon_core.package_identification:_identify(src/arm_control) by extensions ['ros']
[0.590s] Level 1:colcon.colcon_core.package_identification:_identify(src/arm_control) by extension 'ros'
[0.592s] DEBUG:colcon.colcon_core.package_identification:Package 'src/arm_control' with type 'ros.ament_cmake' and name 'arm_control'
[0.593s] Level 1:colcon.colcon_core.package_identification:_identify(src/arm_description) by extensions ['ignore', 'ignore_ament_install']
[0.593s] Level 1:colcon.colcon_core.package_identification:_identify(src/arm_description) by extension 'ignore'
[0.593s] Level 1:colcon.colcon_core.package_identification:_identify(src/arm_description) by extension 'ignore_ament_install'
[0.593s] Level 1:colcon.colcon_core.package_identification:_identify(src/arm_description) by extensions ['colcon_pkg']
[0.593s] Level 1:colcon.colcon_core.package_identification:_identify(src/arm_description) by extension 'colcon_pkg'
[0.593s] Level 1:colcon.colcon_core.package_identification:_identify(src/arm_description) by extensions ['colcon_meta']
[0.593s] Level 1:colcon.colcon_core.package_identification:_identify(src/arm_description) by extension 'colcon_meta'
[0.593s] Level 1:colcon.colcon_core.package_identification:_identify(src/arm_description) by extensions ['ros']
[0.593s] Level 1:colcon.colcon_core.package_identification:_identify(src/arm_description) by extension 'ros'
[0.594s] DEBUG:colcon.colcon_core.package_identification:Package 'src/arm_description' with type 'ros.ament_cmake' and name 'arm_description'
[0.594s] Level 1:colcon.colcon_core.package_identification:_identify(src/phidgets_hardware) by extensions ['ignore', 'ignore_ament_install']
[0.594s] Level 1:colcon.colcon_core.package_identification:_identify(src/phidgets_hardware) by extension 'ignore'
[0.594s] Level 1:colcon.colcon_core.package_identification:_identify(src/phidgets_hardware) by extension 'ignore_ament_install'
[0.594s] Level 1:colcon.colcon_core.package_identification:_identify(src/phidgets_hardware) by extensions ['colcon_pkg']
[0.594s] Level 1:colcon.colcon_core.package_identification:_identify(src/phidgets_hardware) by extension 'colcon_pkg'
[0.594s] Level 1:colcon.colcon_core.package_identification:_identify(src/phidgets_hardware) by extensions ['colcon_meta']
[0.594s] Level 1:colcon.colcon_core.package_identification:_identify(src/phidgets_hardware) by extension 'colcon_meta'
[0.594s] Level 1:colcon.colcon_core.package_identification:_identify(src/phidgets_hardware) by extensions ['ros']
[0.594s] Level 1:colcon.colcon_core.package_identification:_identify(src/phidgets_hardware) by extension 'ros'
[0.600s] DEBUG:colcon.colcon_core.package_identification:Package 'src/phidgets_hardware' with type 'ros.ament_cmake' and name 'phidgets_hardware'
[0.600s] Level 1:colcon.colcon_core.package_discovery:discover_packages(recursive) using defaults
[0.600s] Level 1:colcon.colcon_core.package_discovery:discover_packages(ignore) discover
[0.600s] Level 1:colcon.colcon_core.package_discovery:discover_packages(ignore) using defaults
[0.600s] Level 1:colcon.colcon_core.package_discovery:discover_packages(path) discover
[0.600s] Level 1:colcon.colcon_core.package_discovery:discover_packages(path) using defaults
[0.665s] Level 1:colcon.colcon_core.package_discovery:discover_packages(prefix_path) check parameters
[0.665s] Level 1:colcon.colcon_core.package_discovery:discover_packages(prefix_path) discover
[0.670s] DEBUG:colcon.colcon_installed_package_information.package_discovery:Found 5 installed packages in /home/ibrahim/tasc_arm/install
[0.672s] DEBUG:colcon.colcon_installed_package_information.package_discovery:Found 433 installed packages in /opt/ros/humble
[0.675s] Level 1:colcon.colcon_core.package_discovery:discover_packages(prefix_path) using defaults
[0.777s] Level 5:colcon.colcon_core.verb:set package 'arm_2026' build argument 'cmake_args' from command line to 'None'
[0.777s] Level 5:colcon.colcon_core.verb:set package 'arm_2026' build argument 'cmake_target' from command line to 'None'
[0.777s] Level 5:colcon.colcon_core.verb:set package 'arm_2026' build argument 'cmake_target_skip_unavailable' from command line to 'False'
[0.777s] Level 5:colcon.colcon_core.verb:set package 'arm_2026' build argument 'cmake_clean_cache' from command line to 'False'
[0.777s] Level 5:colcon.colcon_core.verb:set package 'arm_2026' build argument 'cmake_clean_first' from command line to 'False'
[0.777s] Level 5:colcon.colcon_core.verb:set package 'arm_2026' build argument 'cmake_force_configure' from command line to 'False'
[0.777s] Level 5:colcon.colcon_core.verb:set package 'arm_2026' build argument 'ament_cmake_args' from command line to 'None'
[0.778s] Level 5:colcon.colcon_core.verb:set package 'arm_2026' build argument 'catkin_cmake_args' from command line to 'None'
[0.778s] Level 5:colcon.colcon_core.verb:set package 'arm_2026' build argument 'catkin_skip_building_tests' from command line to 'False'
[0.778s] DEBUG:colcon.colcon_core.verb:Building package 'arm_2026' with the following arguments: {'ament_cmake_args': None, 'build_base': '/home/ibrahim/tasc_arm/build/arm_2026', 'catkin_cmake_args': None, 'catkin_skip_building_tests': False, 'cmake_args': None, 'cmake_clean_cache': False, 'cmake_clean_first': False, 'cmake_force_configure': False, 'cmake_target': None, 'cmake_target_skip_unavailable': False, 'install_base': '/home/ibrahim/tasc_arm/install/arm_2026', 'merge_install': False, 'path': '/home/ibrahim/tasc_arm/src/arm_2026', 'symlink_install': False, 'test_result_base': None}
[0.778s] Level 5:colcon.colcon_core.verb:set package 'arm_bringup' build argument 'cmake_args' from command line to 'None'
[0.778s] Level 5:colcon.colcon_core.verb:set package 'arm_bringup' build argument 'cmake_target' from command line to 'None'
[0.778s] Level 5:colcon.colcon_core.verb:set package 'arm_bringup' build argument 'cmake_target_skip_unavailable' from command line to 'False'
[0.779s] Level 5:colcon.colcon_core.verb:set package 'arm_bringup' build argument 'cmake_clean_cache' from command line to 'False'
[0.779s] Level 5:colcon.colcon_core.verb:set package 'arm_bringup' build argument 'cmake_clean_first' from command line to 'False'
[0.779s] Level 5:colcon.colcon_core.verb:set package 'arm_bringup' build argument 'cmake_force_configure' from command line to 'False'
[0.779s] Level 5:colcon.colcon_core.verb:set package 'arm_bringup' build argument 'ament_cmake_args' from command line to 'None'
[0.779s] Level 5:colcon.colcon_core.verb:set package 'arm_bringup' build argument 'catkin_cmake_args' from command line to 'None'
[0.779s] Level 5:colcon.colcon_core.verb:set package 'arm_bringup' build argument 'catkin_skip_building_tests' from command line to 'False'
[0.779s] DEBUG:colcon.colcon_core.verb:Building package 'arm_bringup' with the following arguments: {'ament_cmake_args': None, 'build_base': '/home/ibrahim/tasc_arm/build/arm_bringup', 'catkin_cmake_args': None, 'catkin_skip_building_tests': False, 'cmake_args': None, 'cmake_clean_cache': False, 'cmake_clean_first': False, 'cmake_force_configure': False, 'cmake_target': None, 'cmake_target_skip_unavailable': False, 'install_base': '/home/ibrahim/tasc_arm/install/arm_bringup', 'merge_install': False, 'path': '/home/ibrahim/tasc_arm/src/arm_bringup', 'symlink_install': False, 'test_result_base': None}
[0.780s] Level 5:colcon.colcon_core.verb:set package 'arm_control' build argument 'cmake_args' from command line to 'None'
[0.781s] Level 5:colcon.colcon_core.verb:set package 'arm_control' build argument 'cmake_target' from command line to 'None'
[0.781s] Level 5:colcon.colcon_core.verb:set package 'arm_control' build argument 'cmake_target_skip_unavailable' from command line to 'False'
[0.781s] Level 5:colcon.colcon_core.verb:set package 'arm_control' build argument 'cmake_clean_cache' from command line to 'False'
[0.781s] Level 5:colcon.colcon_core.verb:set package 'arm_control' build argument 'cmake_clean_first' from command line to 'False'
[0.781s] Level 5:colcon.colcon_core.verb:set package 'arm_control' build argument 'cmake_force_configure' from command line to 'False'
[0.781s] Level 5:colcon.colcon_core.verb:set package 'arm_control' build argument 'ament_cmake_args' from command line to 'None'
[0.781s] Level 5:colcon.colcon_core.verb:set package 'arm_control' build argument 'catkin_cmake_args' from command line to 'None'
[0.781s] Level 5:colcon.colcon_core.verb:set package 'arm_control' build argument 'catkin_skip_building_tests' from command line to 'False'
[0.781s] DEBUG:colcon.colcon_core.verb:Building package 'arm_control' with the following arguments: {'ament_cmake_args': None, 'build_base': '/home/ibrahim/tasc_arm/build/arm_control', 'catkin_cmake_args': None, 'catkin_skip_building_tests': False, 'cmake_args': None, 'cmake_clean_cache': False, 'cmake_clean_first': False, 'cmake_force_configure': False, 'cmake_target': None, 'cmake_target_skip_unavailable': False, 'install_base': '/home/ibrahim/tasc_arm/install/arm_control', 'merge_install': False, 'path': '/home/ibrahim/tasc_arm/src/arm_control', 'symlink_install': False, 'test_result_base': None}
[0.781s] Level 5:colcon.colcon_core.verb:set package 'arm_description' build argument 'cmake_args' from command line to 'None'
[0.781s] Level 5:colcon.colcon_core.verb:set package 'arm_description' build argument 'cmake_target' from command line to 'None'
[0.782s] Level 5:colcon.colcon_core.verb:set package 'arm_description' build argument 'cmake_target_skip_unavailable' from command line to 'False'
[0.782s] Level 5:colcon.colcon_core.verb:set package 'arm_description' build argument 'cmake_clean_cache' from command line to 'False'
[0.782s] Level 5:colcon.colcon_core.verb:set package 'arm_description' build argument 'cmake_clean_first' from command line to 'False'
[0.782s] Level 5:colcon.colcon_core.verb:set package 'arm_description' build argument 'cmake_force_configure' from command line to 'False'
[0.782s] Level 5:colcon.colcon_core.verb:set package 'arm_description' build argument 'ament_cmake_args' from command line to 'None'
[0.782s] Level 5:colcon.colcon_core.verb:set package 'arm_description' build argument 'catkin_cmake_args' from command line to 'None'
[0.782s] Level 5:colcon.colcon_core.verb:set package 'arm_description' build argument 'catkin_skip_building_tests' from command line to 'False'
[0.782s] DEBUG:colcon.colcon_core.verb:Building package 'arm_description' with the following arguments: {'ament_cmake_args': None, 'build_base': '/home/ibrahim/tasc_arm/build/arm_description', 'catkin_cmake_args': None, 'catkin_skip_building_tests': False, 'cmake_args': None, 'cmake_clean_cache': False, 'cmake_clean_first': False, 'cmake_force_configure': False, 'cmake_target': None, 'cmake_target_skip_unavailable': False, 'install_base': '/home/ibrahim/tasc_arm/install/arm_description', 'merge_install': False, 'path': '/home/ibrahim/tasc_arm/src/arm_description', 'symlink_install': False, 'test_result_base': None}
[0.782s] Level 5:colcon.colcon_core.verb:set package 'phidgets_hardware' build argument 'cmake_args' from command line to 'None'
[0.782s] Level 5:colcon.colcon_core.verb:set package 'phidgets_hardware' build argument 'cmake_target' from command line to 'None'
[0.782s] Level 5:colcon.colcon_core.verb:set package 'phidgets_hardware' build argument 'cmake_target_skip_unavailable' from command line to 'False'
[0.783s] Level 5:colcon.colcon_core.verb:set package 'phidgets_hardware' build argument 'cmake_clean_cache' from command line to 'False'
[0.783s] Level 5:colcon.colcon_core.verb:set package 'phidgets_hardware' build argument 'cmake_clean_first' from command line to 'False'
[0.783s] Level 5:colcon.colcon_core.verb:set package 'phidgets_hardware' build argument 'cmake_force_configure' from command line to 'False'
[0.783s] Level 5:colcon.colcon_core.verb:set package 'phidgets_hardware' build argument 'ament_cmake_args' from command line to 'None'
[0.783s] Level 5:colcon.colcon_core.verb:set package 'phidgets_hardware' build argument 'catkin_cmake_args' from command line to 'None'
[0.783s] Level 5:colcon.colcon_core.verb:set package 'phidgets_hardware' build argument 'catkin_skip_building_tests' from command line to 'False'
[0.783s] DEBUG:colcon.colcon_core.verb:Building package 'phidgets_hardware' with the following arguments: {'ament_cmake_args': None, 'build_base': '/home/ibrahim/tasc_arm/build/phidgets_hardware', 'catkin_cmake_args': None, 'catkin_skip_building_tests': False, 'cmake_args': None, 'cmake_clean_cache': False, 'cmake_clean_first': False, 'cmake_force_configure': False, 'cmake_target': None, 'cmake_target_skip_unavailable': False, 'install_base': '/home/ibrahim/tasc_arm/install/phidgets_hardware', 'merge_install': False, 'path': '/home/ibrahim/tasc_arm/src/phidgets_hardware', 'symlink_install': False, 'test_result_base': None}
[0.783s] INFO:colcon.colcon_core.executor:Executing jobs using 'parallel' executor
[0.785s] DEBUG:colcon.colcon_parallel_executor.executor.parallel:run_until_complete
[0.786s] INFO:colcon.colcon_ros.task.ament_cmake.build:Building ROS package in '/home/ibrahim/tasc_arm/src/arm_2026' with build type 'ament_cmake'
[0.786s] INFO:colcon.colcon_cmake.task.cmake.build:Building CMake package in '/home/ibrahim/tasc_arm/src/arm_2026'
[0.791s] INFO:colcon.colcon_core.plugin_system:Skipping extension 'colcon_core.shell.bat': Not used on non-Windows systems
[0.792s] INFO:colcon.colcon_core.shell:Skip shell extension 'powershell' for command environment: Not usable outside of PowerShell
[0.792s] DEBUG:colcon.colcon_core.shell:Skip shell extension 'dsv' for command environment
[0.802s] INFO:colcon.colcon_ros.task.ament_python.build:Building ROS package in '/home/ibrahim/tasc_arm/src/arm_bringup' with build type 'ament_python'
[0.803s] Level 1:colcon.colcon_core.shell:create_environment_hook('arm_bringup', 'ament_prefix_path')
[0.803s] INFO:colcon.colcon_core.shell:Creating environment hook '/home/ibrahim/tasc_arm/install/arm_bringup/share/arm_bringup/hook/ament_prefix_path.ps1'
[0.806s] INFO:colcon.colcon_core.shell:Creating environment descriptor '/home/ibrahim/tasc_arm/install/arm_bringup/share/arm_bringup/hook/ament_prefix_path.dsv'
[0.808s] INFO:colcon.colcon_core.shell:Creating environment hook '/home/ibrahim/tasc_arm/install/arm_bringup/share/arm_bringup/hook/ament_prefix_path.sh'
[0.814s] INFO:colcon.colcon_core.shell:Skip shell extension 'powershell' for command environment: Not usable outside of PowerShell
[0.814s] DEBUG:colcon.colcon_core.shell:Skip shell extension 'dsv' for command environment
[0.821s] INFO:colcon.colcon_ros.task.ament_cmake.build:Building ROS package in '/home/ibrahim/tasc_arm/src/arm_control' with build type 'ament_cmake'
[0.822s] INFO:colcon.colcon_cmake.task.cmake.build:Building CMake package in '/home/ibrahim/tasc_arm/src/arm_control'
[0.822s] INFO:colcon.colcon_core.shell:Skip shell extension 'powershell' for command environment: Not usable outside of PowerShell
[0.823s] DEBUG:colcon.colcon_core.shell:Skip shell extension 'dsv' for command environment
[0.831s] INFO:colcon.colcon_ros.task.ament_cmake.build:Building ROS package in '/home/ibrahim/tasc_arm/src/arm_description' with build type 'ament_cmake'
[0.832s] INFO:colcon.colcon_cmake.task.cmake.build:Building CMake package in '/home/ibrahim/tasc_arm/src/arm_description'
[0.832s] INFO:colcon.colcon_core.shell:Skip shell extension 'powershell' for command environment: Not usable outside of PowerShell
[0.832s] DEBUG:colcon.colcon_core.shell:Skip shell extension 'dsv' for command environment
[0.861s] DEBUG:colcon.colcon_core.event_handler.log_command:Invoking command in '/home/ibrahim/tasc_arm/build/arm_2026': CMAKE_PREFIX_PATH=${CMAKE_PREFIX_PATH}:/home/ibrahim/tasc_arm/install/arm_bringup:/opt/ros/humble /usr/bin/cmake --build /home/ibrahim/tasc_arm/build/arm_2026 -- -j4 -l4
[1.387s] INFO:colcon.colcon_core.task.python.build:Building Python package in '/home/ibrahim/tasc_arm/src/arm_bringup'
[1.388s] INFO:colcon.colcon_core.shell:Skip shell extension 'powershell' for command environment: Not usable outside of PowerShell
[1.388s] DEBUG:colcon.colcon_core.shell:Skip shell extension 'dsv' for command environment
[1.416s] DEBUG:colcon.colcon_core.event_handler.log_command:Invoking command in '/home/ibrahim/tasc_arm/build/arm_control': CMAKE_PREFIX_PATH=${CMAKE_PREFIX_PATH}:/home/ibrahim/tasc_arm/install/arm_bringup:/opt/ros/humble /usr/bin/cmake --build /home/ibrahim/tasc_arm/build/arm_control -- -j4 -l4
[1.437s] DEBUG:colcon.colcon_core.event_handler.log_command:Invoking command in '/home/ibrahim/tasc_arm/build/arm_description': CMAKE_PREFIX_PATH=${CMAKE_PREFIX_PATH}:/home/ibrahim/tasc_arm/install/arm_bringup:/opt/ros/humble /usr/bin/cmake --build /home/ibrahim/tasc_arm/build/arm_description -- -j4 -l4
[1.451s] DEBUG:colcon.colcon_core.event_handler.log_command:Invoked command in '/home/ibrahim/tasc_arm/build/arm_2026' returned '0': CMAKE_PREFIX_PATH=${CMAKE_PREFIX_PATH}:/home/ibrahim/tasc_arm/install/arm_bringup:/opt/ros/humble /usr/bin/cmake --build /home/ibrahim/tasc_arm/build/arm_2026 -- -j4 -l4
[1.483s] DEBUG:colcon.colcon_core.event_handler.log_command:Invoking command in '/home/ibrahim/tasc_arm/build/arm_2026': CMAKE_PREFIX_PATH=${CMAKE_PREFIX_PATH}:/home/ibrahim/tasc_arm/install/arm_bringup:/opt/ros/humble /usr/bin/cmake --install /home/ibrahim/tasc_arm/build/arm_2026
[1.527s] Level 1:colcon.colcon_core.environment:create_environment_scripts_only(arm_2026)
[1.534s] DEBUG:colcon.colcon_core.event_handler.log_command:Invoked command in '/home/ibrahim/tasc_arm/build/arm_2026' returned '0': CMAKE_PREFIX_PATH=${CMAKE_PREFIX_PATH}:/home/ibrahim/tasc_arm/install/arm_bringup:/opt/ros/humble /usr/bin/cmake --install /home/ibrahim/tasc_arm/build/arm_2026
[1.537s] Level 1:colcon.colcon_core.environment:checking '/home/ibrahim/tasc_arm/install/arm_2026' for CMake module files
[1.539s] Level 1:colcon.colcon_core.environment:checking '/home/ibrahim/tasc_arm/install/arm_2026' for CMake config files
[1.541s] Level 1:colcon.colcon_core.shell:create_environment_hook('arm_2026', 'cmake_prefix_path')
[1.542s] INFO:colcon.colcon_core.shell:Creating environment hook '/home/ibrahim/tasc_arm/install/arm_2026/share/arm_2026/hook/cmake_prefix_path.ps1'
[1.543s] INFO:colcon.colcon_core.shell:Creating environment descriptor '/home/ibrahim/tasc_arm/install/arm_2026/share/arm_2026/hook/cmake_prefix_path.dsv'
[1.545s] INFO:colcon.colcon_core.shell:Creating environment hook '/home/ibrahim/tasc_arm/install/arm_2026/share/arm_2026/hook/cmake_prefix_path.sh'
[1.548s] Level 1:colcon.colcon_core.environment:checking '/home/ibrahim/tasc_arm/install/arm_2026/lib'
[1.549s] Level 1:colcon.colcon_core.shell:create_environment_hook('arm_2026', 'ld_library_path_lib')
[1.549s] INFO:colcon.colcon_core.shell:Creating environment hook '/home/ibrahim/tasc_arm/install/arm_2026/share/arm_2026/hook/ld_library_path_lib.ps1'
[1.551s] INFO:colcon.colcon_core.shell:Creating environment descriptor '/home/ibrahim/tasc_arm/install/arm_2026/share/arm_2026/hook/ld_library_path_lib.dsv'
[1.552s] INFO:colcon.colcon_core.shell:Creating environment hook '/home/ibrahim/tasc_arm/install/arm_2026/share/arm_2026/hook/ld_library_path_lib.sh'
[1.553s] Level 1:colcon.colcon_core.environment:checking '/home/ibrahim/tasc_arm/install/arm_2026/bin'
[1.554s] Level 1:colcon.colcon_core.environment:checking '/home/ibrahim/tasc_arm/install/arm_2026/lib/pkgconfig/arm_2026.pc'
[1.554s] Level 1:colcon.colcon_core.environment:checking '/home/ibrahim/tasc_arm/install/arm_2026/lib/python3.10/site-packages'
[1.555s] Level 1:colcon.colcon_core.environment:checking '/home/ibrahim/tasc_arm/install/arm_2026/bin'
[1.556s] INFO:colcon.colcon_core.shell:Creating package script '/home/ibrahim/tasc_arm/install/arm_2026/share/arm_2026/package.ps1'
[1.559s] INFO:colcon.colcon_core.shell:Creating package descriptor '/home/ibrahim/tasc_arm/install/arm_2026/share/arm_2026/package.dsv'
[1.562s] INFO:colcon.colcon_core.shell:Creating package script '/home/ibrahim/tasc_arm/install/arm_2026/share/arm_2026/package.sh'
[1.565s] INFO:colcon.colcon_core.shell:Creating package script '/home/ibrahim/tasc_arm/install/arm_2026/share/arm_2026/package.bash'
[1.567s] INFO:colcon.colcon_core.shell:Creating package script '/home/ibrahim/tasc_arm/install/arm_2026/share/arm_2026/package.zsh'
[1.568s] Level 1:colcon.colcon_core.environment:create_file_with_runtime_dependencies(/home/ibrahim/tasc_arm/install/arm_2026/share/colcon-core/packages/arm_2026)
[1.570s] Level 1:colcon.colcon_core.environment:create_environment_scripts_only(arm_2026)
[1.570s] Level 1:colcon.colcon_core.environment:checking '/home/ibrahim/tasc_arm/install/arm_2026' for CMake module files
[1.571s] Level 1:colcon.colcon_core.environment:checking '/home/ibrahim/tasc_arm/install/arm_2026' for CMake config files
[1.571s] Level 1:colcon.colcon_core.shell:create_environment_hook('arm_2026', 'cmake_prefix_path')
[1.572s] INFO:colcon.colcon_core.shell:Creating environment hook '/home/ibrahim/tasc_arm/install/arm_2026/share/arm_2026/hook/cmake_prefix_path.ps1'
[1.573s] INFO:colcon.colcon_core.shell:Creating environment descriptor '/home/ibrahim/tasc_arm/install/arm_2026/share/arm_2026/hook/cmake_prefix_path.dsv'
[1.573s] INFO:colcon.colcon_core.shell:Creating environment hook '/home/ibrahim/tasc_arm/install/arm_2026/share/arm_2026/hook/cmake_prefix_path.sh'
[1.575s] Level 1:colcon.colcon_core.environment:checking '/home/ibrahim/tasc_arm/install/arm_2026/lib'
[1.575s] Level 1:colcon.colcon_core.shell:create_environment_hook('arm_2026', 'ld_library_path_lib')
[1.575s] INFO:colcon.colcon_core.shell:Creating environment hook '/home/ibrahim/tasc_arm/install/arm_2026/share/arm_2026/hook/ld_library_path_lib.ps1'
[1.576s] INFO:colcon.colcon_core.shell:Creating environment descriptor '/home/ibrahim/tasc_arm/install/arm_2026/share/arm_2026/hook/ld_library_path_lib.dsv'
[1.577s] INFO:colcon.colcon_core.shell:Creating environment hook '/home/ibrahim/tasc_arm/install/arm_2026/share/arm_2026/hook/ld_library_path_lib.sh'
[1.578s] Level 1:colcon.colcon_core.environment:checking '/home/ibrahim/tasc_arm/install/arm_2026/bin'
[1.579s] Level 1:colcon.colcon_core.environment:checking '/home/ibrahim/tasc_arm/install/arm_2026/lib/pkgconfig/arm_2026.pc'
[1.579s] Level 1:colcon.colcon_core.environment:checking '/home/ibrahim/tasc_arm/install/arm_2026/lib/python3.10/site-packages'
[1.580s] Level 1:colcon.colcon_core.environment:checking '/home/ibrahim/tasc_arm/install/arm_2026/bin'
[1.581s] INFO:colcon.colcon_core.shell:Creating package script '/home/ibrahim/tasc_arm/install/arm_2026/share/arm_2026/package.ps1'
[1.582s] INFO:colcon.colcon_core.shell:Creating package descriptor '/home/ibrahim/tasc_arm/install/arm_2026/share/arm_2026/package.dsv'
[1.584s] INFO:colcon.colcon_core.shell:Creating package script '/home/ibrahim/tasc_arm/install/arm_2026/share/arm_2026/package.sh'
[1.586s] INFO:colcon.colcon_core.shell:Creating package script '/home/ibrahim/tasc_arm/install/arm_2026/share/arm_2026/package.bash'
[1.587s] INFO:colcon.colcon_core.shell:Creating package script '/home/ibrahim/tasc_arm/install/arm_2026/share/arm_2026/package.zsh'
[1.588s] Level 1:colcon.colcon_core.environment:create_file_with_runtime_dependencies(/home/ibrahim/tasc_arm/install/arm_2026/share/colcon-core/packages/arm_2026)
[1.590s] INFO:colcon.colcon_ros.task.ament_cmake.build:Building ROS package in '/home/ibrahim/tasc_arm/src/phidgets_hardware' with build type 'ament_cmake'
[1.590s] INFO:colcon.colcon_cmake.task.cmake.build:Building CMake package in '/home/ibrahim/tasc_arm/src/phidgets_hardware'
[1.591s] INFO:colcon.colcon_core.shell:Skip shell extension 'powershell' for command environment: Not usable outside of PowerShell
[1.591s] DEBUG:colcon.colcon_core.shell:Skip shell extension 'dsv' for command environment
[1.608s] DEBUG:colcon.colcon_core.event_handler.log_command:Invoked command in '/home/ibrahim/tasc_arm/build/arm_description' returned '0': CMAKE_PREFIX_PATH=${CMAKE_PREFIX_PATH}:/home/ibrahim/tasc_arm/install/arm_bringup:/opt/ros/humble /usr/bin/cmake --build /home/ibrahim/tasc_arm/build/arm_description -- -j4 -l4
[1.609s] DEBUG:colcon.colcon_core.event_handler.log_command:Invoking command in '/home/ibrahim/tasc_arm/build/arm_description': CMAKE_PREFIX_PATH=${CMAKE_PREFIX_PATH}:/home/ibrahim/tasc_arm/install/arm_bringup:/opt/ros/humble /usr/bin/cmake --install /home/ibrahim/tasc_arm/build/arm_description
[1.609s] DEBUG:colcon.colcon_core.event_handler.log_command:Invoked command in '/home/ibrahim/tasc_arm/build/arm_control' returned '0': CMAKE_PREFIX_PATH=${CMAKE_PREFIX_PATH}:/home/ibrahim/tasc_arm/install/arm_bringup:/opt/ros/humble /usr/bin/cmake --build /home/ibrahim/tasc_arm/build/arm_control -- -j4 -l4
[1.617s] DEBUG:colcon.colcon_core.event_handler.log_command:Invoking command in '/home/ibrahim/tasc_arm/build/arm_control': CMAKE_PREFIX_PATH=${CMAKE_PREFIX_PATH}:/home/ibrahim/tasc_arm/install/arm_bringup:/opt/ros/humble /usr/bin/cmake --install /home/ibrahim/tasc_arm/build/arm_control
[1.629s] DEBUG:colcon.colcon_core.event_handler.log_command:Invoking command in '/home/ibrahim/tasc_arm/build/phidgets_hardware': CMAKE_PREFIX_PATH=${CMAKE_PREFIX_PATH}:/home/ibrahim/tasc_arm/install/arm_bringup:/opt/ros/humble /usr/bin/cmake --build /home/ibrahim/tasc_arm/build/phidgets_hardware -- -j4 -l4
[1.644s] Level 1:colcon.colcon_core.environment:create_environment_scripts_only(arm_description)
[1.645s] Level 1:colcon.colcon_core.environment:checking '/home/ibrahim/tasc_arm/install/arm_description' for CMake module files
[1.648s] DEBUG:colcon.colcon_core.event_handler.log_command:Invoked command in '/home/ibrahim/tasc_arm/build/arm_description' returned '0': CMAKE_PREFIX_PATH=${CMAKE_PREFIX_PATH}:/home/ibrahim/tasc_arm/install/arm_bringup:/opt/ros/humble /usr/bin/cmake --install /home/ibrahim/tasc_arm/build/arm_description
[1.657s] Level 1:colcon.colcon_core.environment:checking '/home/ibrahim/tasc_arm/install/arm_description' for CMake config files
[1.658s] Level 1:colcon.colcon_core.shell:create_environment_hook('arm_description', 'cmake_prefix_path')
[1.659s] INFO:colcon.colcon_core.shell:Creating environment hook '/home/ibrahim/tasc_arm/install/arm_description/share/arm_description/hook/cmake_prefix_path.ps1'
[1.661s] INFO:colcon.colcon_core.shell:Creating environment descriptor '/home/ibrahim/tasc_arm/install/arm_description/share/arm_description/hook/cmake_prefix_path.dsv'
[1.662s] INFO:colcon.colcon_core.shell:Creating environment hook '/home/ibrahim/tasc_arm/install/arm_description/share/arm_description/hook/cmake_prefix_path.sh'
[1.664s] Level 1:colcon.colcon_core.environment:checking '/home/ibrahim/tasc_arm/install/arm_description/bin'
[1.664s] Level 1:colcon.colcon_core.environment:checking '/home/ibrahim/tasc_arm/install/arm_description/lib/pkgconfig/arm_description.pc'
[1.665s] Level 1:colcon.colcon_core.environment:checking '/home/ibrahim/tasc_arm/install/arm_description/lib/python3.10/site-packages'
[1.665s] Level 1:colcon.colcon_core.environment:checking '/home/ibrahim/tasc_arm/install/arm_description/bin'
[1.666s] INFO:colcon.colcon_core.shell:Creating package script '/home/ibrahim/tasc_arm/install/arm_description/share/arm_description/package.ps1'
[1.670s] INFO:colcon.colcon_core.shell:Creating package descriptor '/home/ibrahim/tasc_arm/install/arm_description/share/arm_description/package.dsv'
[1.672s] INFO:colcon.colcon_core.shell:Creating package script '/home/ibrahim/tasc_arm/install/arm_description/share/arm_description/package.sh'
[1.673s] INFO:colcon.colcon_core.shell:Creating package script '/home/ibrahim/tasc_arm/install/arm_description/share/arm_description/package.bash'
[1.674s] INFO:colcon.colcon_core.shell:Creating package script '/home/ibrahim/tasc_arm/install/arm_description/share/arm_description/package.zsh'
[1.675s] Level 1:colcon.colcon_core.environment:create_file_with_runtime_dependencies(/home/ibrahim/tasc_arm/install/arm_description/share/colcon-core/packages/arm_description)
[1.676s] Level 1:colcon.colcon_core.environment:create_environment_scripts_only(arm_description)
[1.676s] Level 1:colcon.colcon_core.environment:checking '/home/ibrahim/tasc_arm/install/arm_description' for CMake module files
[1.677s] Level 1:colcon.colcon_core.environment:checking '/home/ibrahim/tasc_arm/install/arm_description' for CMake config files
[1.677s] Level 1:colcon.colcon_core.shell:create_environment_hook('arm_description', 'cmake_prefix_path')
[1.678s] INFO:colcon.colcon_core.shell:Creating environment hook '/home/ibrahim/tasc_arm/install/arm_description/share/arm_description/hook/cmake_prefix_path.ps1'
[1.679s] INFO:colcon.colcon_core.shell:Creating environment descriptor '/home/ibrahim/tasc_arm/install/arm_description/share/arm_description/hook/cmake_prefix_path.dsv'
[1.680s] INFO:colcon.colcon_core.shell:Creating environment hook '/home/ibrahim/tasc_arm/install/arm_description/share/arm_description/hook/cmake_prefix_path.sh'
[1.682s] Level 1:colcon.colcon_core.environment:checking '/home/ibrahim/tasc_arm/install/arm_description/bin'
[1.683s] Level 1:colcon.colcon_core.environment:checking '/home/ibrahim/tasc_arm/install/arm_description/lib/pkgconfig/arm_description.pc'
[1.683s] Level 1:colcon.colcon_core.environment:checking '/home/ibrahim/tasc_arm/install/arm_description/lib/python3.10/site-packages'
[1.684s] Level 1:colcon.colcon_core.environment:checking '/home/ibrahim/tasc_arm/install/arm_description/bin'
[1.685s] INFO:colcon.colcon_core.shell:Creating package script '/home/ibrahim/tasc_arm/install/arm_description/share/arm_description/package.ps1'
[1.686s] INFO:colcon.colcon_core.shell:Creating package descriptor '/home/ibrahim/tasc_arm/install/arm_description/share/arm_description/package.dsv'
[1.687s] INFO:colcon.colcon_core.shell:Creating package script '/home/ibrahim/tasc_arm/install/arm_description/share/arm_description/package.sh'
[1.688s] INFO:colcon.colcon_core.shell:Creating package script '/home/ibrahim/tasc_arm/install/arm_description/share/arm_description/package.bash'
[1.689s] INFO:colcon.colcon_core.shell:Creating package script '/home/ibrahim/tasc_arm/install/arm_description/share/arm_description/package.zsh'
[1.690s] Level 1:colcon.colcon_core.environment:create_file_with_runtime_dependencies(/home/ibrahim/tasc_arm/install/arm_description/share/colcon-core/packages/arm_description)
[1.693s] Level 1:colcon.colcon_core.environment:create_environment_scripts_only(arm_control)
[1.694s] Level 1:colcon.colcon_core.environment:checking '/home/ibrahim/tasc_arm/install/arm_control' for CMake module files
[1.695s] DEBUG:colcon.colcon_core.event_handler.log_command:Invoked command in '/home/ibrahim/tasc_arm/build/arm_control' returned '0': CMAKE_PREFIX_PATH=${CMAKE_PREFIX_PATH}:/home/ibrahim/tasc_arm/install/arm_bringup:/opt/ros/humble /usr/bin/cmake --install /home/ibrahim/tasc_arm/build/arm_control
[1.698s] Level 1:colcon.colcon_core.environment:checking '/home/ibrahim/tasc_arm/install/arm_control' for CMake config files
[1.699s] Level 1:colcon.colcon_core.shell:create_environment_hook('arm_control', 'cmake_prefix_path')
[1.700s] INFO:colcon.colcon_core.shell:Creating environment hook '/home/ibrahim/tasc_arm/install/arm_control/share/arm_control/hook/cmake_prefix_path.ps1'
[1.701s] INFO:colcon.colcon_core.shell:Creating environment descriptor '/home/ibrahim/tasc_arm/install/arm_control/share/arm_control/hook/cmake_prefix_path.dsv'
[1.702s] INFO:colcon.colcon_core.shell:Creating environment hook '/home/ibrahim/tasc_arm/install/arm_control/share/arm_control/hook/cmake_prefix_path.sh'
[1.704s] Level 1:colcon.colcon_core.environment:checking '/home/ibrahim/tasc_arm/install/arm_control/lib'
[1.705s] Level 1:colcon.colcon_core.shell:create_environment_hook('arm_control', 'ld_library_path_lib')
[1.705s] INFO:colcon.colcon_core.shell:Creating environment hook '/home/ibrahim/tasc_arm/install/arm_control/share/arm_control/hook/ld_library_path_lib.ps1'
[1.706s] INFO:colcon.colcon_core.shell:Creating environment descriptor '/home/ibrahim/tasc_arm/install/arm_control/share/arm_control/hook/ld_library_path_lib.dsv'
[1.707s] INFO:colcon.colcon_core.shell:Creating environment hook '/home/ibrahim/tasc_arm/install/arm_control/share/arm_control/hook/ld_library_path_lib.sh'
[1.709s] Level 1:colcon.colcon_core.environment:checking '/home/ibrahim/tasc_arm/install/arm_control/bin'
[1.709s] Level 1:colcon.colcon_core.environment:checking '/home/ibrahim/tasc_arm/install/arm_control/lib/pkgconfig/arm_control.pc'
[1.709s] Level 1:colcon.colcon_core.environment:checking '/home/ibrahim/tasc_arm/install/arm_control/lib/python3.10/site-packages'
[1.710s] Level 1:colcon.colcon_core.environment:checking '/home/ibrahim/tasc_arm/install/arm_control/bin'
[1.711s] INFO:colcon.colcon_core.shell:Creating package script '/home/ibrahim/tasc_arm/install/arm_control/share/arm_control/package.ps1'
[1.712s] INFO:colcon.colcon_core.shell:Creating package descriptor '/home/ibrahim/tasc_arm/install/arm_control/share/arm_control/package.dsv'
[1.714s] INFO:colcon.colcon_core.shell:Creating package script '/home/ibrahim/tasc_arm/install/arm_control/share/arm_control/package.sh'
[1.715s] INFO:colcon.colcon_core.shell:Creating package script '/home/ibrahim/tasc_arm/install/arm_control/share/arm_control/package.bash'
[1.716s] INFO:colcon.colcon_core.shell:Creating package script '/home/ibrahim/tasc_arm/install/arm_control/share/arm_control/package.zsh'
[1.717s] Level 1:colcon.colcon_core.environment:create_file_with_runtime_dependencies(/home/ibrahim/tasc_arm/install/arm_control/share/colcon-core/packages/arm_control)
[1.719s] Level 1:colcon.colcon_core.environment:create_environment_scripts_only(arm_control)
[1.720s] Level 1:colcon.colcon_core.environment:checking '/home/ibrahim/tasc_arm/install/arm_control' for CMake module files
[1.721s] Level 1:colcon.colcon_core.environment:checking '/home/ibrahim/tasc_arm/install/arm_control' for CMake config files
[1.722s] Level 1:colcon.colcon_core.shell:create_environment_hook('arm_control', 'cmake_prefix_path')
[1.722s] INFO:colcon.colcon_core.shell:Creating environment hook '/home/ibrahim/tasc_arm/install/arm_control/share/arm_control/hook/cmake_prefix_path.ps1'
[1.725s] INFO:colcon.colcon_core.shell:Creating environment descriptor '/home/ibrahim/tasc_arm/install/arm_control/share/arm_control/hook/cmake_prefix_path.dsv'
[1.726s] INFO:colcon.colcon_core.shell:Creating environment hook '/home/ibrahim/tasc_arm/install/arm_control/share/arm_control/hook/cmake_prefix_path.sh'
[1.728s] Level 1:colcon.colcon_core.environment:checking '/home/ibrahim/tasc_arm/install/arm_control/lib'
[1.728s] Level 1:colcon.colcon_core.shell:create_environment_hook('arm_control', 'ld_library_path_lib')
[1.729s] INFO:colcon.colcon_core.shell:Creating environment hook '/home/ibrahim/tasc_arm/install/arm_control/share/arm_control/hook/ld_library_path_lib.ps1'
[1.730s] INFO:colcon.colcon_core.shell:Creating environment descriptor '/home/ibrahim/tasc_arm/install/arm_control/share/arm_control/hook/ld_library_path_lib.dsv'
[1.732s] INFO:colcon.colcon_core.shell:Creating environment hook '/home/ibrahim/tasc_arm/install/arm_control/share/arm_control/hook/ld_library_path_lib.sh'
[1.733s] Level 1:colcon.colcon_core.environment:checking '/home/ibrahim/tasc_arm/install/arm_control/bin'
[1.733s] Level 1:colcon.colcon_core.environment:checking '/home/ibrahim/tasc_arm/install/arm_control/lib/pkgconfig/arm_control.pc'
[1.734s] Level 1:colcon.colcon_core.environment:checking '/home/ibrahim/tasc_arm/install/arm_control/lib/python3.10/site-packages'
[1.734s] Level 1:colcon.colcon_core.environment:checking '/home/ibrahim/tasc_arm/install/arm_control/bin'
[1.735s] INFO:colcon.colcon_core.shell:Creating package script '/home/ibrahim/tasc_arm/install/arm_control/share/arm_control/package.ps1'
[1.737s] INFO:colcon.colcon_core.shell:Creating package descriptor '/home/ibrahim/tasc_arm/install/arm_control/share/arm_control/package.dsv'
[1.738s] INFO:colcon.colcon_core.shell:Creating package script '/home/ibrahim/tasc_arm/install/arm_control/share/arm_control/package.sh'
[1.740s] INFO:colcon.colcon_core.shell:Creating package script '/home/ibrahim/tasc_arm/install/arm_control/share/arm_control/package.bash'
[1.742s] INFO:colcon.colcon_core.shell:Creating package script '/home/ibrahim/tasc_arm/install/arm_control/share/arm_control/package.zsh'
[1.744s] Level 1:colcon.colcon_core.environment:create_file_with_runtime_dependencies(/home/ibrahim/tasc_arm/install/arm_control/share/colcon-core/packages/arm_control)
[1.832s] DEBUG:colcon.colcon_core.event_handler.log_command:Invoked command in '/home/ibrahim/tasc_arm/build/phidgets_hardware' returned '0': CMAKE_PREFIX_PATH=${CMAKE_PREFIX_PATH}:/home/ibrahim/tasc_arm/install/arm_bringup:/opt/ros/humble /usr/bin/cmake --build /home/ibrahim/tasc_arm/build/phidgets_hardware -- -j4 -l4
[1.837s] DEBUG:colcon.colcon_core.event_handler.log_command:Invoking command in '/home/ibrahim/tasc_arm/build/phidgets_hardware': CMAKE_PREFIX_PATH=${CMAKE_PREFIX_PATH}:/home/ibrahim/tasc_arm/install/arm_bringup:/opt/ros/humble /usr/bin/cmake --install /home/ibrahim/tasc_arm/build/phidgets_hardware
[1.872s] Level 1:colcon.colcon_core.environment:create_environment_scripts_only(phidgets_hardware)
[1.873s] Level 1:colcon.colcon_core.environment:checking '/home/ibrahim/tasc_arm/install/phidgets_hardware' for CMake module files
[1.874s] DEBUG:colcon.colcon_core.event_handler.log_command:Invoked command in '/home/ibrahim/tasc_arm/build/phidgets_hardware' returned '0': CMAKE_PREFIX_PATH=${CMAKE_PREFIX_PATH}:/home/ibrahim/tasc_arm/install/arm_bringup:/opt/ros/humble /usr/bin/cmake --install /home/ibrahim/tasc_arm/build/phidgets_hardware
[1.875s] Level 1:colcon.colcon_core.environment:checking '/home/ibrahim/tasc_arm/install/phidgets_hardware' for CMake config files
[1.876s] Level 1:colcon.colcon_core.shell:create_environment_hook('phidgets_hardware', 'cmake_prefix_path')
[1.877s] INFO:colcon.colcon_core.shell:Creating environment hook '/home/ibrahim/tasc_arm/install/phidgets_hardware/share/phidgets_hardware/hook/cmake_prefix_path.ps1'
[1.878s] INFO:colcon.colcon_core.shell:Creating environment descriptor '/home/ibrahim/tasc_arm/install/phidgets_hardware/share/phidgets_hardware/hook/cmake_prefix_path.dsv'
[1.879s] INFO:colcon.colcon_core.shell:Creating environment hook '/home/ibrahim/tasc_arm/install/phidgets_hardware/share/phidgets_hardware/hook/cmake_prefix_path.sh'
[1.881s] Level 1:colcon.colcon_core.environment:checking '/home/ibrahim/tasc_arm/install/phidgets_hardware/lib'
[1.881s] Level 1:colcon.colcon_core.shell:create_environment_hook('phidgets_hardware', 'ld_library_path_lib')
[1.882s] INFO:colcon.colcon_core.shell:Creating environment hook '/home/ibrahim/tasc_arm/install/phidgets_hardware/share/phidgets_hardware/hook/ld_library_path_lib.ps1'
[1.883s] INFO:colcon.colcon_core.shell:Creating environment descriptor '/home/ibrahim/tasc_arm/install/phidgets_hardware/share/phidgets_hardware/hook/ld_library_path_lib.dsv'
[1.884s] INFO:colcon.colcon_core.shell:Creating environment hook '/home/ibrahim/tasc_arm/install/phidgets_hardware/share/phidgets_hardware/hook/ld_library_path_lib.sh'
[1.885s] Level 1:colcon.colcon_core.environment:checking '/home/ibrahim/tasc_arm/install/phidgets_hardware/bin'
[1.886s] Level 1:colcon.colcon_core.environment:checking '/home/ibrahim/tasc_arm/install/phidgets_hardware/lib/pkgconfig/phidgets_hardware.pc'
[1.886s] Level 1:colcon.colcon_core.environment:checking '/home/ibrahim/tasc_arm/install/phidgets_hardware/lib/python3.10/site-packages'
[1.886s] Level 1:colcon.colcon_core.environment:checking '/home/ibrahim/tasc_arm/install/phidgets_hardware/bin'
[1.887s] INFO:colcon.colcon_core.shell:Creating package script '/home/ibrahim/tasc_arm/install/phidgets_hardware/share/phidgets_hardware/package.ps1'
[1.889s] INFO:colcon.colcon_core.shell:Creating package descriptor '/home/ibrahim/tasc_arm/install/phidgets_hardware/share/phidgets_hardware/package.dsv'
[1.890s] INFO:colcon.colcon_core.shell:Creating package script '/home/ibrahim/tasc_arm/install/phidgets_hardware/share/phidgets_hardware/package.sh'
[1.891s] INFO:colcon.colcon_core.shell:Creating package script '/home/ibrahim/tasc_arm/install/phidgets_hardware/share/phidgets_hardware/package.bash'
[1.892s] INFO:colcon.colcon_core.shell:Creating package script '/home/ibrahim/tasc_arm/install/phidgets_hardware/share/phidgets_hardware/package.zsh'
[1.893s] Level 1:colcon.colcon_core.environment:create_file_with_runtime_dependencies(/home/ibrahim/tasc_arm/install/phidgets_hardware/share/colcon-core/packages/phidgets_hardware)
[1.894s] Level 1:colcon.colcon_core.environment:create_environment_scripts_only(phidgets_hardware)
[1.894s] Level 1:colcon.colcon_core.environment:checking '/home/ibrahim/tasc_arm/install/phidgets_hardware' for CMake module files
[1.895s] Level 1:colcon.colcon_core.environment:checking '/home/ibrahim/tasc_arm/install/phidgets_hardware' for CMake config files
[1.896s] Level 1:colcon.colcon_core.shell:create_environment_hook('phidgets_hardware', 'cmake_prefix_path')
[1.897s] INFO:colcon.colcon_core.shell:Creating environment hook '/home/ibrahim/tasc_arm/install/phidgets_hardware/share/phidgets_hardware/hook/cmake_prefix_path.ps1'
[1.898s] INFO:colcon.colcon_core.shell:Creating environment descriptor '/home/ibrahim/tasc_arm/install/phidgets_hardware/share/phidgets_hardware/hook/cmake_prefix_path.dsv'
[1.899s] INFO:colcon.colcon_core.shell:Creating environment hook '/home/ibrahim/tasc_arm/install/phidgets_hardware/share/phidgets_hardware/hook/cmake_prefix_path.sh'
[1.901s] Level 1:colcon.colcon_core.environment:checking '/home/ibrahim/tasc_arm/install/phidgets_hardware/lib'
[1.901s] Level 1:colcon.colcon_core.shell:create_environment_hook('phidgets_hardware', 'ld_library_path_lib')
[1.901s] INFO:colcon.colcon_core.shell:Creating environment hook '/home/ibrahim/tasc_arm/install/phidgets_hardware/share/phidgets_hardware/hook/ld_library_path_lib.ps1'
[1.902s] INFO:colcon.colcon_core.shell:Creating environment descriptor '/home/ibrahim/tasc_arm/install/phidgets_hardware/share/phidgets_hardware/hook/ld_library_path_lib.dsv'
[1.903s] INFO:colcon.colcon_core.shell:Creating environment hook '/home/ibrahim/tasc_arm/install/phidgets_hardware/share/phidgets_hardware/hook/ld_library_path_lib.sh'
[1.904s] Level 1:colcon.colcon_core.environment:checking '/home/ibrahim/tasc_arm/install/phidgets_hardware/bin'
[1.904s] Level 1:colcon.colcon_core.environment:checking '/home/ibrahim/tasc_arm/install/phidgets_hardware/lib/pkgconfig/phidgets_hardware.pc'
[1.905s] Level 1:colcon.colcon_core.environment:checking '/home/ibrahim/tasc_arm/install/phidgets_hardware/lib/python3.10/site-packages'
[1.905s] Level 1:colcon.colcon_core.environment:checking '/home/ibrahim/tasc_arm/install/phidgets_hardware/bin'
[1.905s] INFO:colcon.colcon_core.shell:Creating package script '/home/ibrahim/tasc_arm/install/phidgets_hardware/share/phidgets_hardware/package.ps1'
[1.906s] INFO:colcon.colcon_core.shell:Creating package descriptor '/home/ibrahim/tasc_arm/install/phidgets_hardware/share/phidgets_hardware/package.dsv'
[1.908s] INFO:colcon.colcon_core.shell:Creating package script '/home/ibrahim/tasc_arm/install/phidgets_hardware/share/phidgets_hardware/package.sh'
[1.909s] INFO:colcon.colcon_core.shell:Creating package script '/home/ibrahim/tasc_arm/install/phidgets_hardware/share/phidgets_hardware/package.bash'
[1.910s] INFO:colcon.colcon_core.shell:Creating package script '/home/ibrahim/tasc_arm/install/phidgets_hardware/share/phidgets_hardware/package.zsh'
[1.912s] Level 1:colcon.colcon_core.environment:create_file_with_runtime_dependencies(/home/ibrahim/tasc_arm/install/phidgets_hardware/share/colcon-core/packages/phidgets_hardware)
[2.311s] DEBUG:colcon.colcon_core.event_handler.log_command:Invoking command in '/home/ibrahim/tasc_arm/src/arm_bringup': PYTHONPATH=/home/ibrahim/tasc_arm/build/arm_bringup/prefix_override:/usr/lib/python3/dist-packages/colcon_core/task/python/colcon_distutils_commands:/home/ibrahim/tasc_arm/install/arm_bringup/lib/python3.10/site-packages:${PYTHONPATH} /usr/bin/python3 -W ignore:setup.py install is deprecated -W ignore:easy_install command is deprecated setup.py egg_info --egg-base ../../build/arm_bringup build --build-base /home/ibrahim/tasc_arm/build/arm_bringup/build install --record /home/ibrahim/tasc_arm/build/arm_bringup/install.log --single-version-externally-managed install_data
[2.839s] Level 1:colcon.colcon_core.environment:checking '/home/ibrahim/tasc_arm/install/arm_bringup' for CMake module files
[2.841s] DEBUG:colcon.colcon_core.event_handler.log_command:Invoked command in '/home/ibrahim/tasc_arm/src/arm_bringup' returned '0': PYTHONPATH=/home/ibrahim/tasc_arm/build/arm_bringup/prefix_override:/usr/lib/python3/dist-packages/colcon_core/task/python/colcon_distutils_commands:/home/ibrahim/tasc_arm/install/arm_bringup/lib/python3.10/site-packages:${PYTHONPATH} /usr/bin/python3 -W ignore:setup.py install is deprecated -W ignore:easy_install command is deprecated setup.py egg_info --egg-base ../../build/arm_bringup build --build-base /home/ibrahim/tasc_arm/build/arm_bringup/build install --record /home/ibrahim/tasc_arm/build/arm_bringup/install.log --single-version-externally-managed install_data
[2.842s] Level 1:colcon.colcon_core.environment:checking '/home/ibrahim/tasc_arm/install/arm_bringup' for CMake config files
[2.843s] Level 1:colcon.colcon_core.environment:checking '/home/ibrahim/tasc_arm/install/arm_bringup/lib'
[2.844s] Level 1:colcon.colcon_core.environment:checking '/home/ibrahim/tasc_arm/install/arm_bringup/bin'
[2.844s] Level 1:colcon.colcon_core.environment:checking '/home/ibrahim/tasc_arm/install/arm_bringup/lib/pkgconfig/arm_bringup.pc'
[2.844s] Level 1:colcon.colcon_core.environment:checking '/home/ibrahim/tasc_arm/install/arm_bringup/lib/python3.10/site-packages'
[2.845s] Level 1:colcon.colcon_core.shell:create_environment_hook('arm_bringup', 'pythonpath')
[2.845s] INFO:colcon.colcon_core.shell:Creating environment hook '/home/ibrahim/tasc_arm/install/arm_bringup/share/arm_bringup/hook/pythonpath.ps1'
[2.847s] INFO:colcon.colcon_core.shell:Creating environment descriptor '/home/ibrahim/tasc_arm/install/arm_bringup/share/arm_bringup/hook/pythonpath.dsv'
[2.848s] INFO:colcon.colcon_core.shell:Creating environment hook '/home/ibrahim/tasc_arm/install/arm_bringup/share/arm_bringup/hook/pythonpath.sh'
[2.849s] Level 1:colcon.colcon_core.environment:checking '/home/ibrahim/tasc_arm/install/arm_bringup/bin'
[2.849s] Level 1:colcon.colcon_core.environment:create_environment_scripts_only(arm_bringup)
[2.850s] INFO:colcon.colcon_core.shell:Creating package script '/home/ibrahim/tasc_arm/install/arm_bringup/share/arm_bringup/package.ps1'
[2.851s] INFO:colcon.colcon_core.shell:Creating package descriptor '/home/ibrahim/tasc_arm/install/arm_bringup/share/arm_bringup/package.dsv'
[2.852s] INFO:colcon.colcon_core.shell:Creating package script '/home/ibrahim/tasc_arm/install/arm_bringup/share/arm_bringup/package.sh'
[2.853s] INFO:colcon.colcon_core.shell:Creating package script '/home/ibrahim/tasc_arm/install/arm_bringup/share/arm_bringup/package.bash'
[2.853s] INFO:colcon.colcon_core.shell:Creating package script '/home/ibrahim/tasc_arm/install/arm_bringup/share/arm_bringup/package.zsh'
[2.854s] Level 1:colcon.colcon_core.environment:create_file_with_runtime_dependencies(/home/ibrahim/tasc_arm/install/arm_bringup/share/colcon-core/packages/arm_bringup)
[2.855s] DEBUG:colcon.colcon_parallel_executor.executor.parallel:closing loop
[2.855s] DEBUG:colcon.colcon_parallel_executor.executor.parallel:loop closed
[2.856s] DEBUG:colcon.colcon_parallel_executor.executor.parallel:run_until_complete finished with '0'
[2.856s] DEBUG:colcon.colcon_core.event_reactor:joining thread
[2.869s] INFO:colcon.colcon_core.plugin_system:Skipping extension 'colcon_notification.desktop_notification.terminal_notifier': Not used on non-Darwin systems
[2.869s] INFO:colcon.colcon_core.plugin_system:Skipping extension 'colcon_notification.desktop_notification.win32': Not used on non-Windows systems
[2.869s] INFO:colcon.colcon_notification.desktop_notification:Sending desktop notification using 'notify2'
[2.909s] DEBUG:colcon.colcon_core.event_reactor:joined thread
[2.910s] INFO:colcon.colcon_core.shell:Creating prefix script '/home/ibrahim/tasc_arm/install/local_setup.ps1'
[2.912s] INFO:colcon.colcon_core.shell:Creating prefix util module '/home/ibrahim/tasc_arm/install/_local_setup_util_ps1.py'
[2.917s] INFO:colcon.colcon_core.shell:Creating prefix chain script '/home/ibrahim/tasc_arm/install/setup.ps1'
[2.919s] INFO:colcon.colcon_core.shell:Creating prefix script '/home/ibrahim/tasc_arm/install/local_setup.sh'
[2.921s] INFO:colcon.colcon_core.shell:Creating prefix util module '/home/ibrahim/tasc_arm/install/_local_setup_util_sh.py'
[2.922s] INFO:colcon.colcon_core.shell:Creating prefix chain script '/home/ibrahim/tasc_arm/install/setup.sh'
[2.924s] INFO:colcon.colcon_core.shell:Creating prefix script '/home/ibrahim/tasc_arm/install/local_setup.bash'
[2.925s] INFO:colcon.colcon_core.shell:Creating prefix chain script '/home/ibrahim/tasc_arm/install/setup.bash'
[2.927s] INFO:colcon.colcon_core.shell:Creating prefix script '/home/ibrahim/tasc_arm/install/local_setup.zsh'
[2.929s] INFO:colcon.colcon_core.shell:Creating prefix chain script '/home/ibrahim/tasc_arm/install/setup.zsh'
