[0.254s] Invoking command in '/home/ibrahim/tasc_arm/build/arm_control': CMAKE_PREFIX_PATH=/opt/ros/humble /usr/bin/cmake /home/ibrahim/tasc_arm/src/arm_control -DCMAKE_INSTALL_PREFIX=/home/ibrahim/tasc_arm/install/arm_control
[0.338s] -- The C compiler identification is GNU 11.4.0
[0.420s] -- The CXX compiler identification is GNU 11.4.0
[0.431s] -- Detecting C compiler ABI info
[0.534s] -- Detecting C compiler ABI info - done
[0.540s] -- Check for working C compiler: /usr/bin/cc - skipped
[0.540s] -- Detecting C compile features
[0.541s] -- Detecting C compile features - done
[0.544s] -- Detecting CXX compiler ABI info
[0.653s] -- Detecting CXX compiler ABI info - done
[0.665s] -- Check for working CXX compiler: /usr/bin/c++ - skipped
[0.665s] -- Detecting CXX compile features
[0.665s] -- Detecting CXX compile features - done
[0.668s] -- Found ament_cmake: 1.3.12 (/opt/ros/humble/share/ament_cmake/cmake)
[0.855s] -- Found Python3: /usr/bin/python3 (found version "3.10.12") found components: Interpreter 
[0.959s] -- Found rclcpp: 16.0.14 (/opt/ros/humble/share/rclcpp/cmake)
[1.008s] -- Found rosidl_generator_c: 3.1.7 (/opt/ros/humble/share/rosidl_generator_c/cmake)
[1.010s] -- Found rosidl_adapter: 3.1.7 (/opt/ros/humble/share/rosidl_adapter/cmake)
[1.018s] -- Found rosidl_generator_cpp: 3.1.7 (/opt/ros/humble/share/rosidl_generator_cpp/cmake)
[1.029s] -- Using all available rosidl_typesupport_c: rosidl_typesupport_fastrtps_c;rosidl_typesupport_introspection_c
[1.046s] -- Using all available rosidl_typesupport_cpp: rosidl_typesupport_fastrtps_cpp;rosidl_typesupport_introspection_cpp
[1.092s] -- Found rmw_implementation_cmake: 6.1.2 (/opt/ros/humble/share/rmw_implementation_cmake/cmake)
[1.093s] -- Found rmw_cyclonedds_cpp: 1.3.4 (/opt/ros/humble/share/rmw_cyclonedds_cpp/cmake)
[1.124s] -- Using RMW implementation 'rmw_cyclonedds_cpp' as default
[1.135s] -- Looking for pthread.h
[1.229s] -- Looking for pthread.h - found
[1.229s] -- Performing Test CMAKE_HAVE_LIBC_PTHREAD
[1.338s] -- Performing Test CMAKE_HAVE_LIBC_PTHREAD - Success
[1.338s] -- Found Threads: TRUE  
[1.402s] -- Found rclcpp_lifecycle: 16.0.14 (/opt/ros/humble/share/rclcpp_lifecycle/cmake)
[1.422s] -- Found hardware_interface: 2.51.0 (/opt/ros/humble/share/hardware_interface/cmake)
[1.636s] -- Configuring done
[1.657s] -- Generating done
[1.665s] -- Build files have been written to: /home/ibrahim/tasc_arm/build/arm_control
[1.672s] Invoked command in '/home/ibrahim/tasc_arm/build/arm_control' returned '0': CMAKE_PREFIX_PATH=/opt/ros/humble /usr/bin/cmake /home/ibrahim/tasc_arm/src/arm_control -DCMAKE_INSTALL_PREFIX=/home/ibrahim/tasc_arm/install/arm_control
[1.672s] Invoking command in '/home/ibrahim/tasc_arm/build/arm_control': CMAKE_PREFIX_PATH=/opt/ros/humble /usr/bin/cmake --build /home/ibrahim/tasc_arm/build/arm_control -- -j4 -l4
[1.737s] [ 50%] [32mBuilding CXX object CMakeFiles/arm_control.dir/src/mini_arm_hardware.cpp.o[0m
[22.351s] [100%] [32m[1mLinking CXX shared library libarm_control.so[0m
[22.671s] [100%] Built target arm_control
[22.689s] Invoked command in '/home/ibrahim/tasc_arm/build/arm_control' returned '0': CMAKE_PREFIX_PATH=/opt/ros/humble /usr/bin/cmake --build /home/ibrahim/tasc_arm/build/arm_control -- -j4 -l4
[22.692s] Invoking command in '/home/ibrahim/tasc_arm/build/arm_control': CMAKE_PREFIX_PATH=/opt/ros/humble /usr/bin/cmake --install /home/ibrahim/tasc_arm/build/arm_control
[22.702s] -- Install configuration: ""
[22.703s] -- Installing: /home/ibrahim/tasc_arm/install/arm_control/share/arm_control/plugin.xml
[22.703s] -- Installing: /home/ibrahim/tasc_arm/install/arm_control/lib/libarm_control.so
[22.707s] -- Set runtime path of "/home/ibrahim/tasc_arm/install/arm_control/lib/libarm_control.so" to ""
[22.707s] -- Up-to-date: /home/ibrahim/tasc_arm/install/arm_control/include
[22.708s] -- Up-to-date: /home/ibrahim/tasc_arm/install/arm_control/include/arm_control
[22.708s] -- Up-to-date: /home/ibrahim/tasc_arm/install/arm_control/share/arm_control/plugin.xml
[22.709s] -- Up-to-date: /home/ibrahim/tasc_arm/install/arm_control/share/arm_control/config
[22.710s] -- Installing: /home/ibrahim/tasc_arm/install/arm_control/share/arm_control/config/controllers.yaml
[22.710s] -- Installing: /home/ibrahim/tasc_arm/install/arm_control/lib/arm_control/keyboard_teleop.py
[22.710s] -- Installing: /home/ibrahim/tasc_arm/install/arm_control/lib/arm_control/keyboard_cartesian_ik_teleop.py
[22.711s] -- Installing: /home/ibrahim/tasc_arm/install/arm_control/lib/arm_control/ps5_arm_teleop.py
[22.712s] -- Installing: /home/ibrahim/tasc_arm/install/arm_control/lib/arm_control/ps5_cartesian_ik_teleop.py
[22.714s] -- Installing: /home/ibrahim/tasc_arm/install/arm_control/lib/arm_control/logitech_joystick_ik.py
[22.714s] -- Installing: /home/ibrahim/tasc_arm/install/arm_control/lib/arm_control/joint_state_offset.py
[22.714s] -- Installing: /home/ibrahim/tasc_arm/install/arm_control/share/arm_control/package.dsv
[22.716s] -- Installing: /home/ibrahim/tasc_arm/install/arm_control/share/arm_control/package.xml
[22.719s] Invoked command in '/home/ibrahim/tasc_arm/build/arm_control' returned '0': CMAKE_PREFIX_PATH=/opt/ros/humble /usr/bin/cmake --install /home/ibrahim/tasc_arm/build/arm_control
