[01m[K/home/ibrahim/tasc_arm/src/arm_2026/arm_2026/keyboard_teleop.cpp:1:24:[m[K [01;35m[Kwarning: [m[Kextra tokens at end of #include directive
    1 | #include <sys/select.h>[01;35m[K#[m[Kinclude <termios.h>#include <unistd.h>
      |                        [01;35m[K^[m[K
[01m[K/home/ibrahim/tasc_arm/src/arm_2026/arm_2026/keyboard_teleop.cpp:3:10:[m[K [01;31m[Kerror: [m[K#include expects "FILENAME" or <FILENAME>
    3 | #include [01;31m[K#[m[Kinclude #include #include #include #include #include #include #include #include
      |          [01;31m[K^[m[K
[01m[K/home/ibrahim/tasc_arm/src/arm_2026/arm_2026/keyboard_teleop.cpp:5:29:[m[K [01;35m[Kwarning: [m[Kextra tokens at end of #include directive
    5 | #include "rclcpp/rclcpp.hpp"[01;35m[K#[m[Kinclude "sensor_msgs/msg/joint_state.hpp"#include "std_msgs/msg/float32_multi_array.hpp"#include "std_msgs/msg/float64_multi_array.hpp"
      |                             [01;35m[K^[m[K
[01m[K/home/ibrahim/tasc_arm/src/arm_2026/arm_2026/keyboard_teleop.cpp:30:9:[m[K [01;31m[Kerror: [m[K‘[01m[Ktermios[m[K’ does not name a type
   30 | private:[01;31m[Ktermios[m[K original_{};bool active_{false};};
      |         [01;31m[K^~~~~~~[m[K
[01m[K/home/ibrahim/tasc_arm/src/arm_2026/arm_2026/keyboard_teleop.cpp:30:28:[m[K [01;35m[Kwarning: [m[Kextra ‘[01m[K;[m[K’ [[01;35m[K]8;;https://gcc.gnu.org/onlinedocs/gcc/Warning-Options.html#index-Wpedantic-Wpedantic]8;;[m[K]
   30 | private:termios original_{}[01;35m[K;[m[Kbool active_{false};};
      |                            [01;35m[K^[m[K
      |                            [31m[K-[m[K
[01m[K/home/ibrahim/tasc_arm/src/arm_2026/arm_2026/keyboard_teleop.cpp:[m[K In constructor ‘[01m[K{anonymous}::TerminalGuard::TerminalGuard()[m[K’:
[01m[K/home/ibrahim/tasc_arm/src/arm_2026/arm_2026/keyboard_teleop.cpp:11:30:[m[K [01;31m[Kerror: [m[K‘[01m[Koriginal_[m[K’ was not declared in this scope
   11 | if (tcgetattr(STDIN_FILENO, &[01;31m[Koriginal_[m[K) != 0) {
      |                              [01;31m[K^~~~~~~~~[m[K
[01m[K/home/ibrahim/tasc_arm/src/arm_2026/arm_2026/keyboard_teleop.cpp:11:5:[m[K [01;31m[Kerror: [m[K‘[01m[Ktcgetattr[m[K’ was not declared in this scope
   11 | if ([01;31m[Ktcgetattr[m[K(STDIN_FILENO, &original_) != 0) {
      |     [01;31m[K^~~~~~~~~[m[K
[01m[K/home/ibrahim/tasc_arm/src/arm_2026/arm_2026/keyboard_teleop.cpp:15:1:[m[K [01;31m[Kerror: [m[K‘[01m[Ktermios[m[K’ was not declared in this scope
   15 | [01;31m[Ktermios[m[K raw = original_;
      | [01;31m[K^~~~~~~[m[K
[01m[K/home/ibrahim/tasc_arm/src/arm_2026/arm_2026/keyboard_teleop.cpp:16:1:[m[K [01;31m[Kerror: [m[K‘[01m[Kraw[m[K’ was not declared in this scope; did you mean ‘[01m[Krmw[m[K’?
   16 | [01;31m[Kraw[m[K.c_lflag &= static_cast<unsigned int>(~(ICANON | ECHO));
      | [01;31m[K^~~[m[K
      | [32m[Krmw[m[K
[01m[K/home/ibrahim/tasc_arm/src/arm_2026/arm_2026/keyboard_teleop.cpp:16:44:[m[K [01;31m[Kerror: [m[K‘[01m[KICANON[m[K’ was not declared in this scope
   16 | raw.c_lflag &= static_cast<unsigned int>(~([01;31m[KICANON[m[K | ECHO));
      |                                            [01;31m[K^~~~~~[m[K
[01m[K/home/ibrahim/tasc_arm/src/arm_2026/arm_2026/keyboard_teleop.cpp:16:53:[m[K [01;31m[Kerror: [m[K‘[01m[KECHO[m[K’ was not declared in this scope
   16 | raw.c_lflag &= static_cast<unsigned int>(~(ICANON | [01;31m[KECHO[m[K));
      |                                                     [01;31m[K^~~~[m[K
[01m[K/home/ibrahim/tasc_arm/src/arm_2026/arm_2026/keyboard_teleop.cpp:17:10:[m[K [01;31m[Kerror: [m[K‘[01m[KVMIN[m[K’ was not declared in this scope
   17 | raw.c_cc[[01;31m[KVMIN[m[K] = 0;
      |          [01;31m[K^~~~[m[K
[01m[K/home/ibrahim/tasc_arm/src/arm_2026/arm_2026/keyboard_teleop.cpp:18:10:[m[K [01;31m[Kerror: [m[K‘[01m[KVTIME[m[K’ was not declared in this scope; did you mean ‘[01m[KETIME[m[K’?
   18 | raw.c_cc[[01;31m[KVTIME[m[K] = 0;
      |          [01;31m[K^~~~~[m[K
      |          [32m[KETIME[m[K
[01m[K/home/ibrahim/tasc_arm/src/arm_2026/arm_2026/keyboard_teleop.cpp:20:29:[m[K [01;31m[Kerror: [m[K‘[01m[KTCSANOW[m[K’ was not declared in this scope
   20 | if (tcsetattr(STDIN_FILENO, [01;31m[KTCSANOW[m[K, &raw) == 0) {
      |                             [01;31m[K^~~~~~~[m[K
[01m[K/home/ibrahim/tasc_arm/src/arm_2026/arm_2026/keyboard_teleop.cpp:20:5:[m[K [01;31m[Kerror: [m[K‘[01m[Ktcsetattr[m[K’ was not declared in this scope
   20 | if ([01;31m[Ktcsetattr[m[K(STDIN_FILENO, TCSANOW, &raw) == 0) {
      |     [01;31m[K^~~~~~~~~[m[K
[01m[K/home/ibrahim/tasc_arm/src/arm_2026/arm_2026/keyboard_teleop.cpp:[m[K In destructor ‘[01m[K{anonymous}::TerminalGuard::~TerminalGuard()[m[K’:
[01m[K/home/ibrahim/tasc_arm/src/arm_2026/arm_2026/keyboard_teleop.cpp:26:56:[m[K [01;31m[Kerror: [m[K‘[01m[KTCSANOW[m[K’ was not declared in this scope
   26 | ~TerminalGuard(){if (active_) {tcsetattr(STDIN_FILENO, [01;31m[KTCSANOW[m[K, &original_);}}
      |                                                        [01;31m[K^~~~~~~[m[K
[01m[K/home/ibrahim/tasc_arm/src/arm_2026/arm_2026/keyboard_teleop.cpp:26:66:[m[K [01;31m[Kerror: [m[K‘[01m[Koriginal_[m[K’ was not declared in this scope
   26 | ~TerminalGuard(){if (active_) {tcsetattr(STDIN_FILENO, TCSANOW, &[01;31m[Koriginal_[m[K);}}
      |                                                                  [01;31m[K^~~~~~~~~[m[K
[01m[K/home/ibrahim/tasc_arm/src/arm_2026/arm_2026/keyboard_teleop.cpp:26:32:[m[K [01;31m[Kerror: [m[K‘[01m[Ktcsetattr[m[K’ was not declared in this scope
   26 | ~TerminalGuard(){if (active_) {[01;31m[Ktcsetattr[m[K(STDIN_FILENO, TCSANOW, &original_);}}
      |                                [01;31m[K^~~~~~~~~[m[K
[01m[K/home/ibrahim/tasc_arm/src/arm_2026/arm_2026/keyboard_teleop.cpp:[m[K At global scope:
[01m[K/home/ibrahim/tasc_arm/src/arm_2026/arm_2026/keyboard_teleop.cpp:104:33:[m[K [01;31m[Kerror: [m[K‘[01m[Ksensor_msgs[m[K’ does not name a type
  104 | void joint_state_callback(const [01;31m[Ksensor_msgs[m[K::msg::JointState::SharedPtr msg){const std::array<std::string, 5> joint_names{"base_yaw","shoulder_extension","elbow_extension","wrist_roll","wrist_twist"};
      |                                 [01;31m[K^~~~~~~~~~~[m[K
[01m[K/home/ibrahim/tasc_arm/src/arm_2026/arm_2026/keyboard_teleop.cpp:104:49:[m[K [01;31m[Kerror: [m[Kexpected unqualified-id before ‘[01m[K::[m[K’ token
  104 | void joint_state_callback(const sensor_msgs::msg[01;31m[K::[m[KJointState::SharedPtr msg){const std::array<std::string, 5> joint_names{"base_yaw","shoulder_extension","elbow_extension","wrist_roll","wrist_twist"};
      |                                                 [01;31m[K^~[m[K
[01m[K/home/ibrahim/tasc_arm/src/arm_2026/arm_2026/keyboard_teleop.cpp:104:49:[m[K [01;31m[Kerror: [m[Kexpected ‘[01m[K)[m[K’ before ‘[01m[K::[m[K’ token
  104 | void joint_state_callback[34m[K([m[Kconst sensor_msgs::msg[01;31m[K:[m[K[32m[K:[m[KJointState::SharedPtr msg){const std::array<std::string, 5> joint_names{"base_yaw","shoulder_extension","elbow_extension","wrist_roll","wrist_twist"};
      |                          [34m[K~[m[K                      [01;31m[K^[m[K[32m[K~[m[K
      |                                                 [32m[K)[m[K
[01m[K/home/ibrahim/tasc_arm/src/arm_2026/arm_2026/keyboard_teleop.cpp:104:46:[m[K [01;31m[Kerror: [m[Kexpected ‘[01m[K;[m[K’ at end of member declaration
  104 | void joint_state_callback(const sensor_msgs::[01;31m[Kmsg[m[K::JointState::SharedPtr msg){const std::array<std::string, 5> joint_names{"base_yaw","shoulder_extension","elbow_extension","wrist_roll","wrist_twist"};
      |                                              [01;31m[K^~~[m[K
      |                                                 [32m[K;[m[K
[01m[K/home/ibrahim/tasc_arm/src/arm_2026/arm_2026/keyboard_teleop.cpp:104:51:[m[K [01;31m[Kerror: [m[K‘[01m[KJointState[m[K’ in namespace ‘[01m[K::[m[K’ does not name a type
  104 | void joint_state_callback(const sensor_msgs::msg::[01;31m[KJointState[m[K::SharedPtr msg){const std::array<std::string, 5> joint_names{"base_yaw","shoulder_extension","elbow_extension","wrist_roll","wrist_twist"};
      |                                                   [01;31m[K^~~~~~~~~~[m[K
[01m[K/home/ibrahim/tasc_arm/src/arm_2026/arm_2026/keyboard_teleop.cpp:203:19:[m[K [01;31m[Kerror: [m[K‘[01m[Kstd_msgs[m[K’ was not declared in this scope
  203 | rclcpp::Publisher<[01;31m[Kstd_msgs[m[K::msg::Float64MultiArray>::SharedPtr command_pub_;rclcpp::Publisher<std_msgs::msg::Float32MultiArray>::SharedPtr actuator_cmd_pub_;rclcpp::Subscription<sensor_msgs::msg::JointState>::SharedPtr joint_state_sub_;
      |                   [01;31m[K^~~~~~~~[m[K
[01m[K/home/ibrahim/tasc_arm/src/arm_2026/arm_2026/keyboard_teleop.cpp:203:51:[m[K [01;31m[Kerror: [m[Ktemplate argument 1 is invalid
  203 | rclcpp::Publisher<std_msgs::msg::Float64MultiArray[01;31m[K>[m[K::SharedPtr command_pub_;rclcpp::Publisher<std_msgs::msg::Float32MultiArray>::SharedPtr actuator_cmd_pub_;rclcpp::Subscription<sensor_msgs::msg::JointState>::SharedPtr joint_state_sub_;
      |                                                   [01;31m[K^[m[K
[01m[K/home/ibrahim/tasc_arm/src/arm_2026/arm_2026/keyboard_teleop.cpp:203:54:[m[K [01;31m[Kerror: [m[Kexpected ‘[01m[K;[m[K’ at end of member declaration
  203 | rclcpp::Publisher<std_msgs::msg::Float64MultiArray>::[01;31m[KSharedPtr[m[K command_pub_;rclcpp::Publisher<std_msgs::msg::Float32MultiArray>::SharedPtr actuator_cmd_pub_;rclcpp::Subscription<sensor_msgs::msg::JointState>::SharedPtr joint_state_sub_;
      |                                                      [01;31m[K^~~~~~~~~[m[K
      |                                                               [32m[K;[m[K
[01m[K/home/ibrahim/tasc_arm/src/arm_2026/arm_2026/keyboard_teleop.cpp:203:64:[m[K [01;31m[Kerror: [m[K‘[01m[Kcommand_pub_[m[K’ does not name a type
  203 | rclcpp::Publisher<std_msgs::msg::Float64MultiArray>::SharedPtr [01;31m[Kcommand_pub_[m[K;rclcpp::Publisher<std_msgs::msg::Float32MultiArray>::SharedPtr actuator_cmd_pub_;rclcpp::Subscription<sensor_msgs::msg::JointState>::SharedPtr joint_state_sub_;
      |                                                                [01;31m[K^~~~~~~~~~~~[m[K
[01m[K/home/ibrahim/tasc_arm/src/arm_2026/arm_2026/keyboard_teleop.cpp:203:95:[m[K [01;31m[Kerror: [m[K‘[01m[Kstd_msgs[m[K’ was not declared in this scope
  203 | rclcpp::Publisher<std_msgs::msg::Float64MultiArray>::SharedPtr command_pub_;rclcpp::Publisher<[01;31m[Kstd_msgs[m[K::msg::Float32MultiArray>::SharedPtr actuator_cmd_pub_;rclcpp::Subscription<sensor_msgs::msg::JointState>::SharedPtr joint_state_sub_;
      |                                                                                               [01;31m[K^~~~~~~~[m[K
[01m[K/home/ibrahim/tasc_arm/src/arm_2026/arm_2026/keyboard_teleop.cpp:203:127:[m[K [01;31m[Kerror: [m[Ktemplate argument 1 is invalid
  203 | rclcpp::Publisher<std_msgs::msg::Float64MultiArray>::SharedPtr command_pub_;rclcpp::Publisher<std_msgs::msg::Float32MultiArray[01;31m[K>[m[K::SharedPtr actuator_cmd_pub_;rclcpp::Subscription<sensor_msgs::msg::JointState>::SharedPtr joint_state_sub_;
      |                                                                                                                               [01;31m[K^[m[K
[01m[K/home/ibrahim/tasc_arm/src/arm_2026/arm_2026/keyboard_teleop.cpp:203:130:[m[K [01;31m[Kerror: [m[Kexpected ‘[01m[K;[m[K’ at end of member declaration
  203 | rclcpp::Publisher<std_msgs::msg::Float64MultiArray>::SharedPtr command_pub_;rclcpp::Publisher<std_msgs::msg::Float32MultiArray>::[01;31m[KSharedPtr[m[K actuator_cmd_pub_;rclcpp::Subscription<sensor_msgs::msg::JointState>::SharedPtr joint_state_sub_;
      |                                                                                                                                  [01;31m[K^~~~~~~~~[m[K
      |                                                                                                                                           [32m[K;[m[K
[01m[K/home/ibrahim/tasc_arm/src/arm_2026/arm_2026/keyboard_teleop.cpp:203:130:[m[K [01;31m[Kerror: [m[Kredeclaration of ‘[01m[Kint {anonymous}::KeyboardTeleop::SharedPtr[m[K’
[01m[K/home/ibrahim/tasc_arm/src/arm_2026/arm_2026/keyboard_teleop.cpp:203:54:[m[K [01;36m[Knote: [m[Kprevious declaration ‘[01m[Kint {anonymous}::KeyboardTeleop::SharedPtr[m[K’
  203 | rclcpp::Publisher<std_msgs::msg::Float64MultiArray>::[01;36m[KSharedPtr[m[K command_pub_;rclcpp::Publisher<std_msgs::msg::Float32MultiArray>::SharedPtr actuator_cmd_pub_;rclcpp::Subscription<sensor_msgs::msg::JointState>::SharedPtr joint_state_sub_;
      |                                                      [01;36m[K^~~~~~~~~[m[K
[01m[K/home/ibrahim/tasc_arm/src/arm_2026/arm_2026/keyboard_teleop.cpp:203:140:[m[K [01;31m[Kerror: [m[K‘[01m[Kactuator_cmd_pub_[m[K’ does not name a type
  203 | rclcpp::Publisher<std_msgs::msg::Float64MultiArray>::SharedPtr command_pub_;rclcpp::Publisher<std_msgs::msg::Float32MultiArray>::SharedPtr [01;31m[Kactuator_cmd_pub_[m[K;rclcpp::Subscription<sensor_msgs::msg::JointState>::SharedPtr joint_state_sub_;
      |                                                                                                                                            [01;31m[K^~~~~~~~~~~~~~~~~[m[K
[01m[K/home/ibrahim/tasc_arm/src/arm_2026/arm_2026/keyboard_teleop.cpp:203:179:[m[K [01;31m[Kerror: [m[K‘[01m[Ksensor_msgs[m[K’ was not declared in this scope
  203 | rclcpp::Publisher<std_msgs::msg::Float64MultiArray>::SharedPtr command_pub_;rclcpp::Publisher<std_msgs::msg::Float32MultiArray>::SharedPtr actuator_cmd_pub_;rclcpp::Subscription<[01;31m[Ksensor_msgs[m[K::msg::JointState>::SharedPtr joint_state_sub_;
      |                                                                                                                                                                                   [01;31m[K^~~~~~~~~~~[m[K
[01m[K/home/ibrahim/tasc_arm/src/arm_2026/arm_2026/keyboard_teleop.cpp:203:207:[m[K [01;31m[Kerror: [m[Ktemplate argument 1 is invalid
  203 | rclcpp::Publisher<std_msgs::msg::Float64MultiArray>::SharedPtr command_pub_;rclcpp::Publisher<std_msgs::msg::Float32MultiArray>::SharedPtr actuator_cmd_pub_;rclcpp::Subscription<sensor_msgs::msg::JointState[01;31m[K>[m[K::SharedPtr joint_state_sub_;
      |                                                                                                                                                                                                               [01;31m[K^[m[K
[01m[K/home/ibrahim/tasc_arm/src/arm_2026/arm_2026/keyboard_teleop.cpp:203:207:[m[K [01;31m[Kerror: [m[Ktemplate argument 3 is invalid
[01m[K/home/ibrahim/tasc_arm/src/arm_2026/arm_2026/keyboard_teleop.cpp:203:207:[m[K [01;31m[Kerror: [m[Ktemplate argument 4 is invalid
[01m[K/home/ibrahim/tasc_arm/src/arm_2026/arm_2026/keyboard_teleop.cpp:203:207:[m[K [01;31m[Kerror: [m[Ktemplate argument 5 is invalid
[01m[K/home/ibrahim/tasc_arm/src/arm_2026/arm_2026/keyboard_teleop.cpp:203:210:[m[K [01;31m[Kerror: [m[Kexpected ‘[01m[K;[m[K’ at end of member declaration
  203 | rclcpp::Publisher<std_msgs::msg::Float64MultiArray>::SharedPtr command_pub_;rclcpp::Publisher<std_msgs::msg::Float32MultiArray>::SharedPtr actuator_cmd_pub_;rclcpp::Subscription<sensor_msgs::msg::JointState>::[01;31m[KSharedPtr[m[K joint_state_sub_;
      |                                                                                                                                                                                                                  [01;31m[K^~~~~~~~~[m[K
      |                                                                                                                                                                                                                           [32m[K;[m[K
[01m[K/home/ibrahim/tasc_arm/src/arm_2026/arm_2026/keyboard_teleop.cpp:203:210:[m[K [01;31m[Kerror: [m[Kredeclaration of ‘[01m[Kint {anonymous}::KeyboardTeleop::SharedPtr[m[K’
[01m[K/home/ibrahim/tasc_arm/src/arm_2026/arm_2026/keyboard_teleop.cpp:203:54:[m[K [01;36m[Knote: [m[Kprevious declaration ‘[01m[Kint {anonymous}::KeyboardTeleop::SharedPtr[m[K’
  203 | rclcpp::Publisher<std_msgs::msg::Float64MultiArray>::[01;36m[KSharedPtr[m[K command_pub_;rclcpp::Publisher<std_msgs::msg::Float32MultiArray>::SharedPtr actuator_cmd_pub_;rclcpp::Subscription<sensor_msgs::msg::JointState>::SharedPtr joint_state_sub_;
      |                                                      [01;36m[K^~~~~~~~~[m[K
[01m[K/home/ibrahim/tasc_arm/src/arm_2026/arm_2026/keyboard_teleop.cpp:203:220:[m[K [01;31m[Kerror: [m[K‘[01m[Kjoint_state_sub_[m[K’ does not name a type
  203 | rclcpp::Publisher<std_msgs::msg::Float64MultiArray>::SharedPtr command_pub_;rclcpp::Publisher<std_msgs::msg::Float32MultiArray>::SharedPtr actuator_cmd_pub_;rclcpp::Subscription<sensor_msgs::msg::JointState>::SharedPtr [01;31m[Kjoint_state_sub_[m[K;
      |                                                                                                                                                                                                                            [01;31m[K^~~~~~~~~~~~~~~~[m[K
[01m[K/home/ibrahim/tasc_arm/src/arm_2026/arm_2026/keyboard_teleop.cpp:[m[K In constructor ‘[01m[K{anonymous}::KeyboardTeleop::KeyboardTeleop()[m[K’:
[01m[K/home/ibrahim/tasc_arm/src/arm_2026/arm_2026/keyboard_teleop.cpp:34:1:[m[K [01;31m[Kerror: [m[K‘[01m[Kcommand_pub_[m[K’ was not declared in this scope
   34 | [01;31m[Kcommand_pub_[m[K = create_publisher<std_msgs::msg::Float64MultiArray>(
      | [01;31m[K^~~~~~~~~~~~[m[K
[01m[K/home/ibrahim/tasc_arm/src/arm_2026/arm_2026/keyboard_teleop.cpp:34:33:[m[K [01;31m[Kerror: [m[K‘[01m[Kstd_msgs[m[K’ was not declared in this scope
   34 | command_pub_ = create_publisher<[01;31m[Kstd_msgs[m[K::msg::Float64MultiArray>(
      |                                 [01;31m[K^~~~~~~~[m[K
[01m[K/home/ibrahim/tasc_arm/src/arm_2026/arm_2026/keyboard_teleop.cpp:34:16:[m[K [01;31m[Kerror: [m[Kparse error in template argument list
   34 | command_pub_ = [01;31m[Kcreate_publisher<std_msgs::msg::Float64MultiArray>[m[K(
      |                [01;31m[K^~~~~~~~~~~~~~~~~~~~~~~~~~~~~~~~~~~~~~~~~~~~~~~~~~[m[K
[01m[K/home/ibrahim/tasc_arm/src/arm_2026/arm_2026/keyboard_teleop.cpp:34:66:[m[K [01;31m[Kerror: [m[Kno matching function for call to ‘[01m[K{anonymous}::KeyboardTeleop::create_publisher<<expression error> >(const char [30], int)[m[K’
   34 | command_pub_ = [01;31m[Kcreate_publisher<std_msgs::msg::Float64MultiArray>([m[K
      |                [01;31m[K~~~~~~~~~~~~~~~~~~~~~~~~~~~~~~~~~~~~~~~~~~~~~~~~~~^[m[K
   35 | [01;31m[K  "/position_controller/commands", 10)[m[K;
      |   [01;31m[K~~~~~~~~~~~~~~~~~~~~~~~~~~~~~~~~~~~~[m[K                            
In file included from [01m[K/opt/ros/humble/include/rclcpp/rclcpp/executors/single_threaded_executor.hpp:28[m[K,
                 from [01m[K/opt/ros/humble/include/rclcpp/rclcpp/executors.hpp:22[m[K,
                 from [01m[K/opt/ros/humble/include/rclcpp/rclcpp/rclcpp.hpp:155[m[K,
                 from [01m[K/home/ibrahim/tasc_arm/src/arm_2026/arm_2026/keyboard_teleop.cpp:5[m[K:
[01m[K/opt/ros/humble/include/rclcpp/rclcpp/node.hpp:195:3:[m[K [01;36m[Knote: [m[Kcandidate: ‘[01m[Ktemplate<class MessageT, class AllocatorT, class PublisherT> std::shared_ptr<PublisherT> rclcpp::Node::create_publisher(const string&, const rclcpp::QoS&, const rclcpp::PublisherOptionsWithAllocator<AllocatorT>&)[m[K’
  195 |   [01;36m[Kcreate_publisher[m[K(
      |   [01;36m[K^~~~~~~~~~~~~~~~[m[K
[01m[K/opt/ros/humble/include/rclcpp/rclcpp/node.hpp:195:3:[m[K [01;36m[Knote: [m[K  template argument deduction/substitution failed:
[01m[K/home/ibrahim/tasc_arm/src/arm_2026/arm_2026/keyboard_teleop.cpp:34:66:[m[K [01;31m[Kerror: [m[Ktemplate argument 1 is invalid
   34 | command_pub_ = [01;31m[Kcreate_publisher<std_msgs::msg::Float64MultiArray>([m[K
      |                [01;31m[K~~~~~~~~~~~~~~~~~~~~~~~~~~~~~~~~~~~~~~~~~~~~~~~~~~^[m[K
   35 | [01;31m[K  "/position_controller/commands", 10)[m[K;
      |   [01;31m[K~~~~~~~~~~~~~~~~~~~~~~~~~~~~~~~~~~~~[m[K                            
[01m[K/home/ibrahim/tasc_arm/src/arm_2026/arm_2026/keyboard_teleop.cpp:37:1:[m[K [01;31m[Kerror: [m[K‘[01m[Kactuator_cmd_pub_[m[K’ was not declared in this scope
   37 | [01;31m[Kactuator_cmd_pub_[m[K = create_publisher<std_msgs::msg::Float32MultiArray>(
      | [01;31m[K^~~~~~~~~~~~~~~~~[m[K
[01m[K/home/ibrahim/tasc_arm/src/arm_2026/arm_2026/keyboard_teleop.cpp:37:21:[m[K [01;31m[Kerror: [m[Kparse error in template argument list
   37 | actuator_cmd_pub_ = [01;31m[Kcreate_publisher<std_msgs::msg::Float32MultiArray>[m[K(
      |                     [01;31m[K^~~~~~~~~~~~~~~~~~~~~~~~~~~~~~~~~~~~~~~~~~~~~~~~~~[m[K
[01m[K/home/ibrahim/tasc_arm/src/arm_2026/arm_2026/keyboard_teleop.cpp:37:71:[m[K [01;31m[Kerror: [m[Kno matching function for call to ‘[01m[K{anonymous}::KeyboardTeleop::create_publisher<std_msgs>(const char [24], int)[m[K’
   37 | actuator_cmd_pub_ = [01;31m[Kcreate_publisher<std_msgs::msg::Float32MultiArray>([m[K
      |                     [01;31m[K~~~~~~~~~~~~~~~~~~~~~~~~~~~~~~~~~~~~~~~~~~~~~~~~~~^[m[K
   38 | [01;31m[K  "/arm_actuator_drive_cmd", 10)[m[K;
      |   [01;31m[K~~~~~~~~~~~~~~~~~~~~~~~~~~~~~~[m[K                                       
In file included from [01m[K/opt/ros/humble/include/rclcpp/rclcpp/executors/single_threaded_executor.hpp:28[m[K,
                 from [01m[K/opt/ros/humble/include/rclcpp/rclcpp/executors.hpp:22[m[K,
                 from [01m[K/opt/ros/humble/include/rclcpp/rclcpp/rclcpp.hpp:155[m[K,
                 from [01m[K/home/ibrahim/tasc_arm/src/arm_2026/arm_2026/keyboard_teleop.cpp:5[m[K:
[01m[K/opt/ros/humble/include/rclcpp/rclcpp/node.hpp:195:3:[m[K [01;36m[Knote: [m[Kcandidate: ‘[01m[Ktemplate<class MessageT, class AllocatorT, class PublisherT> std::shared_ptr<PublisherT> rclcpp::Node::create_publisher(const string&, const rclcpp::QoS&, const rclcpp::PublisherOptionsWithAllocator<AllocatorT>&)[m[K’
  195 |   [01;36m[Kcreate_publisher[m[K(
      |   [01;36m[K^~~~~~~~~~~~~~~~[m[K
[01m[K/opt/ros/humble/include/rclcpp/rclcpp/node.hpp:195:3:[m[K [01;36m[Knote: [m[K  template argument deduction/substitution failed:
[01m[K/home/ibrahim/tasc_arm/src/arm_2026/arm_2026/keyboard_teleop.cpp:40:1:[m[K [01;31m[Kerror: [m[K‘[01m[Kjoint_state_sub_[m[K’ was not declared in this scope
   40 | [01;31m[Kjoint_state_sub_[m[K = create_subscription<sensor_msgs::msg::JointState>(
      | [01;31m[K^~~~~~~~~~~~~~~~[m[K
[01m[K/home/ibrahim/tasc_arm/src/arm_2026/arm_2026/keyboard_teleop.cpp:40:40:[m[K [01;31m[Kerror: [m[K‘[01m[Ksensor_msgs[m[K’ was not declared in this scope
   40 | joint_state_sub_ = create_subscription<[01;31m[Ksensor_msgs[m[K::msg::JointState>(
      |                                        [01;31m[K^~~~~~~~~~~[m[K
[01m[K/home/ibrahim/tasc_arm/src/arm_2026/arm_2026/keyboard_teleop.cpp:40:20:[m[K [01;31m[Kerror: [m[Kparse error in template argument list
   40 | joint_state_sub_ = [01;31m[Kcreate_subscription<sensor_msgs::msg::JointState>[m[K(
      |                    [01;31m[K^~~~~~~~~~~~~~~~~~~~~~~~~~~~~~~~~~~~~~~~~~~~~~~~~[m[K
[01m[K/home/ibrahim/tasc_arm/src/arm_2026/arm_2026/keyboard_teleop.cpp:40:69:[m[K [01;31m[Kerror: [m[Kno matching function for call to ‘[01m[K{anonymous}::KeyboardTeleop::create_subscription<<expression error> >(const char [14], int, std::_Bind_helper<false, void ({anonymous}::KeyboardTeleop::*)(...), {anonymous}::KeyboardTeleop*, const std::_Placeholder<1>&>::type)[m[K’
   40 | joint_state_sub_ = [01;31m[Kcreate_subscription<sensor_msgs::msg::JointState>([m[K
      |                    [01;31m[K~~~~~~~~~~~~~~~~~~~~~~~~~~~~~~~~~~~~~~~~~~~~~~~~~^[m[K
   41 | [01;31m[K  "/joint_states", 10,[m[K
      |   [01;31m[K~~~~~~~~~~~~~~~~~~~~[m[K                                               
   42 | [01;31m[K  std::bind(&KeyboardTeleop::joint_state_callback, this, std::placeholders::_1))[m[K;
      |   [01;31m[K~~~~~~~~~~~~~~~~~~~~~~~~~~~~~~~~~~~~~~~~~~~~~~~~~~~~~~~~~~~~~~~~~~~~~~~~~~~~~~[m[K
In file included from [01m[K/opt/ros/humble/include/rclcpp/rclcpp/executors/single_threaded_executor.hpp:28[m[K,
                 from [01m[K/opt/ros/humble/include/rclcpp/rclcpp/executors.hpp:22[m[K,
                 from [01m[K/opt/ros/humble/include/rclcpp/rclcpp/rclcpp.hpp:155[m[K,
                 from [01m[K/home/ibrahim/tasc_arm/src/arm_2026/arm_2026/keyboard_teleop.cpp:5[m[K:
[01m[K/opt/ros/humble/include/rclcpp/rclcpp/node.hpp:219:3:[m[K [01;36m[Knote: [m[Kcandidate: ‘[01m[Ktemplate<class MessageT, class CallbackT, class AllocatorT, class SubscriptionT, class MessageMemoryStrategyT> std::shared_ptr<ROSMessageT> rclcpp::Node::create_subscription(const string&, const rclcpp::QoS&, CallbackT&&, const rclcpp::SubscriptionOptionsWithAllocator<AllocatorT>&, typename MessageMemoryStrategyT::SharedPtr)[m[K’
  219 |   [01;36m[Kcreate_subscription[m[K(
      |   [01;36m[K^~~~~~~~~~~~~~~~~~~[m[K
[01m[K/opt/ros/humble/include/rclcpp/rclcpp/node.hpp:219:3:[m[K [01;36m[Knote: [m[K  template argument deduction/substitution failed:
[01m[K/home/ibrahim/tasc_arm/src/arm_2026/arm_2026/keyboard_teleop.cpp:40:69:[m[K [01;31m[Kerror: [m[Ktemplate argument 1 is invalid
   40 | joint_state_sub_ = [01;31m[Kcreate_subscription<sensor_msgs::msg::JointState>([m[K
      |                    [01;31m[K~~~~~~~~~~~~~~~~~~~~~~~~~~~~~~~~~~~~~~~~~~~~~~~~~^[m[K
   41 | [01;31m[K  "/joint_states", 10,[m[K
      |   [01;31m[K~~~~~~~~~~~~~~~~~~~~[m[K                                               
   42 | [01;31m[K  std::bind(&KeyboardTeleop::joint_state_callback, this, std::placeholders::_1))[m[K;
      |   [01;31m[K~~~~~~~~~~~~~~~~~~~~~~~~~~~~~~~~~~~~~~~~~~~~~~~~~~~~~~~~~~~~~~~~~~~~~~~~~~~~~~[m[K
[01m[K/home/ibrahim/tasc_arm/src/arm_2026/arm_2026/keyboard_teleop.cpp:[m[K In member function ‘[01m[Kvoid {anonymous}::KeyboardTeleop::print_help() const[m[K’:
[01m[K/home/ibrahim/tasc_arm/src/arm_2026/arm_2026/keyboard_teleop.cpp:74:776:[m[K [01;31m[Kerror: [m[K‘[01m[Kbase_phidget_scale_deg_per_count_[m[K’ was not declared in this scope
   74 | private:void print_help() const{std::printf("\n""Keyboard teleop for arm_2026\n""Commands:\n""  q/a : base + / -\n""  w/s : shoulder retract / extend while held\n""  e/d : elbow retract / extend while held\n""  r/f : wrist_twist + / -\n""  t/g : wrist_roll + / -\n""  z/x : decrease / increase step size\n""  space : publish current target again\n""  h : show help\n""  c : reset target to current measured joints\n""  Ctrl-C : quit\n""\n");std::printf("Publish modes: /position_controller/commands=%s, /arm_actuator_drive_cmd=%s, require_joint_state=%s\n",publish_controller_commands_ ? "on" : "off",publish_direct_actuator_cmd_ ? "on" : "off",require_joint_state_before_motion_ ? "on" : "off");std::printf("Teleop scaling: base=%.11f, wrist=%.11f, wrist/base ratio=%.4f\n",[01;31m[Kbase_phidget_scale_deg_per_count_[m[K,wrist_phidget_scale_deg_per_count_,wrist_gain_ratio_);std::printf("Elbow sim speed assumption: 7 mm/s with load, 2.5 deg/cm -> %.4f rad/s\n",elbow_actuator_sim_speed_rad_per_sec_);print_status();}
      |                                                                                                                                                                                                                                                                                                                                                                                                                                                                                                                                                                                                                                                                                                                                                                                                        [01;31m[K^~~~~~~~~~~~~~~~~~~~~~~~~~~~~~~~~[m[K
[01m[K/home/ibrahim/tasc_arm/src/arm_2026/arm_2026/keyboard_teleop.cpp:74:810:[m[K [01;31m[Kerror: [m[K‘[01m[Kwrist_phidget_scale_deg_per_count_[m[K’ was not declared in this scope
   74 | private:void print_help() const{std::printf("\n""Keyboard teleop for arm_2026\n""Commands:\n""  q/a : base + / -\n""  w/s : shoulder retract / extend while held\n""  e/d : elbow retract / extend while held\n""  r/f : wrist_twist + / -\n""  t/g : wrist_roll + / -\n""  z/x : decrease / increase step size\n""  space : publish current target again\n""  h : show help\n""  c : reset target to current measured joints\n""  Ctrl-C : quit\n""\n");std::printf("Publish modes: /position_controller/commands=%s, /arm_actuator_drive_cmd=%s, require_joint_state=%s\n",publish_controller_commands_ ? "on" : "off",publish_direct_actuator_cmd_ ? "on" : "off",require_joint_state_before_motion_ ? "on" : "off");std::printf("Teleop scaling: base=%.11f, wrist=%.11f, wrist/base ratio=%.4f\n",base_phidget_scale_deg_per_count_,[01;31m[Kwrist_phidget_scale_deg_per_count_[m[K,wrist_gain_ratio_);std::printf("Elbow sim speed assumption: 7 mm/s with load, 2.5 deg/cm -> %.4f rad/s\n",elbow_actuator_sim_speed_rad_per_sec_);print_status();}
      |                                                                                                                                                                                                                                                                                                                                                                                                                                                                                                                                                                                                                                                                                                                                                                                                                                          [01;31m[K^~~~~~~~~~~~~~~~~~~~~~~~~~~~~~~~~~[m[K
[01m[K/home/ibrahim/tasc_arm/src/arm_2026/arm_2026/keyboard_teleop.cpp:74:845:[m[K [01;31m[Kerror: [m[K‘[01m[Kwrist_gain_ratio_[m[K’ was not declared in this scope
   74 | private:void print_help() const{std::printf("\n""Keyboard teleop for arm_2026\n""Commands:\n""  q/a : base + / -\n""  w/s : shoulder retract / extend while held\n""  e/d : elbow retract / extend while held\n""  r/f : wrist_twist + / -\n""  t/g : wrist_roll + / -\n""  z/x : decrease / increase step size\n""  space : publish current target again\n""  h : show help\n""  c : reset target to current measured joints\n""  Ctrl-C : quit\n""\n");std::printf("Publish modes: /position_controller/commands=%s, /arm_actuator_drive_cmd=%s, require_joint_state=%s\n",publish_controller_commands_ ? "on" : "off",publish_direct_actuator_cmd_ ? "on" : "off",require_joint_state_before_motion_ ? "on" : "off");std::printf("Teleop scaling: base=%.11f, wrist=%.11f, wrist/base ratio=%.4f\n",base_phidget_scale_deg_per_count_,wrist_phidget_scale_deg_per_count_,[01;31m[Kwrist_gain_ratio_[m[K);std::printf("Elbow sim speed assumption: 7 mm/s with load, 2.5 deg/cm -> %.4f rad/s\n",elbow_actuator_sim_speed_rad_per_sec_);print_status();}
      |                                                                                                                                                                                                                                                                                                                                                                                                                                                                                                                                                                                                                                                                                                                                                                                                                                                                             [01;31m[K^~~~~~~~~~~~~~~~~[m[K
[01m[K/home/ibrahim/tasc_arm/src/arm_2026/arm_2026/keyboard_teleop.cpp:74:951:[m[K [01;31m[Kerror: [m[K‘[01m[Kelbow_actuator_sim_speed_rad_per_sec_[m[K’ was not declared in this scope
   74 | private:void print_help() const{std::printf("\n""Keyboard teleop for arm_2026\n""Commands:\n""  q/a : base + / -\n""  w/s : shoulder retract / extend while held\n""  e/d : elbow retract / extend while held\n""  r/f : wrist_twist + / -\n""  t/g : wrist_roll + / -\n""  z/x : decrease / increase step size\n""  space : publish current target again\n""  h : show help\n""  c : reset target to current measured joints\n""  Ctrl-C : quit\n""\n");std::printf("Publish modes: /position_controller/commands=%s, /arm_actuator_drive_cmd=%s, require_joint_state=%s\n",publish_controller_commands_ ? "on" : "off",publish_direct_actuator_cmd_ ? "on" : "off",require_joint_state_before_motion_ ? "on" : "off");std::printf("Teleop scaling: base=%.11f, wrist=%.11f, wrist/base ratio=%.4f\n",base_phidget_scale_deg_per_count_,wrist_phidget_scale_deg_per_count_,wrist_gain_ratio_);std::printf("Elbow sim speed assumption: 7 mm/s with load, 2.5 deg/cm -> %.4f rad/s\n",[01;31m[Kelbow_actuator_sim_speed_rad_per_sec_[m[K);print_status();}
      |                                                                                                                                                                                                                                                                                                                                                                                                                                                                                                                                                                                                                                                                                                                                                                                                                                                                                                                                                                                       [01;31m[K^~~~~~~~~~~~~~~~~~~~~~~~~~~~~~~~~~~~~[m[K
[01m[K/home/ibrahim/tasc_arm/src/arm_2026/arm_2026/keyboard_teleop.cpp:[m[K In member function ‘[01m[Kvoid {anonymous}::KeyboardTeleop::nudge_joint(std::size_t, double)[m[K’:
[01m[K/home/ibrahim/tasc_arm/src/arm_2026/arm_2026/keyboard_teleop.cpp:132:44:[m[K [01;31m[Kerror: [m[K‘[01m[Kteleop_joint_gain_[m[K’ was not declared in this scope
  132 |   target_positions_[joint_index] + delta * [01;31m[Kteleop_joint_gain_[m[K[joint_index],
      |                                            [01;31m[K^~~~~~~~~~~~~~~~~~[m[K
[01m[K/home/ibrahim/tasc_arm/src/arm_2026/arm_2026/keyboard_teleop.cpp:[m[K In member function ‘[01m[Kvoid {anonymous}::KeyboardTeleop::update_actuator_hold_command()[m[K’:
[01m[K/home/ibrahim/tasc_arm/src/arm_2026/arm_2026/keyboard_teleop.cpp:171:26:[m[K [01;31m[Kerror: [m[K‘[01m[Kshoulder_actuator_sim_speed_rad_per_sec_[m[K’ was not declared in this scope
  171 |   target_positions_[1] + [01;31m[Kshoulder_actuator_sim_speed_rad_per_sec_[m[K * actuator_drive_cmd_[0] * dt,
      |                          [01;31m[K^~~~~~~~~~~~~~~~~~~~~~~~~~~~~~~~~~~~~~~~[m[K
[01m[K/home/ibrahim/tasc_arm/src/arm_2026/arm_2026/keyboard_teleop.cpp:178:26:[m[K [01;31m[Kerror: [m[K‘[01m[Kelbow_actuator_sim_speed_rad_per_sec_[m[K’ was not declared in this scope
  178 |   target_positions_[2] + [01;31m[Kelbow_actuator_sim_speed_rad_per_sec_[m[K * actuator_drive_cmd_[1] * dt,
      |                          [01;31m[K^~~~~~~~~~~~~~~~~~~~~~~~~~~~~~~~~~~~~[m[K
[01m[K/home/ibrahim/tasc_arm/src/arm_2026/arm_2026/keyboard_teleop.cpp:[m[K In member function ‘[01m[Kvoid {anonymous}::KeyboardTeleop::publish_actuator_drive_command()[m[K’:
[01m[K/home/ibrahim/tasc_arm/src/arm_2026/arm_2026/keyboard_teleop.cpp:189:77:[m[K [01;31m[Kerror: [m[K‘[01m[Kactuator_cmd_pub_[m[K’ was not declared in this scope
  189 | void publish_actuator_drive_command(){if (!publish_direct_actuator_cmd_ || ![01;31m[Kactuator_cmd_pub_[m[K) {return;}
      |                                                                             [01;31m[K^~~~~~~~~~~~~~~~~[m[K
[01m[K/home/ibrahim/tasc_arm/src/arm_2026/arm_2026/keyboard_teleop.cpp:191:1:[m[K [01;31m[Kerror: [m[K‘[01m[Kstd_msgs[m[K’ has not been declared
  191 | [01;31m[Kstd_msgs[m[K::msg::Float32MultiArray actuator_msg;
      | [01;31m[K^~~~~~~~[m[K
[01m[K/home/ibrahim/tasc_arm/src/arm_2026/arm_2026/keyboard_teleop.cpp:192:1:[m[K [01;31m[Kerror: [m[K‘[01m[Kactuator_msg[m[K’ was not declared in this scope
  192 | [01;31m[Kactuator_msg[m[K.data.assign(actuator_drive_cmd_.begin(), actuator_drive_cmd_.end());
      | [01;31m[K^~~~~~~~~~~~[m[K
[01m[K/home/ibrahim/tasc_arm/src/arm_2026/arm_2026/keyboard_teleop.cpp:193:1:[m[K [01;31m[Kerror: [m[K‘[01m[Kactuator_cmd_pub_[m[K’ was not declared in this scope
  193 | [01;31m[Kactuator_cmd_pub_[m[K->publish(actuator_msg);
      | [01;31m[K^~~~~~~~~~~~~~~~~[m[K
[01m[K/home/ibrahim/tasc_arm/src/arm_2026/arm_2026/keyboard_teleop.cpp:[m[K In member function ‘[01m[Kvoid {anonymous}::KeyboardTeleop::publish_target()[m[K’:
[01m[K/home/ibrahim/tasc_arm/src/arm_2026/arm_2026/keyboard_teleop.cpp:197:59:[m[K [01;31m[Kerror: [m[K‘[01m[Kcommand_pub_[m[K’ was not declared in this scope
  197 | void publish_target(){if (publish_controller_commands_ && [01;31m[Kcommand_pub_[m[K) {std_msgs::msg::Float64MultiArray msg;msg.data.assign(target_positions_.begin(), target_positions_.end());command_pub_->publish(msg);}
      |                                                           [01;31m[K^~~~~~~~~~~~[m[K
[01m[K/home/ibrahim/tasc_arm/src/arm_2026/arm_2026/keyboard_teleop.cpp:197:74:[m[K [01;31m[Kerror: [m[K‘[01m[Kstd_msgs[m[K’ has not been declared
  197 | void publish_target(){if (publish_controller_commands_ && command_pub_) {[01;31m[Kstd_msgs[m[K::msg::Float64MultiArray msg;msg.data.assign(target_positions_.begin(), target_positions_.end());command_pub_->publish(msg);}
      |                                                                          [01;31m[K^~~~~~~~[m[K
[01m[K/home/ibrahim/tasc_arm/src/arm_2026/arm_2026/keyboard_teleop.cpp:197:111:[m[K [01;31m[Kerror: [m[K‘[01m[Kmsg[m[K’ was not declared in this scope
  197 | void publish_target(){if (publish_controller_commands_ && command_pub_) {std_msgs::msg::Float64MultiArray msg;[01;31m[Kmsg[m[K.data.assign(target_positions_.begin(), target_positions_.end());command_pub_->publish(msg);}
      |                                                                                                               [01;31m[K^~~[m[K
[01m[K/home/ibrahim/tasc_arm/src/arm_2026/arm_2026/keyboard_teleop.cpp:197:111:[m[K [01;36m[Knote: [m[Ksuggested alternatives:
In file included from [01m[K/opt/ros/humble/include/builtin_interfaces/builtin_interfaces/msg/duration.hpp:7[m[K,
                 from [01m[K/opt/ros/humble/include/rclcpp/rclcpp/duration.hpp:20[m[K,
                 from [01m[K/opt/ros/humble/include/rclcpp/rclcpp/qos.hpp:20[m[K,
                 from [01m[K/opt/ros/humble/include/rclcpp/rclcpp/node_interfaces/node_graph_interface.hpp:32[m[K,
                 from [01m[K/opt/ros/humble/include/rclcpp/rclcpp/client.hpp:42[m[K,
                 from [01m[K/opt/ros/humble/include/rclcpp/rclcpp/callback_group.hpp:24[m[K,
                 from [01m[K/opt/ros/humble/include/rclcpp/rclcpp/any_executable.hpp:20[m[K,
                 from [01m[K/opt/ros/humble/include/rclcpp/rclcpp/memory_strategy.hpp:25[m[K,
                 from [01m[K/opt/ros/humble/include/rclcpp/rclcpp/memory_strategies.hpp:18[m[K,
                 from [01m[K/opt/ros/humble/include/rclcpp/rclcpp/executor_options.hpp:20[m[K,
                 from [01m[K/opt/ros/humble/include/rclcpp/rclcpp/executor.hpp:37[m[K,
                 from [01m[K/opt/ros/humble/include/rclcpp/rclcpp/executors/multi_threaded_executor.hpp:25[m[K,
                 from [01m[K/opt/ros/humble/include/rclcpp/rclcpp/executors.hpp:21[m[K,
                 from [01m[K/opt/ros/humble/include/rclcpp/rclcpp/rclcpp.hpp:155[m[K,
                 from [01m[K/home/ibrahim/tasc_arm/src/arm_2026/arm_2026/keyboard_teleop.cpp:5[m[K:
[01m[K/opt/ros/humble/include/builtin_interfaces/builtin_interfaces/msg/detail/duration__struct.hpp:27:11:[m[K [01;36m[Knote: [m[K  ‘[01m[Kbuiltin_interfaces::msg[m[K’
   27 | namespace [01;36m[Kmsg[m[K
      |           [01;36m[K^~~[m[K
In file included from [01m[K/opt/ros/humble/include/rcl_interfaces/rcl_interfaces/msg/set_parameters_result.hpp:7[m[K,
                 from [01m[K/opt/ros/humble/include/rclcpp/rclcpp/qos_overriding_options.hpp:28[m[K,
                 from [01m[K/opt/ros/humble/include/rclcpp/rclcpp/subscription_options.hpp:30[m[K,
                 from [01m[K/opt/ros/humble/include/rclcpp/rclcpp/subscription.hpp:45[m[K,
                 from [01m[K/opt/ros/humble/include/rclcpp/rclcpp/any_executable.hpp:25[m[K,
                 from [01m[K/opt/ros/humble/include/rclcpp/rclcpp/memory_strategy.hpp:25[m[K,
                 from [01m[K/opt/ros/humble/include/rclcpp/rclcpp/memory_strategies.hpp:18[m[K,
                 from [01m[K/opt/ros/humble/include/rclcpp/rclcpp/executor_options.hpp:20[m[K,
                 from [01m[K/opt/ros/humble/include/rclcpp/rclcpp/executor.hpp:37[m[K,
                 from [01m[K/opt/ros/humble/include/rclcpp/rclcpp/executors/multi_threaded_executor.hpp:25[m[K,
                 from [01m[K/opt/ros/humble/include/rclcpp/rclcpp/executors.hpp:21[m[K,
                 from [01m[K/opt/ros/humble/include/rclcpp/rclcpp/rclcpp.hpp:155[m[K,
                 from [01m[K/home/ibrahim/tasc_arm/src/arm_2026/arm_2026/keyboard_teleop.cpp:5[m[K:
[01m[K/opt/ros/humble/include/rcl_interfaces/rcl_interfaces/msg/detail/set_parameters_result__struct.hpp:27:11:[m[K [01;36m[Knote: [m[K  ‘[01m[Krcl_interfaces::msg[m[K’
   27 | namespace [01;36m[Kmsg[m[K
      |           [01;36m[K^~~[m[K
In file included from [01m[K/opt/ros/humble/include/statistics_msgs/statistics_msgs/msg/detail/metrics_message__struct.hpp:23[m[K,
                 from [01m[K/opt/ros/humble/include/statistics_msgs/statistics_msgs/msg/metrics_message.hpp:7[m[K,
                 from [01m[K/opt/ros/humble/include/libstatistics_collector/libstatistics_collector/collector/generate_statistics_message.hpp:21[m[K,
                 from [01m[K/opt/ros/humble/include/rclcpp/rclcpp/topic_statistics/subscription_topic_statistics.hpp:23[m[K,
                 from [01m[K/opt/ros/humble/include/rclcpp/rclcpp/subscription.hpp:50[m[K,
                 from [01m[K/opt/ros/humble/include/rclcpp/rclcpp/any_executable.hpp:25[m[K,
                 from [01m[K/opt/ros/humble/include/rclcpp/rclcpp/memory_strategy.hpp:25[m[K,
                 from [01m[K/opt/ros/humble/include/rclcpp/rclcpp/memory_strategies.hpp:18[m[K,
                 from [01m[K/opt/ros/humble/include/rclcpp/rclcpp/executor_options.hpp:20[m[K,
                 from [01m[K/opt/ros/humble/include/rclcpp/rclcpp/executor.hpp:37[m[K,
                 from [01m[K/opt/ros/humble/include/rclcpp/rclcpp/executors/multi_threaded_executor.hpp:25[m[K,
                 from [01m[K/opt/ros/humble/include/rclcpp/rclcpp/executors.hpp:21[m[K,
                 from [01m[K/opt/ros/humble/include/rclcpp/rclcpp/rclcpp.hpp:155[m[K,
                 from [01m[K/home/ibrahim/tasc_arm/src/arm_2026/arm_2026/keyboard_teleop.cpp:5[m[K:
[01m[K/opt/ros/humble/include/statistics_msgs/statistics_msgs/msg/detail/statistic_data_point__struct.hpp:27:11:[m[K [01;36m[Knote: [m[K  ‘[01m[Kstatistics_msgs::msg[m[K’
   27 | namespace [01;36m[Kmsg[m[K
      |           [01;36m[K^~~[m[K
[01m[K/home/ibrahim/tasc_arm/src/arm_2026/arm_2026/keyboard_teleop.cpp:[m[K In function ‘[01m[Kint main(int, char**)[m[K’:
[01m[K/home/ibrahim/tasc_arm/src/arm_2026/arm_2026/keyboard_teleop.cpp:227:88:[m[K [01;31m[Kerror: [m[Kno matching function for call to ‘[01m[Kmake_shared()[m[K’
  227 | int main(int argc, char * argv[]){rclcpp::init(argc, argv);auto node = [01;31m[Kstd::make_shared()[m[K;node->spin();rclcpp::shutdown();return 0;}
      |                                                                        [01;31m[K~~~~~~~~~~~~~~~~^~[m[K
In file included from [01m[K/usr/include/c++/11/memory:77[m[K,
                 from [01m[K/opt/ros/humble/include/rclcpp/rclcpp/rclcpp.hpp:153[m[K,
                 from [01m[K/home/ibrahim/tasc_arm/src/arm_2026/arm_2026/keyboard_teleop.cpp:5[m[K:
[01m[K/usr/include/c++/11/bits/shared_ptr.h:875:5:[m[K [01;36m[Knote: [m[Kcandidate: ‘[01m[Ktemplate<class _Tp, class ... _Args> std::shared_ptr<_Tp> std::make_shared(_Args&& ...)[m[K’
  875 |     [01;36m[Kmake_shared[m[K(_Args&&... __args)
      |     [01;36m[K^~~~~~~~~~~[m[K
[01m[K/usr/include/c++/11/bits/shared_ptr.h:875:5:[m[K [01;36m[Knote: [m[K  template argument deduction/substitution failed:
[01m[K/home/ibrahim/tasc_arm/src/arm_2026/arm_2026/keyboard_teleop.cpp:227:88:[m[K [01;36m[Knote: [m[K  couldn’t deduce template parameter ‘[01m[K_Tp[m[K’
  227 | int main(int argc, char * argv[]){rclcpp::init(argc, argv);auto node = [01;36m[Kstd::make_shared()[m[K;node->spin();rclcpp::shutdown();return 0;}
      |                                                                        [01;36m[K~~~~~~~~~~~~~~~~^~[m[K
gmake[2]: *** [CMakeFiles/arm_2026_keyboard_teleop.dir/build.make:76: CMakeFiles/arm_2026_keyboard_teleop.dir/arm_2026/keyboard_teleop.cpp.o] Error 1
gmake[1]: *** [CMakeFiles/Makefile2:167: CMakeFiles/arm_2026_keyboard_teleop.dir/all] Error 2
gmake: *** [Makefile:146: all] Error 2
