[1.090s] Invoking command in '/home/ibrahim/tasc_arm/build/arm_control': CMAKE_PREFIX_PATH=${CMAKE_PREFIX_PATH}:/home/ibrahim/tasc_arm/install/arm_bringup:/opt/ros/humble /usr/bin/cmake --build /home/ibrahim/tasc_arm/build/arm_control -- -j4 -l4
[1.290s] [100%] Built target arm_control
[1.355s] Invoked command in '/home/ibrahim/tasc_arm/build/arm_control' returned '0': CMAKE_PREFIX_PATH=${CMAKE_PREFIX_PATH}:/home/ibrahim/tasc_arm/install/arm_bringup:/opt/ros/humble /usr/bin/cmake --build /home/ibrahim/tasc_arm/build/arm_control -- -j4 -l4
[1.367s] Invoking command in '/home/ibrahim/tasc_arm/build/arm_control': CMAKE_PREFIX_PATH=${CMAKE_PREFIX_PATH}:/home/ibrahim/tasc_arm/install/arm_bringup:/opt/ros/humble /usr/bin/cmake --install /home/ibrahim/tasc_arm/build/arm_control
[1.448s] -- Install configuration: ""
[1.449s] -- Up-to-date: /home/ibrahim/tasc_arm/install/arm_control/share/arm_control/plugin.xml
[1.450s] -- Up-to-date: /home/ibrahim/tasc_arm/install/arm_control/lib/libarm_control.so
[1.450s] -- Up-to-date: /home/ibrahim/tasc_arm/install/arm_control/include
[1.450s] -- Up-to-date: /home/ibrahim/tasc_arm/install/arm_control/include/arm_control
[1.450s] -- Up-to-date: /home/ibrahim/tasc_arm/install/arm_control/share/arm_control/plugin.xml
[1.451s] -- Up-to-date: /home/ibrahim/tasc_arm/install/arm_control/share/arm_control/config
[1.451s] -- Up-to-date: /home/ibrahim/tasc_arm/install/arm_control/share/arm_control/config/controllers.yaml
[1.456s] -- Up-to-date: /home/ibrahim/tasc_arm/install/arm_control/lib/arm_control/keyboard_teleop.py
[1.456s] -- Up-to-date: /home/ibrahim/tasc_arm/install/arm_control/lib/arm_control/keyboard_cartesian_ik_teleop.py
[1.456s] -- Up-to-date: /home/ibrahim/tasc_arm/install/arm_control/lib/arm_control/ps5_arm_teleop.py
[1.457s] -- Up-to-date: /home/ibrahim/tasc_arm/install/arm_control/lib/arm_control/ps5_cartesian_ik_teleop.py
[1.457s] -- Up-to-date: /home/ibrahim/tasc_arm/install/arm_control/lib/arm_control/logitech_joystick_ik.py
[1.458s] -- Up-to-date: /home/ibrahim/tasc_arm/install/arm_control/lib/arm_control/joint_state_offset.py
[1.461s] -- Installing: /home/ibrahim/tasc_arm/install/arm_control/share/arm_control/package.dsv
[1.462s] -- Up-to-date: /home/ibrahim/tasc_arm/install/arm_control/share/arm_control/package.xml
[1.518s] Invoked command in '/home/ibrahim/tasc_arm/build/arm_control' returned '0': CMAKE_PREFIX_PATH=${CMAKE_PREFIX_PATH}:/home/ibrahim/tasc_arm/install/arm_bringup:/opt/ros/humble /usr/bin/cmake --install /home/ibrahim/tasc_arm/build/arm_control
