[0.112s] DEBUG:colcon:Command line arguments: ['/usr/bin/colcon', 'build']
[0.112s] DEBUG:colcon:Parsed command line arguments: Namespace(log_base=None, log_level=None, verb_name='build', build_base='build', install_base='install', merge_install=False, symlink_install=False, test_result_base=None, continue_on_error=False, executor='parallel', parallel_workers=4, event_handlers=None, ignore_user_meta=False, metas=['./colcon.meta'], base_paths=['.'], packages_ignore=None, packages_ignore_regex=None, paths=None, packages_up_to=None, packages_up_to_regex=None, packages_above=None, packages_above_and_dependencies=None, packages_above_depth=None, packages_select_by_dep=None, packages_skip_by_dep=None, packages_skip_up_to=None, packages_select_build_failed=False, packages_skip_build_finished=False, packages_select_test_failures=False, packages_skip_test_passed=False, packages_select=None, packages_skip=None, packages_select_regex=None, packages_skip_regex=None, packages_start=None, packages_end=None, allow_overriding=[], cmake_args=None, cmake_target=None, cmake_target_skip_unavailable=False, cmake_clean_cache=False, cmake_clean_first=False, cmake_force_configure=False, ament_cmake_args=None, catkin_cmake_args=None, catkin_skip_building_tests=False, mixin_files=None, mixin=None, verb_parser=<colcon_mixin.mixin.mixin_argument.MixinArgumentDecorator object at 0x755ee1e3e680>, verb_extension=<colcon_core.verb.build.BuildVerb object at 0x755ee1f5f580>, main=<bound method BuildVerb.main of <colcon_core.verb.build.BuildVerb object at 0x755ee1f5f580>>, mixin_verb=('build',))
[0.257s] Level 1:colcon.colcon_core.package_discovery:discover_packages(colcon_meta) check parameters
[0.257s] Level 1:colcon.colcon_core.package_discovery:discover_packages(recursive) check parameters
[0.257s] Level 1:colcon.colcon_core.package_discovery:discover_packages(ignore) check parameters
[0.257s] Level 1:colcon.colcon_core.package_discovery:discover_packages(path) check parameters
[0.257s] Level 1:colcon.colcon_core.package_discovery:discover_packages(colcon_meta) discover
[0.257s] Level 1:colcon.colcon_core.package_discovery:discover_packages(recursive) discover
[0.257s] INFO:colcon.colcon_core.package_discovery:Crawling recursively for packages in '/home/ibrahim/tasc_arm'
[0.257s] Level 1:colcon.colcon_core.package_identification:_identify(.) by extensions ['ignore', 'ignore_ament_install']
[0.257s] Level 1:colcon.colcon_core.package_identification:_identify(.) by extension 'ignore'
[0.257s] Level 1:colcon.colcon_core.package_identification:_identify(.) by extension 'ignore_ament_install'
[0.257s] Level 1:colcon.colcon_core.package_identification:_identify(.) by extensions ['colcon_pkg']
[0.257s] Level 1:colcon.colcon_core.package_identification:_identify(.) by extension 'colcon_pkg'
[0.257s] Level 1:colcon.colcon_core.package_identification:_identify(.) by extensions ['colcon_meta']
[0.257s] Level 1:colcon.colcon_core.package_identification:_identify(.) by extension 'colcon_meta'
[0.258s] Level 1:colcon.colcon_core.package_identification:_identify(.) by extensions ['ros']
[0.258s] Level 1:colcon.colcon_core.package_identification:_identify(.) by extension 'ros'
[0.269s] Level 1:colcon.colcon_core.package_identification:_identify(.) by extensions ['cmake', 'python']
[0.269s] Level 1:colcon.colcon_core.package_identification:_identify(.) by extension 'cmake'
[0.270s] Level 1:colcon.colcon_core.package_identification:_identify(.) by extension 'python'
[0.270s] Level 1:colcon.colcon_core.package_identification:_identify(.) by extensions ['python_setup_py']
[0.270s] Level 1:colcon.colcon_core.package_identification:_identify(.) by extension 'python_setup_py'
[0.270s] Level 1:colcon.colcon_core.package_identification:_identify(build) by extensions ['ignore', 'ignore_ament_install']
[0.270s] Level 1:colcon.colcon_core.package_identification:_identify(build) by extension 'ignore'
[0.270s] Level 1:colcon.colcon_core.package_identification:_identify(build) ignored
[0.270s] Level 1:colcon.colcon_core.package_identification:_identify(install) by extensions ['ignore', 'ignore_ament_install']
[0.270s] Level 1:colcon.colcon_core.package_identification:_identify(install) by extension 'ignore'
[0.270s] Level 1:colcon.colcon_core.package_identification:_identify(install) ignored
[0.270s] Level 1:colcon.colcon_core.package_identification:_identify(log) by extensions ['ignore', 'ignore_ament_install']
[0.270s] Level 1:colcon.colcon_core.package_identification:_identify(log) by extension 'ignore'
[0.270s] Level 1:colcon.colcon_core.package_identification:_identify(log) ignored
[0.270s] Level 1:colcon.colcon_core.package_identification:_identify(src) by extensions ['ignore', 'ignore_ament_install']
[0.270s] Level 1:colcon.colcon_core.package_identification:_identify(src) by extension 'ignore'
[0.270s] Level 1:colcon.colcon_core.package_identification:_identify(src) by extension 'ignore_ament_install'
[0.271s] Level 1:colcon.colcon_core.package_identification:_identify(src) by extensions ['colcon_pkg']
[0.271s] Level 1:colcon.colcon_core.package_identification:_identify(src) by extension 'colcon_pkg'
[0.271s] Level 1:colcon.colcon_core.package_identification:_identify(src) by extensions ['colcon_meta']
[0.271s] Level 1:colcon.colcon_core.package_identification:_identify(src) by extension 'colcon_meta'
[0.271s] Level 1:colcon.colcon_core.package_identification:_identify(src) by extensions ['ros']
[0.271s] Level 1:colcon.colcon_core.package_identification:_identify(src) by extension 'ros'
[0.271s] Level 1:colcon.colcon_core.package_identification:_identify(src) by extensions ['cmake', 'python']
[0.271s] Level 1:colcon.colcon_core.package_identification:_identify(src) by extension 'cmake'
[0.271s] Level 1:colcon.colcon_core.package_identification:_identify(src) by extension 'python'
[0.271s] Level 1:colcon.colcon_core.package_identification:_identify(src) by extensions ['python_setup_py']
[0.271s] Level 1:colcon.colcon_core.package_identification:_identify(src) by extension 'python_setup_py'
[0.271s] Level 1:colcon.colcon_core.package_identification:_identify(src/arm_2026) by extensions ['ignore', 'ignore_ament_install']
[0.271s] Level 1:colcon.colcon_core.package_identification:_identify(src/arm_2026) by extension 'ignore'
[0.271s] Level 1:colcon.colcon_core.package_identification:_identify(src/arm_2026) by extension 'ignore_ament_install'
[0.271s] Level 1:colcon.colcon_core.package_identification:_identify(src/arm_2026) by extensions ['colcon_pkg']
[0.271s] Level 1:colcon.colcon_core.package_identification:_identify(src/arm_2026) by extension 'colcon_pkg'
[0.271s] Level 1:colcon.colcon_core.package_identification:_identify(src/arm_2026) by extensions ['colcon_meta']
[0.271s] Level 1:colcon.colcon_core.package_identification:_identify(src/arm_2026) by extension 'colcon_meta'
[0.271s] Level 1:colcon.colcon_core.package_identification:_identify(src/arm_2026) by extensions ['ros']
[0.271s] Level 1:colcon.colcon_core.package_identification:_identify(src/arm_2026) by extension 'ros'
[0.274s] DEBUG:colcon.colcon_core.package_identification:Package 'src/arm_2026' with type 'ros.ament_cmake' and name 'arm_2026'
[0.274s] Level 1:colcon.colcon_core.package_identification:_identify(src/arm_bringup) by extensions ['ignore', 'ignore_ament_install']
[0.274s] Level 1:colcon.colcon_core.package_identification:_identify(src/arm_bringup) by extension 'ignore'
[0.274s] Level 1:colcon.colcon_core.package_identification:_identify(src/arm_bringup) by extension 'ignore_ament_install'
[0.274s] Level 1:colcon.colcon_core.package_identification:_identify(src/arm_bringup) by extensions ['colcon_pkg']
[0.274s] Level 1:colcon.colcon_core.package_identification:_identify(src/arm_bringup) by extension 'colcon_pkg'
[0.274s] Level 1:colcon.colcon_core.package_identification:_identify(src/arm_bringup) by extensions ['colcon_meta']
[0.274s] Level 1:colcon.colcon_core.package_identification:_identify(src/arm_bringup) by extension 'colcon_meta'
[0.274s] Level 1:colcon.colcon_core.package_identification:_identify(src/arm_bringup) by extensions ['ros']
[0.274s] Level 1:colcon.colcon_core.package_identification:_identify(src/arm_bringup) by extension 'ros'
[0.275s] DEBUG:colcon.colcon_core.package_identification:Package 'src/arm_bringup' with type 'ros.ament_python' and name 'arm_bringup'
[0.275s] Level 1:colcon.colcon_core.package_identification:_identify(src/arm_control) by extensions ['ignore', 'ignore_ament_install']
[0.275s] Level 1:colcon.colcon_core.package_identification:_identify(src/arm_control) by extension 'ignore'
[0.275s] Level 1:colcon.colcon_core.package_identification:_identify(src/arm_control) by extension 'ignore_ament_install'
[0.275s] Level 1:colcon.colcon_core.package_identification:_identify(src/arm_control) by extensions ['colcon_pkg']
[0.275s] Level 1:colcon.colcon_core.package_identification:_identify(src/arm_control) by extension 'colcon_pkg'
[0.275s] Level 1:colcon.colcon_core.package_identification:_identify(src/arm_control) by extensions ['colcon_meta']
[0.275s] Level 1:colcon.colcon_core.package_identification:_identify(src/arm_control) by extension 'colcon_meta'
[0.275s] Level 1:colcon.colcon_core.package_identification:_identify(src/arm_control) by extensions ['ros']
[0.275s] Level 1:colcon.colcon_core.package_identification:_identify(src/arm_control) by extension 'ros'
[0.276s] DEBUG:colcon.colcon_core.package_identification:Package 'src/arm_control' with type 'ros.ament_cmake' and name 'arm_control'
[0.276s] Level 1:colcon.colcon_core.package_identification:_identify(src/arm_description) by extensions ['ignore', 'ignore_ament_install']
[0.276s] Level 1:colcon.colcon_core.package_identification:_identify(src/arm_description) by extension 'ignore'
[0.276s] Level 1:colcon.colcon_core.package_identification:_identify(src/arm_description) by extension 'ignore_ament_install'
[0.276s] Level 1:colcon.colcon_core.package_identification:_identify(src/arm_description) by extensions ['colcon_pkg']
[0.276s] Level 1:colcon.colcon_core.package_identification:_identify(src/arm_description) by extension 'colcon_pkg'
[0.276s] Level 1:colcon.colcon_core.package_identification:_identify(src/arm_description) by extensions ['colcon_meta']
[0.276s] Level 1:colcon.colcon_core.package_identification:_identify(src/arm_description) by extension 'colcon_meta'
[0.276s] Level 1:colcon.colcon_core.package_identification:_identify(src/arm_description) by extensions ['ros']
[0.276s] Level 1:colcon.colcon_core.package_identification:_identify(src/arm_description) by extension 'ros'
[0.276s] DEBUG:colcon.colcon_core.package_identification:Package 'src/arm_description' with type 'ros.ament_cmake' and name 'arm_description'
[0.277s] Level 1:colcon.colcon_core.package_identification:_identify(src/phidgets_hardware) by extensions ['ignore', 'ignore_ament_install']
[0.277s] Level 1:colcon.colcon_core.package_identification:_identify(src/phidgets_hardware) by extension 'ignore'
[0.277s] Level 1:colcon.colcon_core.package_identification:_identify(src/phidgets_hardware) by extension 'ignore_ament_install'
[0.277s] Level 1:colcon.colcon_core.package_identification:_identify(src/phidgets_hardware) by extensions ['colcon_pkg']
[0.277s] Level 1:colcon.colcon_core.package_identification:_identify(src/phidgets_hardware) by extension 'colcon_pkg'
[0.277s] Level 1:colcon.colcon_core.package_identification:_identify(src/phidgets_hardware) by extensions ['colcon_meta']
[0.277s] Level 1:colcon.colcon_core.package_identification:_identify(src/phidgets_hardware) by extension 'colcon_meta'
[0.277s] Level 1:colcon.colcon_core.package_identification:_identify(src/phidgets_hardware) by extensions ['ros']
[0.277s] Level 1:colcon.colcon_core.package_identification:_identify(src/phidgets_hardware) by extension 'ros'
[0.280s] DEBUG:colcon.colcon_core.package_identification:Package 'src/phidgets_hardware' with type 'ros.ament_cmake' and name 'phidgets_hardware'
[0.280s] Level 1:colcon.colcon_core.package_discovery:discover_packages(recursive) using defaults
[0.280s] Level 1:colcon.colcon_core.package_discovery:discover_packages(ignore) discover
[0.280s] Level 1:colcon.colcon_core.package_discovery:discover_packages(ignore) using defaults
[0.280s] Level 1:colcon.colcon_core.package_discovery:discover_packages(path) discover
[0.280s] Level 1:colcon.colcon_core.package_discovery:discover_packages(path) using defaults
[0.314s] Level 1:colcon.colcon_core.package_discovery:discover_packages(prefix_path) check parameters
[0.314s] Level 1:colcon.colcon_core.package_discovery:discover_packages(prefix_path) discover
[0.316s] DEBUG:colcon.colcon_installed_package_information.package_discovery:Found 5 installed packages in /home/ibrahim/tasc_arm/install
[0.317s] DEBUG:colcon.colcon_installed_package_information.package_discovery:Found 433 installed packages in /opt/ros/humble
[0.319s] Level 1:colcon.colcon_core.package_discovery:discover_packages(prefix_path) using defaults
[0.361s] Level 5:colcon.colcon_core.verb:set package 'arm_2026' build argument 'cmake_args' from command line to 'None'
[0.362s] Level 5:colcon.colcon_core.verb:set package 'arm_2026' build argument 'cmake_target' from command line to 'None'
[0.362s] Level 5:colcon.colcon_core.verb:set package 'arm_2026' build argument 'cmake_target_skip_unavailable' from command line to 'False'
[0.362s] Level 5:colcon.colcon_core.verb:set package 'arm_2026' build argument 'cmake_clean_cache' from command line to 'False'
[0.362s] Level 5:colcon.colcon_core.verb:set package 'arm_2026' build argument 'cmake_clean_first' from command line to 'False'
[0.362s] Level 5:colcon.colcon_core.verb:set package 'arm_2026' build argument 'cmake_force_configure' from command line to 'False'
[0.362s] Level 5:colcon.colcon_core.verb:set package 'arm_2026' build argument 'ament_cmake_args' from command line to 'None'
[0.362s] Level 5:colcon.colcon_core.verb:set package 'arm_2026' build argument 'catkin_cmake_args' from command line to 'None'
[0.362s] Level 5:colcon.colcon_core.verb:set package 'arm_2026' build argument 'catkin_skip_building_tests' from command line to 'False'
[0.362s] DEBUG:colcon.colcon_core.verb:Building package 'arm_2026' with the following arguments: {'ament_cmake_args': None, 'build_base': '/home/ibrahim/tasc_arm/build/arm_2026', 'catkin_cmake_args': None, 'catkin_skip_building_tests': False, 'cmake_args': None, 'cmake_clean_cache': False, 'cmake_clean_first': False, 'cmake_force_configure': False, 'cmake_target': None, 'cmake_target_skip_unavailable': False, 'install_base': '/home/ibrahim/tasc_arm/install/arm_2026', 'merge_install': False, 'path': '/home/ibrahim/tasc_arm/src/arm_2026', 'symlink_install': False, 'test_result_base': None}
[0.362s] Level 5:colcon.colcon_core.verb:set package 'arm_bringup' build argument 'cmake_args' from command line to 'None'
[0.362s] Level 5:colcon.colcon_core.verb:set package 'arm_bringup' build argument 'cmake_target' from command line to 'None'
[0.362s] Level 5:colcon.colcon_core.verb:set package 'arm_bringup' build argument 'cmake_target_skip_unavailable' from command line to 'False'
[0.362s] Level 5:colcon.colcon_core.verb:set package 'arm_bringup' build argument 'cmake_clean_cache' from command line to 'False'
[0.362s] Level 5:colcon.colcon_core.verb:set package 'arm_bringup' build argument 'cmake_clean_first' from command line to 'False'
[0.362s] Level 5:colcon.colcon_core.verb:set package 'arm_bringup' build argument 'cmake_force_configure' from command line to 'False'
[0.362s] Level 5:colcon.colcon_core.verb:set package 'arm_bringup' build argument 'ament_cmake_args' from command line to 'None'
[0.362s] Level 5:colcon.colcon_core.verb:set package 'arm_bringup' build argument 'catkin_cmake_args' from command line to 'None'
[0.362s] Level 5:colcon.colcon_core.verb:set package 'arm_bringup' build argument 'catkin_skip_building_tests' from command line to 'False'
[0.362s] DEBUG:colcon.colcon_core.verb:Building package 'arm_bringup' with the following arguments: {'ament_cmake_args': None, 'build_base': '/home/ibrahim/tasc_arm/build/arm_bringup', 'catkin_cmake_args': None, 'catkin_skip_building_tests': False, 'cmake_args': None, 'cmake_clean_cache': False, 'cmake_clean_first': False, 'cmake_force_configure': False, 'cmake_target': None, 'cmake_target_skip_unavailable': False, 'install_base': '/home/ibrahim/tasc_arm/install/arm_bringup', 'merge_install': False, 'path': '/home/ibrahim/tasc_arm/src/arm_bringup', 'symlink_install': False, 'test_result_base': None}
[0.362s] Level 5:colcon.colcon_core.verb:set package 'arm_control' build argument 'cmake_args' from command line to 'None'
[0.363s] Level 5:colcon.colcon_core.verb:set package 'arm_control' build argument 'cmake_target' from command line to 'None'
[0.363s] Level 5:colcon.colcon_core.verb:set package 'arm_control' build argument 'cmake_target_skip_unavailable' from command line to 'False'
[0.363s] Level 5:colcon.colcon_core.verb:set package 'arm_control' build argument 'cmake_clean_cache' from command line to 'False'
[0.363s] Level 5:colcon.colcon_core.verb:set package 'arm_control' build argument 'cmake_clean_first' from command line to 'False'
[0.363s] Level 5:colcon.colcon_core.verb:set package 'arm_control' build argument 'cmake_force_configure' from command line to 'False'
[0.363s] Level 5:colcon.colcon_core.verb:set package 'arm_control' build argument 'ament_cmake_args' from command line to 'None'
[0.363s] Level 5:colcon.colcon_core.verb:set package 'arm_control' build argument 'catkin_cmake_args' from command line to 'None'
[0.363s] Level 5:colcon.colcon_core.verb:set package 'arm_control' build argument 'catkin_skip_building_tests' from command line to 'False'
[0.363s] DEBUG:colcon.colcon_core.verb:Building package 'arm_control' with the following arguments: {'ament_cmake_args': None, 'build_base': '/home/ibrahim/tasc_arm/build/arm_control', 'catkin_cmake_args': None, 'catkin_skip_building_tests': False, 'cmake_args': None, 'cmake_clean_cache': False, 'cmake_clean_first': False, 'cmake_force_configure': False, 'cmake_target': None, 'cmake_target_skip_unavailable': False, 'install_base': '/home/ibrahim/tasc_arm/install/arm_control', 'merge_install': False, 'path': '/home/ibrahim/tasc_arm/src/arm_control', 'symlink_install': False, 'test_result_base': None}
[0.363s] Level 5:colcon.colcon_core.verb:set package 'arm_description' build argument 'cmake_args' from command line to 'None'
[0.363s] Level 5:colcon.colcon_core.verb:set package 'arm_description' build argument 'cmake_target' from command line to 'None'
[0.363s] Level 5:colcon.colcon_core.verb:set package 'arm_description' build argument 'cmake_target_skip_unavailable' from command line to 'False'
[0.363s] Level 5:colcon.colcon_core.verb:set package 'arm_description' build argument 'cmake_clean_cache' from command line to 'False'
[0.363s] Level 5:colcon.colcon_core.verb:set package 'arm_description' build argument 'cmake_clean_first' from command line to 'False'
[0.363s] Level 5:colcon.colcon_core.verb:set package 'arm_description' build argument 'cmake_force_configure' from command line to 'False'
[0.363s] Level 5:colcon.colcon_core.verb:set package 'arm_description' build argument 'ament_cmake_args' from command line to 'None'
[0.363s] Level 5:colcon.colcon_core.verb:set package 'arm_description' build argument 'catkin_cmake_args' from command line to 'None'
[0.363s] Level 5:colcon.colcon_core.verb:set package 'arm_description' build argument 'catkin_skip_building_tests' from command line to 'False'
[0.363s] DEBUG:colcon.colcon_core.verb:Building package 'arm_description' with the following arguments: {'ament_cmake_args': None, 'build_base': '/home/ibrahim/tasc_arm/build/arm_description', 'catkin_cmake_args': None, 'catkin_skip_building_tests': False, 'cmake_args': None, 'cmake_clean_cache': False, 'cmake_clean_first': False, 'cmake_force_configure': False, 'cmake_target': None, 'cmake_target_skip_unavailable': False, 'install_base': '/home/ibrahim/tasc_arm/install/arm_description', 'merge_install': False, 'path': '/home/ibrahim/tasc_arm/src/arm_description', 'symlink_install': False, 'test_result_base': None}
[0.363s] Level 5:colcon.colcon_core.verb:set package 'phidgets_hardware' build argument 'cmake_args' from command line to 'None'
[0.363s] Level 5:colcon.colcon_core.verb:set package 'phidgets_hardware' build argument 'cmake_target' from command line to 'None'
[0.363s] Level 5:colcon.colcon_core.verb:set package 'phidgets_hardware' build argument 'cmake_target_skip_unavailable' from command line to 'False'
[0.363s] Level 5:colcon.colcon_core.verb:set package 'phidgets_hardware' build argument 'cmake_clean_cache' from command line to 'False'
[0.363s] Level 5:colcon.colcon_core.verb:set package 'phidgets_hardware' build argument 'cmake_clean_first' from command line to 'False'
[0.363s] Level 5:colcon.colcon_core.verb:set package 'phidgets_hardware' build argument 'cmake_force_configure' from command line to 'False'
[0.363s] Level 5:colcon.colcon_core.verb:set package 'phidgets_hardware' build argument 'ament_cmake_args' from command line to 'None'
[0.363s] Level 5:colcon.colcon_core.verb:set package 'phidgets_hardware' build argument 'catkin_cmake_args' from command line to 'None'
[0.363s] Level 5:colcon.colcon_core.verb:set package 'phidgets_hardware' build argument 'catkin_skip_building_tests' from command line to 'False'
[0.363s] DEBUG:colcon.colcon_core.verb:Building package 'phidgets_hardware' with the following arguments: {'ament_cmake_args': None, 'build_base': '/home/ibrahim/tasc_arm/build/phidgets_hardware', 'catkin_cmake_args': None, 'catkin_skip_building_tests': False, 'cmake_args': None, 'cmake_clean_cache': False, 'cmake_clean_first': False, 'cmake_force_configure': False, 'cmake_target': None, 'cmake_target_skip_unavailable': False, 'install_base': '/home/ibrahim/tasc_arm/install/phidgets_hardware', 'merge_install': False, 'path': '/home/ibrahim/tasc_arm/src/phidgets_hardware', 'symlink_install': False, 'test_result_base': None}
[0.363s] INFO:colcon.colcon_core.executor:Executing jobs using 'parallel' executor
[0.365s] DEBUG:colcon.colcon_parallel_executor.executor.parallel:run_until_complete
[0.365s] INFO:colcon.colcon_ros.task.ament_cmake.build:Building ROS package in '/home/ibrahim/tasc_arm/src/arm_2026' with build type 'ament_cmake'
[0.366s] INFO:colcon.colcon_cmake.task.cmake.build:Building CMake package in '/home/ibrahim/tasc_arm/src/arm_2026'
[0.369s] INFO:colcon.colcon_core.plugin_system:Skipping extension 'colcon_core.shell.bat': Not used on non-Windows systems
[0.369s] INFO:colcon.colcon_core.shell:Skip shell extension 'powershell' for command environment: Not usable outside of PowerShell
[0.369s] DEBUG:colcon.colcon_core.shell:Skip shell extension 'dsv' for command environment
[0.373s] INFO:colcon.colcon_ros.task.ament_python.build:Building ROS package in '/home/ibrahim/tasc_arm/src/arm_bringup' with build type 'ament_python'
[0.373s] Level 1:colcon.colcon_core.shell:create_environment_hook('arm_bringup', 'ament_prefix_path')
[0.373s] INFO:colcon.colcon_core.shell:Creating environment hook '/home/ibrahim/tasc_arm/install/arm_bringup/share/arm_bringup/hook/ament_prefix_path.ps1'
[0.375s] INFO:colcon.colcon_core.shell:Creating environment descriptor '/home/ibrahim/tasc_arm/install/arm_bringup/share/arm_bringup/hook/ament_prefix_path.dsv'
[0.376s] INFO:colcon.colcon_core.shell:Creating environment hook '/home/ibrahim/tasc_arm/install/arm_bringup/share/arm_bringup/hook/ament_prefix_path.sh'
[0.376s] INFO:colcon.colcon_core.shell:Skip shell extension 'powershell' for command environment: Not usable outside of PowerShell
[0.377s] DEBUG:colcon.colcon_core.shell:Skip shell extension 'dsv' for command environment
[0.381s] INFO:colcon.colcon_ros.task.ament_cmake.build:Building ROS package in '/home/ibrahim/tasc_arm/src/arm_control' with build type 'ament_cmake'
[0.382s] INFO:colcon.colcon_cmake.task.cmake.build:Building CMake package in '/home/ibrahim/tasc_arm/src/arm_control'
[0.382s] INFO:colcon.colcon_core.shell:Skip shell extension 'powershell' for command environment: Not usable outside of PowerShell
[0.382s] DEBUG:colcon.colcon_core.shell:Skip shell extension 'dsv' for command environment
[0.386s] INFO:colcon.colcon_ros.task.ament_cmake.build:Building ROS package in '/home/ibrahim/tasc_arm/src/arm_description' with build type 'ament_cmake'
[0.386s] INFO:colcon.colcon_cmake.task.cmake.build:Building CMake package in '/home/ibrahim/tasc_arm/src/arm_description'
[0.386s] INFO:colcon.colcon_core.shell:Skip shell extension 'powershell' for command environment: Not usable outside of PowerShell
[0.386s] DEBUG:colcon.colcon_core.shell:Skip shell extension 'dsv' for command environment
[0.401s] DEBUG:colcon.colcon_core.event_handler.log_command:Invoking command in '/home/ibrahim/tasc_arm/build/arm_2026': CMAKE_PREFIX_PATH=${CMAKE_PREFIX_PATH}:/home/ibrahim/tasc_arm/install/arm_bringup:/opt/ros/humble /usr/bin/cmake --build /home/ibrahim/tasc_arm/build/arm_2026 -- -j4 -l4
[0.652s] INFO:colcon.colcon_core.task.python.build:Building Python package in '/home/ibrahim/tasc_arm/src/arm_bringup'
[0.652s] INFO:colcon.colcon_core.shell:Skip shell extension 'powershell' for command environment: Not usable outside of PowerShell
[0.652s] DEBUG:colcon.colcon_core.shell:Skip shell extension 'dsv' for command environment
[0.663s] DEBUG:colcon.colcon_core.event_handler.log_command:Invoking command in '/home/ibrahim/tasc_arm/build/arm_control': CMAKE_PREFIX_PATH=${CMAKE_PREFIX_PATH}:/home/ibrahim/tasc_arm/install/arm_bringup:/opt/ros/humble /usr/bin/cmake --build /home/ibrahim/tasc_arm/build/arm_control -- -j4 -l4
[0.675s] DEBUG:colcon.colcon_core.event_handler.log_command:Invoking command in '/home/ibrahim/tasc_arm/build/arm_description': CMAKE_PREFIX_PATH=${CMAKE_PREFIX_PATH}:/home/ibrahim/tasc_arm/install/arm_bringup:/opt/ros/humble /usr/bin/cmake --build /home/ibrahim/tasc_arm/build/arm_description -- -j4 -l4
[0.739s] DEBUG:colcon.colcon_core.event_handler.log_command:Invoked command in '/home/ibrahim/tasc_arm/build/arm_description' returned '0': CMAKE_PREFIX_PATH=${CMAKE_PREFIX_PATH}:/home/ibrahim/tasc_arm/install/arm_bringup:/opt/ros/humble /usr/bin/cmake --build /home/ibrahim/tasc_arm/build/arm_description -- -j4 -l4
[0.754s] DEBUG:colcon.colcon_core.event_handler.log_command:Invoking command in '/home/ibrahim/tasc_arm/build/arm_description': CMAKE_PREFIX_PATH=${CMAKE_PREFIX_PATH}:/home/ibrahim/tasc_arm/install/arm_bringup:/opt/ros/humble /usr/bin/cmake --install /home/ibrahim/tasc_arm/build/arm_description
[0.767s] DEBUG:colcon.colcon_core.event_handler.log_command:Invoked command in '/home/ibrahim/tasc_arm/build/arm_control' returned '0': CMAKE_PREFIX_PATH=${CMAKE_PREFIX_PATH}:/home/ibrahim/tasc_arm/install/arm_bringup:/opt/ros/humble /usr/bin/cmake --build /home/ibrahim/tasc_arm/build/arm_control -- -j4 -l4
[0.768s] DEBUG:colcon.colcon_core.event_handler.log_command:Invoking command in '/home/ibrahim/tasc_arm/build/arm_control': CMAKE_PREFIX_PATH=${CMAKE_PREFIX_PATH}:/home/ibrahim/tasc_arm/install/arm_bringup:/opt/ros/humble /usr/bin/cmake --install /home/ibrahim/tasc_arm/build/arm_control
[0.772s] Level 1:colcon.colcon_core.environment:create_environment_scripts_only(arm_description)
[0.773s] DEBUG:colcon.colcon_core.event_handler.log_command:Invoked command in '/home/ibrahim/tasc_arm/build/arm_description' returned '0': CMAKE_PREFIX_PATH=${CMAKE_PREFIX_PATH}:/home/ibrahim/tasc_arm/install/arm_bringup:/opt/ros/humble /usr/bin/cmake --install /home/ibrahim/tasc_arm/build/arm_description
[0.782s] Level 1:colcon.colcon_core.environment:checking '/home/ibrahim/tasc_arm/install/arm_description' for CMake module files
[0.782s] Level 1:colcon.colcon_core.environment:checking '/home/ibrahim/tasc_arm/install/arm_description' for CMake config files
[0.783s] Level 1:colcon.colcon_core.shell:create_environment_hook('arm_description', 'cmake_prefix_path')
[0.783s] INFO:colcon.colcon_core.shell:Creating environment hook '/home/ibrahim/tasc_arm/install/arm_description/share/arm_description/hook/cmake_prefix_path.ps1'
[0.784s] INFO:colcon.colcon_core.shell:Creating environment descriptor '/home/ibrahim/tasc_arm/install/arm_description/share/arm_description/hook/cmake_prefix_path.dsv'
[0.785s] INFO:colcon.colcon_core.shell:Creating environment hook '/home/ibrahim/tasc_arm/install/arm_description/share/arm_description/hook/cmake_prefix_path.sh'
[0.786s] Level 1:colcon.colcon_core.environment:checking '/home/ibrahim/tasc_arm/install/arm_description/bin'
[0.787s] Level 1:colcon.colcon_core.environment:checking '/home/ibrahim/tasc_arm/install/arm_description/lib/pkgconfig/arm_description.pc'
[0.787s] Level 1:colcon.colcon_core.environment:checking '/home/ibrahim/tasc_arm/install/arm_description/lib/python3.10/site-packages'
[0.787s] Level 1:colcon.colcon_core.environment:checking '/home/ibrahim/tasc_arm/install/arm_description/bin'
[0.788s] INFO:colcon.colcon_core.shell:Creating package script '/home/ibrahim/tasc_arm/install/arm_description/share/arm_description/package.ps1'
[0.789s] INFO:colcon.colcon_core.shell:Creating package descriptor '/home/ibrahim/tasc_arm/install/arm_description/share/arm_description/package.dsv'
[0.790s] INFO:colcon.colcon_core.shell:Creating package script '/home/ibrahim/tasc_arm/install/arm_description/share/arm_description/package.sh'
[0.792s] INFO:colcon.colcon_core.shell:Creating package script '/home/ibrahim/tasc_arm/install/arm_description/share/arm_description/package.bash'
[0.793s] INFO:colcon.colcon_core.shell:Creating package script '/home/ibrahim/tasc_arm/install/arm_description/share/arm_description/package.zsh'
[0.794s] Level 1:colcon.colcon_core.environment:create_file_with_runtime_dependencies(/home/ibrahim/tasc_arm/install/arm_description/share/colcon-core/packages/arm_description)
[0.794s] Level 1:colcon.colcon_core.environment:create_environment_scripts_only(arm_description)
[0.794s] Level 1:colcon.colcon_core.environment:checking '/home/ibrahim/tasc_arm/install/arm_description' for CMake module files
[0.795s] Level 1:colcon.colcon_core.environment:checking '/home/ibrahim/tasc_arm/install/arm_description' for CMake config files
[0.795s] Level 1:colcon.colcon_core.shell:create_environment_hook('arm_description', 'cmake_prefix_path')
[0.795s] INFO:colcon.colcon_core.shell:Creating environment hook '/home/ibrahim/tasc_arm/install/arm_description/share/arm_description/hook/cmake_prefix_path.ps1'
[0.795s] INFO:colcon.colcon_core.shell:Creating environment descriptor '/home/ibrahim/tasc_arm/install/arm_description/share/arm_description/hook/cmake_prefix_path.dsv'
[0.796s] INFO:colcon.colcon_core.shell:Creating environment hook '/home/ibrahim/tasc_arm/install/arm_description/share/arm_description/hook/cmake_prefix_path.sh'
[0.797s] Level 1:colcon.colcon_core.environment:checking '/home/ibrahim/tasc_arm/install/arm_description/bin'
[0.797s] Level 1:colcon.colcon_core.environment:checking '/home/ibrahim/tasc_arm/install/arm_description/lib/pkgconfig/arm_description.pc'
[0.797s] Level 1:colcon.colcon_core.environment:checking '/home/ibrahim/tasc_arm/install/arm_description/lib/python3.10/site-packages'
[0.797s] Level 1:colcon.colcon_core.environment:checking '/home/ibrahim/tasc_arm/install/arm_description/bin'
[0.798s] INFO:colcon.colcon_core.shell:Creating package script '/home/ibrahim/tasc_arm/install/arm_description/share/arm_description/package.ps1'
[0.798s] INFO:colcon.colcon_core.shell:Creating package descriptor '/home/ibrahim/tasc_arm/install/arm_description/share/arm_description/package.dsv'
[0.799s] INFO:colcon.colcon_core.shell:Creating package script '/home/ibrahim/tasc_arm/install/arm_description/share/arm_description/package.sh'
[0.799s] INFO:colcon.colcon_core.shell:Creating package script '/home/ibrahim/tasc_arm/install/arm_description/share/arm_description/package.bash'
[0.800s] INFO:colcon.colcon_core.shell:Creating package script '/home/ibrahim/tasc_arm/install/arm_description/share/arm_description/package.zsh'
[0.800s] Level 1:colcon.colcon_core.environment:create_file_with_runtime_dependencies(/home/ibrahim/tasc_arm/install/arm_description/share/colcon-core/packages/arm_description)
[0.801s] INFO:colcon.colcon_ros.task.ament_cmake.build:Building ROS package in '/home/ibrahim/tasc_arm/src/phidgets_hardware' with build type 'ament_cmake'
[0.801s] INFO:colcon.colcon_cmake.task.cmake.build:Building CMake package in '/home/ibrahim/tasc_arm/src/phidgets_hardware'
[0.801s] INFO:colcon.colcon_core.shell:Skip shell extension 'powershell' for command environment: Not usable outside of PowerShell
[0.801s] DEBUG:colcon.colcon_core.shell:Skip shell extension 'dsv' for command environment
[0.816s] DEBUG:colcon.colcon_core.event_handler.log_command:Invoking command in '/home/ibrahim/tasc_arm/build/phidgets_hardware': CMAKE_PREFIX_PATH=${CMAKE_PREFIX_PATH}:/home/ibrahim/tasc_arm/install/arm_bringup:/opt/ros/humble /usr/bin/cmake --build /home/ibrahim/tasc_arm/build/phidgets_hardware -- -j4 -l4
[0.819s] Level 1:colcon.colcon_core.environment:create_environment_scripts_only(arm_control)
[0.820s] Level 1:colcon.colcon_core.environment:checking '/home/ibrahim/tasc_arm/install/arm_control' for CMake module files
[0.820s] Level 1:colcon.colcon_core.environment:checking '/home/ibrahim/tasc_arm/install/arm_control' for CMake config files
[0.821s] Level 1:colcon.colcon_core.shell:create_environment_hook('arm_control', 'cmake_prefix_path')
[0.822s] DEBUG:colcon.colcon_core.event_handler.log_command:Invoked command in '/home/ibrahim/tasc_arm/build/arm_control' returned '0': CMAKE_PREFIX_PATH=${CMAKE_PREFIX_PATH}:/home/ibrahim/tasc_arm/install/arm_bringup:/opt/ros/humble /usr/bin/cmake --install /home/ibrahim/tasc_arm/build/arm_control
[0.822s] INFO:colcon.colcon_core.shell:Creating environment hook '/home/ibrahim/tasc_arm/install/arm_control/share/arm_control/hook/cmake_prefix_path.ps1'
[0.825s] INFO:colcon.colcon_core.shell:Creating environment descriptor '/home/ibrahim/tasc_arm/install/arm_control/share/arm_control/hook/cmake_prefix_path.dsv'
[0.825s] INFO:colcon.colcon_core.shell:Creating environment hook '/home/ibrahim/tasc_arm/install/arm_control/share/arm_control/hook/cmake_prefix_path.sh'
[0.827s] Level 1:colcon.colcon_core.environment:checking '/home/ibrahim/tasc_arm/install/arm_control/lib'
[0.827s] Level 1:colcon.colcon_core.shell:create_environment_hook('arm_control', 'ld_library_path_lib')
[0.827s] INFO:colcon.colcon_core.shell:Creating environment hook '/home/ibrahim/tasc_arm/install/arm_control/share/arm_control/hook/ld_library_path_lib.ps1'
[0.828s] INFO:colcon.colcon_core.shell:Creating environment descriptor '/home/ibrahim/tasc_arm/install/arm_control/share/arm_control/hook/ld_library_path_lib.dsv'
[0.828s] INFO:colcon.colcon_core.shell:Creating environment hook '/home/ibrahim/tasc_arm/install/arm_control/share/arm_control/hook/ld_library_path_lib.sh'
[0.829s] Level 1:colcon.colcon_core.environment:checking '/home/ibrahim/tasc_arm/install/arm_control/bin'
[0.829s] Level 1:colcon.colcon_core.environment:checking '/home/ibrahim/tasc_arm/install/arm_control/lib/pkgconfig/arm_control.pc'
[0.829s] Level 1:colcon.colcon_core.environment:checking '/home/ibrahim/tasc_arm/install/arm_control/lib/python3.10/site-packages'
[0.830s] Level 1:colcon.colcon_core.environment:checking '/home/ibrahim/tasc_arm/install/arm_control/bin'
[0.831s] INFO:colcon.colcon_core.shell:Creating package script '/home/ibrahim/tasc_arm/install/arm_control/share/arm_control/package.ps1'
[0.832s] INFO:colcon.colcon_core.shell:Creating package descriptor '/home/ibrahim/tasc_arm/install/arm_control/share/arm_control/package.dsv'
[0.833s] INFO:colcon.colcon_core.shell:Creating package script '/home/ibrahim/tasc_arm/install/arm_control/share/arm_control/package.sh'
[0.834s] INFO:colcon.colcon_core.shell:Creating package script '/home/ibrahim/tasc_arm/install/arm_control/share/arm_control/package.bash'
[0.835s] INFO:colcon.colcon_core.shell:Creating package script '/home/ibrahim/tasc_arm/install/arm_control/share/arm_control/package.zsh'
[0.836s] Level 1:colcon.colcon_core.environment:create_file_with_runtime_dependencies(/home/ibrahim/tasc_arm/install/arm_control/share/colcon-core/packages/arm_control)
[0.837s] Level 1:colcon.colcon_core.environment:create_environment_scripts_only(arm_control)
[0.838s] Level 1:colcon.colcon_core.environment:checking '/home/ibrahim/tasc_arm/install/arm_control' for CMake module files
[0.838s] Level 1:colcon.colcon_core.environment:checking '/home/ibrahim/tasc_arm/install/arm_control' for CMake config files
[0.839s] Level 1:colcon.colcon_core.shell:create_environment_hook('arm_control', 'cmake_prefix_path')
[0.839s] INFO:colcon.colcon_core.shell:Creating environment hook '/home/ibrahim/tasc_arm/install/arm_control/share/arm_control/hook/cmake_prefix_path.ps1'
[0.841s] INFO:colcon.colcon_core.shell:Creating environment descriptor '/home/ibrahim/tasc_arm/install/arm_control/share/arm_control/hook/cmake_prefix_path.dsv'
[0.842s] INFO:colcon.colcon_core.shell:Creating environment hook '/home/ibrahim/tasc_arm/install/arm_control/share/arm_control/hook/cmake_prefix_path.sh'
[0.845s] Level 1:colcon.colcon_core.environment:checking '/home/ibrahim/tasc_arm/install/arm_control/lib'
[0.845s] Level 1:colcon.colcon_core.shell:create_environment_hook('arm_control', 'ld_library_path_lib')
[0.845s] INFO:colcon.colcon_core.shell:Creating environment hook '/home/ibrahim/tasc_arm/install/arm_control/share/arm_control/hook/ld_library_path_lib.ps1'
[0.847s] INFO:colcon.colcon_core.shell:Creating environment descriptor '/home/ibrahim/tasc_arm/install/arm_control/share/arm_control/hook/ld_library_path_lib.dsv'
[0.847s] INFO:colcon.colcon_core.shell:Creating environment hook '/home/ibrahim/tasc_arm/install/arm_control/share/arm_control/hook/ld_library_path_lib.sh'
[0.848s] Level 1:colcon.colcon_core.environment:checking '/home/ibrahim/tasc_arm/install/arm_control/bin'
[0.848s] Level 1:colcon.colcon_core.environment:checking '/home/ibrahim/tasc_arm/install/arm_control/lib/pkgconfig/arm_control.pc'
[0.849s] Level 1:colcon.colcon_core.environment:checking '/home/ibrahim/tasc_arm/install/arm_control/lib/python3.10/site-packages'
[0.849s] Level 1:colcon.colcon_core.environment:checking '/home/ibrahim/tasc_arm/install/arm_control/bin'
[0.851s] INFO:colcon.colcon_core.shell:Creating package script '/home/ibrahim/tasc_arm/install/arm_control/share/arm_control/package.ps1'
[0.852s] INFO:colcon.colcon_core.shell:Creating package descriptor '/home/ibrahim/tasc_arm/install/arm_control/share/arm_control/package.dsv'
[0.853s] INFO:colcon.colcon_core.shell:Creating package script '/home/ibrahim/tasc_arm/install/arm_control/share/arm_control/package.sh'
[0.853s] INFO:colcon.colcon_core.shell:Creating package script '/home/ibrahim/tasc_arm/install/arm_control/share/arm_control/package.bash'
[0.854s] INFO:colcon.colcon_core.shell:Creating package script '/home/ibrahim/tasc_arm/install/arm_control/share/arm_control/package.zsh'
[0.854s] Level 1:colcon.colcon_core.environment:create_file_with_runtime_dependencies(/home/ibrahim/tasc_arm/install/arm_control/share/colcon-core/packages/arm_control)
[0.920s] DEBUG:colcon.colcon_core.event_handler.log_command:Invoked command in '/home/ibrahim/tasc_arm/build/phidgets_hardware' returned '0': CMAKE_PREFIX_PATH=${CMAKE_PREFIX_PATH}:/home/ibrahim/tasc_arm/install/arm_bringup:/opt/ros/humble /usr/bin/cmake --build /home/ibrahim/tasc_arm/build/phidgets_hardware -- -j4 -l4
[0.923s] DEBUG:colcon.colcon_core.event_handler.log_command:Invoking command in '/home/ibrahim/tasc_arm/build/phidgets_hardware': CMAKE_PREFIX_PATH=${CMAKE_PREFIX_PATH}:/home/ibrahim/tasc_arm/install/arm_bringup:/opt/ros/humble /usr/bin/cmake --install /home/ibrahim/tasc_arm/build/phidgets_hardware
[0.942s] Level 1:colcon.colcon_core.environment:create_environment_scripts_only(phidgets_hardware)
[0.943s] Level 1:colcon.colcon_core.environment:checking '/home/ibrahim/tasc_arm/install/phidgets_hardware' for CMake module files
[0.943s] DEBUG:colcon.colcon_core.event_handler.log_command:Invoked command in '/home/ibrahim/tasc_arm/build/phidgets_hardware' returned '0': CMAKE_PREFIX_PATH=${CMAKE_PREFIX_PATH}:/home/ibrahim/tasc_arm/install/arm_bringup:/opt/ros/humble /usr/bin/cmake --install /home/ibrahim/tasc_arm/build/phidgets_hardware
[0.944s] Level 1:colcon.colcon_core.environment:checking '/home/ibrahim/tasc_arm/install/phidgets_hardware' for CMake config files
[0.944s] Level 1:colcon.colcon_core.shell:create_environment_hook('phidgets_hardware', 'cmake_prefix_path')
[0.944s] INFO:colcon.colcon_core.shell:Creating environment hook '/home/ibrahim/tasc_arm/install/phidgets_hardware/share/phidgets_hardware/hook/cmake_prefix_path.ps1'
[0.945s] INFO:colcon.colcon_core.shell:Creating environment descriptor '/home/ibrahim/tasc_arm/install/phidgets_hardware/share/phidgets_hardware/hook/cmake_prefix_path.dsv'
[0.945s] INFO:colcon.colcon_core.shell:Creating environment hook '/home/ibrahim/tasc_arm/install/phidgets_hardware/share/phidgets_hardware/hook/cmake_prefix_path.sh'
[0.946s] Level 1:colcon.colcon_core.environment:checking '/home/ibrahim/tasc_arm/install/phidgets_hardware/lib'
[0.946s] Level 1:colcon.colcon_core.shell:create_environment_hook('phidgets_hardware', 'ld_library_path_lib')
[0.946s] INFO:colcon.colcon_core.shell:Creating environment hook '/home/ibrahim/tasc_arm/install/phidgets_hardware/share/phidgets_hardware/hook/ld_library_path_lib.ps1'
[0.947s] INFO:colcon.colcon_core.shell:Creating environment descriptor '/home/ibrahim/tasc_arm/install/phidgets_hardware/share/phidgets_hardware/hook/ld_library_path_lib.dsv'
[0.948s] INFO:colcon.colcon_core.shell:Creating environment hook '/home/ibrahim/tasc_arm/install/phidgets_hardware/share/phidgets_hardware/hook/ld_library_path_lib.sh'
[0.949s] Level 1:colcon.colcon_core.environment:checking '/home/ibrahim/tasc_arm/install/phidgets_hardware/bin'
[0.949s] Level 1:colcon.colcon_core.environment:checking '/home/ibrahim/tasc_arm/install/phidgets_hardware/lib/pkgconfig/phidgets_hardware.pc'
[0.950s] Level 1:colcon.colcon_core.environment:checking '/home/ibrahim/tasc_arm/install/phidgets_hardware/lib/python3.10/site-packages'
[0.950s] Level 1:colcon.colcon_core.environment:checking '/home/ibrahim/tasc_arm/install/phidgets_hardware/bin'
[0.950s] INFO:colcon.colcon_core.shell:Creating package script '/home/ibrahim/tasc_arm/install/phidgets_hardware/share/phidgets_hardware/package.ps1'
[0.951s] INFO:colcon.colcon_core.shell:Creating package descriptor '/home/ibrahim/tasc_arm/install/phidgets_hardware/share/phidgets_hardware/package.dsv'
[0.952s] INFO:colcon.colcon_core.shell:Creating package script '/home/ibrahim/tasc_arm/install/phidgets_hardware/share/phidgets_hardware/package.sh'
[0.953s] INFO:colcon.colcon_core.shell:Creating package script '/home/ibrahim/tasc_arm/install/phidgets_hardware/share/phidgets_hardware/package.bash'
[0.954s] INFO:colcon.colcon_core.shell:Creating package script '/home/ibrahim/tasc_arm/install/phidgets_hardware/share/phidgets_hardware/package.zsh'
[0.954s] Level 1:colcon.colcon_core.environment:create_file_with_runtime_dependencies(/home/ibrahim/tasc_arm/install/phidgets_hardware/share/colcon-core/packages/phidgets_hardware)
[0.955s] Level 1:colcon.colcon_core.environment:create_environment_scripts_only(phidgets_hardware)
[0.956s] Level 1:colcon.colcon_core.environment:checking '/home/ibrahim/tasc_arm/install/phidgets_hardware' for CMake module files
[0.956s] Level 1:colcon.colcon_core.environment:checking '/home/ibrahim/tasc_arm/install/phidgets_hardware' for CMake config files
[0.957s] Level 1:colcon.colcon_core.shell:create_environment_hook('phidgets_hardware', 'cmake_prefix_path')
[0.957s] INFO:colcon.colcon_core.shell:Creating environment hook '/home/ibrahim/tasc_arm/install/phidgets_hardware/share/phidgets_hardware/hook/cmake_prefix_path.ps1'
[0.958s] INFO:colcon.colcon_core.shell:Creating environment descriptor '/home/ibrahim/tasc_arm/install/phidgets_hardware/share/phidgets_hardware/hook/cmake_prefix_path.dsv'
[0.959s] INFO:colcon.colcon_core.shell:Creating environment hook '/home/ibrahim/tasc_arm/install/phidgets_hardware/share/phidgets_hardware/hook/cmake_prefix_path.sh'
[0.960s] Level 1:colcon.colcon_core.environment:checking '/home/ibrahim/tasc_arm/install/phidgets_hardware/lib'
[0.960s] Level 1:colcon.colcon_core.shell:create_environment_hook('phidgets_hardware', 'ld_library_path_lib')
[0.960s] INFO:colcon.colcon_core.shell:Creating environment hook '/home/ibrahim/tasc_arm/install/phidgets_hardware/share/phidgets_hardware/hook/ld_library_path_lib.ps1'
[0.961s] INFO:colcon.colcon_core.shell:Creating environment descriptor '/home/ibrahim/tasc_arm/install/phidgets_hardware/share/phidgets_hardware/hook/ld_library_path_lib.dsv'
[0.961s] INFO:colcon.colcon_core.shell:Creating environment hook '/home/ibrahim/tasc_arm/install/phidgets_hardware/share/phidgets_hardware/hook/ld_library_path_lib.sh'
[0.962s] Level 1:colcon.colcon_core.environment:checking '/home/ibrahim/tasc_arm/install/phidgets_hardware/bin'
[0.962s] Level 1:colcon.colcon_core.environment:checking '/home/ibrahim/tasc_arm/install/phidgets_hardware/lib/pkgconfig/phidgets_hardware.pc'
[0.962s] Level 1:colcon.colcon_core.environment:checking '/home/ibrahim/tasc_arm/install/phidgets_hardware/lib/python3.10/site-packages'
[0.962s] Level 1:colcon.colcon_core.environment:checking '/home/ibrahim/tasc_arm/install/phidgets_hardware/bin'
[0.963s] INFO:colcon.colcon_core.shell:Creating package script '/home/ibrahim/tasc_arm/install/phidgets_hardware/share/phidgets_hardware/package.ps1'
[0.963s] INFO:colcon.colcon_core.shell:Creating package descriptor '/home/ibrahim/tasc_arm/install/phidgets_hardware/share/phidgets_hardware/package.dsv'
[0.965s] INFO:colcon.colcon_core.shell:Creating package script '/home/ibrahim/tasc_arm/install/phidgets_hardware/share/phidgets_hardware/package.sh'
[0.965s] INFO:colcon.colcon_core.shell:Creating package script '/home/ibrahim/tasc_arm/install/phidgets_hardware/share/phidgets_hardware/package.bash'
[0.966s] INFO:colcon.colcon_core.shell:Creating package script '/home/ibrahim/tasc_arm/install/phidgets_hardware/share/phidgets_hardware/package.zsh'
[0.967s] Level 1:colcon.colcon_core.environment:create_file_with_runtime_dependencies(/home/ibrahim/tasc_arm/install/phidgets_hardware/share/colcon-core/packages/phidgets_hardware)
[1.095s] DEBUG:colcon.colcon_core.event_handler.log_command:Invoking command in '/home/ibrahim/tasc_arm/src/arm_bringup': PYTHONPATH=/home/ibrahim/tasc_arm/build/arm_bringup/prefix_override:/usr/lib/python3/dist-packages/colcon_core/task/python/colcon_distutils_commands:/home/ibrahim/tasc_arm/install/arm_bringup/lib/python3.10/site-packages:${PYTHONPATH} /usr/bin/python3 -W ignore:setup.py install is deprecated -W ignore:easy_install command is deprecated setup.py egg_info --egg-base ../../build/arm_bringup build --build-base /home/ibrahim/tasc_arm/build/arm_bringup/build install --record /home/ibrahim/tasc_arm/build/arm_bringup/install.log --single-version-externally-managed install_data
[1.375s] Level 1:colcon.colcon_core.environment:checking '/home/ibrahim/tasc_arm/install/arm_bringup' for CMake module files
[1.376s] Level 1:colcon.colcon_core.environment:checking '/home/ibrahim/tasc_arm/install/arm_bringup' for CMake config files
[1.376s] DEBUG:colcon.colcon_core.event_handler.log_command:Invoked command in '/home/ibrahim/tasc_arm/src/arm_bringup' returned '0': PYTHONPATH=/home/ibrahim/tasc_arm/build/arm_bringup/prefix_override:/usr/lib/python3/dist-packages/colcon_core/task/python/colcon_distutils_commands:/home/ibrahim/tasc_arm/install/arm_bringup/lib/python3.10/site-packages:${PYTHONPATH} /usr/bin/python3 -W ignore:setup.py install is deprecated -W ignore:easy_install command is deprecated setup.py egg_info --egg-base ../../build/arm_bringup build --build-base /home/ibrahim/tasc_arm/build/arm_bringup/build install --record /home/ibrahim/tasc_arm/build/arm_bringup/install.log --single-version-externally-managed install_data
[1.376s] Level 1:colcon.colcon_core.environment:checking '/home/ibrahim/tasc_arm/install/arm_bringup/lib'
[1.376s] Level 1:colcon.colcon_core.environment:checking '/home/ibrahim/tasc_arm/install/arm_bringup/bin'
[1.376s] Level 1:colcon.colcon_core.environment:checking '/home/ibrahim/tasc_arm/install/arm_bringup/lib/pkgconfig/arm_bringup.pc'
[1.377s] Level 1:colcon.colcon_core.environment:checking '/home/ibrahim/tasc_arm/install/arm_bringup/lib/python3.10/site-packages'
[1.377s] Level 1:colcon.colcon_core.shell:create_environment_hook('arm_bringup', 'pythonpath')
[1.377s] INFO:colcon.colcon_core.shell:Creating environment hook '/home/ibrahim/tasc_arm/install/arm_bringup/share/arm_bringup/hook/pythonpath.ps1'
[1.377s] INFO:colcon.colcon_core.shell:Creating environment descriptor '/home/ibrahim/tasc_arm/install/arm_bringup/share/arm_bringup/hook/pythonpath.dsv'
[1.378s] INFO:colcon.colcon_core.shell:Creating environment hook '/home/ibrahim/tasc_arm/install/arm_bringup/share/arm_bringup/hook/pythonpath.sh'
[1.379s] Level 1:colcon.colcon_core.environment:checking '/home/ibrahim/tasc_arm/install/arm_bringup/bin'
[1.379s] Level 1:colcon.colcon_core.environment:create_environment_scripts_only(arm_bringup)
[1.379s] INFO:colcon.colcon_core.shell:Creating package script '/home/ibrahim/tasc_arm/install/arm_bringup/share/arm_bringup/package.ps1'
[1.380s] INFO:colcon.colcon_core.shell:Creating package descriptor '/home/ibrahim/tasc_arm/install/arm_bringup/share/arm_bringup/package.dsv'
[1.380s] INFO:colcon.colcon_core.shell:Creating package script '/home/ibrahim/tasc_arm/install/arm_bringup/share/arm_bringup/package.sh'
[1.381s] INFO:colcon.colcon_core.shell:Creating package script '/home/ibrahim/tasc_arm/install/arm_bringup/share/arm_bringup/package.bash'
[1.382s] INFO:colcon.colcon_core.shell:Creating package script '/home/ibrahim/tasc_arm/install/arm_bringup/share/arm_bringup/package.zsh'
[1.382s] Level 1:colcon.colcon_core.environment:create_file_with_runtime_dependencies(/home/ibrahim/tasc_arm/install/arm_bringup/share/colcon-core/packages/arm_bringup)
[5.188s] Level 1:colcon.colcon_core.environment:create_environment_scripts_only(arm_2026)
[5.189s] Level 1:colcon.colcon_core.environment:checking '/home/ibrahim/tasc_arm/install/arm_2026' for CMake module files
[5.189s] DEBUG:colcon.colcon_core.event_handler.log_command:Invoked command in '/home/ibrahim/tasc_arm/build/arm_2026' returned '2': CMAKE_PREFIX_PATH=${CMAKE_PREFIX_PATH}:/home/ibrahim/tasc_arm/install/arm_bringup:/opt/ros/humble /usr/bin/cmake --build /home/ibrahim/tasc_arm/build/arm_2026 -- -j4 -l4
[5.190s] Level 1:colcon.colcon_core.environment:checking '/home/ibrahim/tasc_arm/install/arm_2026' for CMake config files
[5.190s] Level 1:colcon.colcon_core.shell:create_environment_hook('arm_2026', 'cmake_prefix_path')
[5.191s] INFO:colcon.colcon_core.shell:Creating environment hook '/home/ibrahim/tasc_arm/install/arm_2026/share/arm_2026/hook/cmake_prefix_path.ps1'
[5.191s] INFO:colcon.colcon_core.shell:Creating environment descriptor '/home/ibrahim/tasc_arm/install/arm_2026/share/arm_2026/hook/cmake_prefix_path.dsv'
[5.192s] INFO:colcon.colcon_core.shell:Creating environment hook '/home/ibrahim/tasc_arm/install/arm_2026/share/arm_2026/hook/cmake_prefix_path.sh'
[5.192s] Level 1:colcon.colcon_core.environment:checking '/home/ibrahim/tasc_arm/install/arm_2026/lib'
[5.192s] Level 1:colcon.colcon_core.shell:create_environment_hook('arm_2026', 'ld_library_path_lib')
[5.193s] INFO:colcon.colcon_core.shell:Creating environment hook '/home/ibrahim/tasc_arm/install/arm_2026/share/arm_2026/hook/ld_library_path_lib.ps1'
[5.193s] INFO:colcon.colcon_core.shell:Creating environment descriptor '/home/ibrahim/tasc_arm/install/arm_2026/share/arm_2026/hook/ld_library_path_lib.dsv'
[5.193s] INFO:colcon.colcon_core.shell:Creating environment hook '/home/ibrahim/tasc_arm/install/arm_2026/share/arm_2026/hook/ld_library_path_lib.sh'
[5.194s] Level 1:colcon.colcon_core.environment:checking '/home/ibrahim/tasc_arm/install/arm_2026/bin'
[5.194s] Level 1:colcon.colcon_core.environment:checking '/home/ibrahim/tasc_arm/install/arm_2026/lib/pkgconfig/arm_2026.pc'
[5.194s] Level 1:colcon.colcon_core.environment:checking '/home/ibrahim/tasc_arm/install/arm_2026/lib/python3.10/site-packages'
[5.194s] Level 1:colcon.colcon_core.environment:checking '/home/ibrahim/tasc_arm/install/arm_2026/bin'
[5.195s] INFO:colcon.colcon_core.shell:Creating package script '/home/ibrahim/tasc_arm/install/arm_2026/share/arm_2026/package.ps1'
[5.195s] INFO:colcon.colcon_core.shell:Creating package descriptor '/home/ibrahim/tasc_arm/install/arm_2026/share/arm_2026/package.dsv'
[5.196s] INFO:colcon.colcon_core.shell:Creating package script '/home/ibrahim/tasc_arm/install/arm_2026/share/arm_2026/package.sh'
[5.196s] INFO:colcon.colcon_core.shell:Creating package script '/home/ibrahim/tasc_arm/install/arm_2026/share/arm_2026/package.bash'
[5.196s] INFO:colcon.colcon_core.shell:Creating package script '/home/ibrahim/tasc_arm/install/arm_2026/share/arm_2026/package.zsh'
[5.197s] Level 1:colcon.colcon_core.environment:create_file_with_runtime_dependencies(/home/ibrahim/tasc_arm/install/arm_2026/share/colcon-core/packages/arm_2026)
[5.207s] DEBUG:colcon.colcon_parallel_executor.executor.parallel:closing loop
[5.210s] DEBUG:colcon.colcon_parallel_executor.executor.parallel:loop closed
[5.210s] DEBUG:colcon.colcon_parallel_executor.executor.parallel:run_until_complete finished with '2'
[5.210s] DEBUG:colcon.colcon_core.event_reactor:joining thread
[5.214s] INFO:colcon.colcon_core.plugin_system:Skipping extension 'colcon_notification.desktop_notification.terminal_notifier': Not used on non-Darwin systems
[5.215s] INFO:colcon.colcon_core.plugin_system:Skipping extension 'colcon_notification.desktop_notification.win32': Not used on non-Windows systems
[5.215s] INFO:colcon.colcon_notification.desktop_notification:Sending desktop notification using 'notify2'
[5.231s] DEBUG:colcon.colcon_core.event_reactor:joined thread
[5.232s] INFO:colcon.colcon_core.shell:Creating prefix script '/home/ibrahim/tasc_arm/install/local_setup.ps1'
[5.233s] INFO:colcon.colcon_core.shell:Creating prefix util module '/home/ibrahim/tasc_arm/install/_local_setup_util_ps1.py'
[5.235s] INFO:colcon.colcon_core.shell:Creating prefix chain script '/home/ibrahim/tasc_arm/install/setup.ps1'
[5.236s] INFO:colcon.colcon_core.shell:Creating prefix script '/home/ibrahim/tasc_arm/install/local_setup.sh'
[5.237s] INFO:colcon.colcon_core.shell:Creating prefix util module '/home/ibrahim/tasc_arm/install/_local_setup_util_sh.py'
[5.239s] INFO:colcon.colcon_core.shell:Creating prefix chain script '/home/ibrahim/tasc_arm/install/setup.sh'
[5.240s] INFO:colcon.colcon_core.shell:Creating prefix script '/home/ibrahim/tasc_arm/install/local_setup.bash'
[5.241s] INFO:colcon.colcon_core.shell:Creating prefix chain script '/home/ibrahim/tasc_arm/install/setup.bash'
[5.242s] INFO:colcon.colcon_core.shell:Creating prefix script '/home/ibrahim/tasc_arm/install/local_setup.zsh'
[5.243s] INFO:colcon.colcon_core.shell:Creating prefix chain script '/home/ibrahim/tasc_arm/install/setup.zsh'
