[0.902s] Invoking command in '/home/ibrahim/tasc_arm/build/arm_description': CMAKE_PREFIX_PATH=/opt/ros/humble /usr/bin/cmake /home/ibrahim/tasc_arm/src/arm_description -DCMAKE_INSTALL_PREFIX=/home/ibrahim/tasc_arm/install/arm_description
[1.234s] -- The C compiler identification is GNU 11.4.0
[1.647s] -- The CXX compiler identification is GNU 11.4.0
[1.673s] -- Detecting C compiler ABI info
[1.929s] -- Detecting C compiler ABI info - done
[1.969s] -- Check for working C compiler: /usr/bin/cc - skipped
[1.970s] -- Detecting C compile features
[1.971s] -- Detecting C compile features - done
[1.981s] -- Detecting CXX compiler ABI info
[2.278s] -- Detecting CXX compiler ABI info - done
[2.293s] -- Check for working CXX compiler: /usr/bin/c++ - skipped
[2.296s] -- Detecting CXX compile features
[2.297s] -- Detecting CXX compile features - done
[2.300s] -- Found ament_cmake: 1.3.12 (/opt/ros/humble/share/ament_cmake/cmake)
[3.005s] -- Found Python3: /usr/bin/python3 (found version "3.10.12") found components: Interpreter 
[3.352s] -- Found ament_lint_auto: 0.12.14 (/opt/ros/humble/share/ament_lint_auto/cmake)
[3.641s] -- Added test 'lint_cmake' to check CMake code style
[3.651s] -- Added test 'xmllint' to check XML markup files
[3.668s] -- Configuring done
[3.679s] -- Generating done
[3.693s] -- Build files have been written to: /home/ibrahim/tasc_arm/build/arm_description
[3.717s] Invoked command in '/home/ibrahim/tasc_arm/build/arm_description' returned '0': CMAKE_PREFIX_PATH=/opt/ros/humble /usr/bin/cmake /home/ibrahim/tasc_arm/src/arm_description -DCMAKE_INSTALL_PREFIX=/home/ibrahim/tasc_arm/install/arm_description
[3.724s] Invoking command in '/home/ibrahim/tasc_arm/build/arm_description': CMAKE_PREFIX_PATH=/opt/ros/humble /usr/bin/cmake --build /home/ibrahim/tasc_arm/build/arm_description -- -j4 -l4
[3.848s] Invoked command in '/home/ibrahim/tasc_arm/build/arm_description' returned '0': CMAKE_PREFIX_PATH=/opt/ros/humble /usr/bin/cmake --build /home/ibrahim/tasc_arm/build/arm_description -- -j4 -l4
[3.878s] Invoking command in '/home/ibrahim/tasc_arm/build/arm_description': CMAKE_PREFIX_PATH=/opt/ros/humble /usr/bin/cmake --install /home/ibrahim/tasc_arm/build/arm_description
[3.930s] -- Install configuration: ""
[3.930s] -- Up-to-date: /home/ibrahim/tasc_arm/install/arm_description/share/arm_description/urdf
[3.930s] -- Up-to-date: /home/ibrahim/tasc_arm/install/arm_description/share/arm_description/meshes
[3.931s] -- Installing: /home/ibrahim/tasc_arm/install/arm_description/share/arm_description/package.dsv
[3.939s] Invoked command in '/home/ibrahim/tasc_arm/build/arm_description' returned '0': CMAKE_PREFIX_PATH=/opt/ros/humble /usr/bin/cmake --install /home/ibrahim/tasc_arm/build/arm_description
