[0.574s] Invoking command in '/home/ibrahim/tasc_arm/build/arm_control': CMAKE_PREFIX_PATH=/opt/ros/humble /usr/bin/cmake --build /home/ibrahim/tasc_arm/build/arm_control -- -j4 -l4
[0.725s] [100%] Built target arm_control
[0.766s] Invoked command in '/home/ibrahim/tasc_arm/build/arm_control' returned '0': CMAKE_PREFIX_PATH=/opt/ros/humble /usr/bin/cmake --build /home/ibrahim/tasc_arm/build/arm_control -- -j4 -l4
[0.776s] Invoking command in '/home/ibrahim/tasc_arm/build/arm_control': CMAKE_PREFIX_PATH=/opt/ros/humble /usr/bin/cmake --install /home/ibrahim/tasc_arm/build/arm_control
[0.802s] -- Install configuration: ""
[0.808s] -- Up-to-date: /home/ibrahim/tasc_arm/install/arm_control/share/arm_control/plugin.xml
[0.813s] -- Up-to-date: /home/ibrahim/tasc_arm/install/arm_control/lib/libarm_control.so
[0.813s] -- Up-to-date: /home/ibrahim/tasc_arm/install/arm_control/include
[0.813s] -- Up-to-date: /home/ibrahim/tasc_arm/install/arm_control/include/arm_control
[0.816s] -- Up-to-date: /home/ibrahim/tasc_arm/install/arm_control/share/arm_control/plugin.xml
[0.816s] -- Up-to-date: /home/ibrahim/tasc_arm/install/arm_control/share/arm_control/config
[0.816s] -- Up-to-date: /home/ibrahim/tasc_arm/install/arm_control/share/arm_control/config/controllers.yaml
[0.817s] -- Up-to-date: /home/ibrahim/tasc_arm/install/arm_control/lib/arm_control/keyboard_teleop.py
[0.817s] -- Up-to-date: /home/ibrahim/tasc_arm/install/arm_control/lib/arm_control/keyboard_cartesian_ik_teleop.py
[0.818s] -- Up-to-date: /home/ibrahim/tasc_arm/install/arm_control/lib/arm_control/ps5_arm_teleop.py
[0.818s] -- Up-to-date: /home/ibrahim/tasc_arm/install/arm_control/lib/arm_control/ps5_cartesian_ik_teleop.py
[0.818s] -- Up-to-date: /home/ibrahim/tasc_arm/install/arm_control/lib/arm_control/logitech_joystick_ik.py
[0.818s] -- Up-to-date: /home/ibrahim/tasc_arm/install/arm_control/lib/arm_control/joint_state_offset.py
[0.828s] -- Installing: /home/ibrahim/tasc_arm/install/arm_control/share/arm_control/package.dsv
[0.834s] -- Up-to-date: /home/ibrahim/tasc_arm/install/arm_control/share/arm_control/package.xml
[0.840s] Invoked command in '/home/ibrahim/tasc_arm/build/arm_control' returned '0': CMAKE_PREFIX_PATH=/opt/ros/humble /usr/bin/cmake --install /home/ibrahim/tasc_arm/build/arm_control
