[0.902s] Invoking command in '/home/ibrahim/tasc_arm/build/arm_control': CMAKE_PREFIX_PATH=/opt/ros/humble /usr/bin/cmake /home/ibrahim/tasc_arm/src/arm_control -DCMAKE_INSTALL_PREFIX=/home/ibrahim/tasc_arm/install/arm_control
[1.027s] -- The C compiler identification is GNU 11.4.0
[1.349s] -- The CXX compiler identification is GNU 11.4.0
[1.436s] -- Detecting C compiler ABI info
[1.905s] -- Detecting C compiler ABI info - done
[1.935s] -- Check for working C compiler: /usr/bin/cc - skipped
[1.936s] -- Detecting C compile features
[1.943s] -- Detecting C compile features - done
[1.959s] -- Detecting CXX compiler ABI info
[2.249s] -- Detecting CXX compiler ABI info - done
[2.271s] -- Check for working CXX compiler: /usr/bin/c++ - skipped
[2.271s] -- Detecting CXX compile features
[2.273s] -- Detecting CXX compile features - done
[2.299s] -- Found ament_cmake: 1.3.12 (/opt/ros/humble/share/ament_cmake/cmake)
[2.711s] -- Found Python3: /usr/bin/python3 (found version "3.10.12") found components: Interpreter 
[3.153s] -- Found rclcpp: 16.0.14 (/opt/ros/humble/share/rclcpp/cmake)
[3.448s] -- Found rosidl_generator_c: 3.1.7 (/opt/ros/humble/share/rosidl_generator_c/cmake)
[3.467s] -- Found rosidl_adapter: 3.1.7 (/opt/ros/humble/share/rosidl_adapter/cmake)
[3.504s] -- Found rosidl_generator_cpp: 3.1.7 (/opt/ros/humble/share/rosidl_generator_cpp/cmake)
[3.569s] -- Using all available rosidl_typesupport_c: rosidl_typesupport_fastrtps_c;rosidl_typesupport_introspection_c
[3.668s] -- Using all available rosidl_typesupport_cpp: rosidl_typesupport_fastrtps_cpp;rosidl_typesupport_introspection_cpp
[3.906s] -- Found rmw_implementation_cmake: 6.1.2 (/opt/ros/humble/share/rmw_implementation_cmake/cmake)
[3.924s] -- Found rmw_cyclonedds_cpp: 1.3.4 (/opt/ros/humble/share/rmw_cyclonedds_cpp/cmake)
[4.088s] -- Using RMW implementation 'rmw_cyclonedds_cpp' as default
[4.133s] -- Looking for pthread.h
[4.401s] -- Looking for pthread.h - found
[4.402s] -- Performing Test CMAKE_HAVE_LIBC_PTHREAD
[4.581s] -- Performing Test CMAKE_HAVE_LIBC_PTHREAD - Success
[4.587s] -- Found Threads: TRUE  
[4.775s] -- Found rclcpp_lifecycle: 16.0.14 (/opt/ros/humble/share/rclcpp_lifecycle/cmake)
[4.897s] -- Found hardware_interface: 2.51.0 (/opt/ros/humble/share/hardware_interface/cmake)
[5.632s] -- Configuring done
[5.919s] -- Generating done
[5.930s] -- Build files have been written to: /home/ibrahim/tasc_arm/build/arm_control
[5.960s] Invoked command in '/home/ibrahim/tasc_arm/build/arm_control' returned '0': CMAKE_PREFIX_PATH=/opt/ros/humble /usr/bin/cmake /home/ibrahim/tasc_arm/src/arm_control -DCMAKE_INSTALL_PREFIX=/home/ibrahim/tasc_arm/install/arm_control
[5.961s] Invoking command in '/home/ibrahim/tasc_arm/build/arm_control': CMAKE_PREFIX_PATH=/opt/ros/humble /usr/bin/cmake --build /home/ibrahim/tasc_arm/build/arm_control -- -j4 -l4
[6.099s] [ 50%] [32mBuilding CXX object CMakeFiles/arm_control.dir/src/mini_arm_hardware.cpp.o[0m
[41.633s] [100%] [32m[1mLinking CXX shared library libarm_control.so[0m
[42.331s] [100%] Built target arm_control
[42.373s] Invoked command in '/home/ibrahim/tasc_arm/build/arm_control' returned '0': CMAKE_PREFIX_PATH=/opt/ros/humble /usr/bin/cmake --build /home/ibrahim/tasc_arm/build/arm_control -- -j4 -l4
[42.374s] Invoking command in '/home/ibrahim/tasc_arm/build/arm_control': CMAKE_PREFIX_PATH=/opt/ros/humble /usr/bin/cmake --install /home/ibrahim/tasc_arm/build/arm_control
[42.405s] -- Install configuration: ""
[42.405s] -- Up-to-date: /home/ibrahim/tasc_arm/install/arm_control/share/arm_control/plugin.xml
[42.407s] -- Installing: /home/ibrahim/tasc_arm/install/arm_control/lib/libarm_control.so
[42.410s] -- Set runtime path of "/home/ibrahim/tasc_arm/install/arm_control/lib/libarm_control.so" to ""
[42.410s] -- Up-to-date: /home/ibrahim/tasc_arm/install/arm_control/include
[42.410s] -- Up-to-date: /home/ibrahim/tasc_arm/install/arm_control/include/arm_control
[42.410s] -- Up-to-date: /home/ibrahim/tasc_arm/install/arm_control/share/arm_control/plugin.xml
[42.410s] -- Up-to-date: /home/ibrahim/tasc_arm/install/arm_control/share/arm_control/config
[42.410s] -- Up-to-date: /home/ibrahim/tasc_arm/install/arm_control/share/arm_control/config/controllers.yaml
[42.410s] -- Installing: /home/ibrahim/tasc_arm/install/arm_control/lib/arm_control/keyboard_teleop.py
[42.411s] -- Installing: /home/ibrahim/tasc_arm/install/arm_control/lib/arm_control/keyboard_cartesian_ik_teleop.py
[42.411s] -- Installing: /home/ibrahim/tasc_arm/install/arm_control/lib/arm_control/ps5_arm_teleop.py
[42.411s] -- Installing: /home/ibrahim/tasc_arm/install/arm_control/lib/arm_control/ps5_cartesian_ik_teleop.py
[42.411s] -- Installing: /home/ibrahim/tasc_arm/install/arm_control/lib/arm_control/logitech_joystick_ik.py
[42.411s] -- Installing: /home/ibrahim/tasc_arm/install/arm_control/lib/arm_control/joint_state_offset.py
[42.412s] -- Installing: /home/ibrahim/tasc_arm/install/arm_control/share/arm_control/package.dsv
[42.413s] -- Up-to-date: /home/ibrahim/tasc_arm/install/arm_control/share/arm_control/package.xml
[42.418s] Invoked command in '/home/ibrahim/tasc_arm/build/arm_control' returned '0': CMAKE_PREFIX_PATH=/opt/ros/humble /usr/bin/cmake --install /home/ibrahim/tasc_arm/build/arm_control
