[0.258s] Invoking command in '/home/ibrahim/tasc_arm/build/arm_control': CMAKE_PREFIX_PATH=${CMAKE_PREFIX_PATH}:/home/ibrahim/tasc_arm/install/arm_bringup:/opt/ros/humble /usr/bin/cmake --build /home/ibrahim/tasc_arm/build/arm_control -- -j4 -l4
[0.350s] [100%] Built target arm_control
[0.359s] Invoked command in '/home/ibrahim/tasc_arm/build/arm_control' returned '0': CMAKE_PREFIX_PATH=${CMAKE_PREFIX_PATH}:/home/ibrahim/tasc_arm/install/arm_bringup:/opt/ros/humble /usr/bin/cmake --build /home/ibrahim/tasc_arm/build/arm_control -- -j4 -l4
[0.359s] Invoking command in '/home/ibrahim/tasc_arm/build/arm_control': CMAKE_PREFIX_PATH=${CMAKE_PREFIX_PATH}:/home/ibrahim/tasc_arm/install/arm_bringup:/opt/ros/humble /usr/bin/cmake --install /home/ibrahim/tasc_arm/build/arm_control
[0.368s] -- Install configuration: ""
[0.368s] -- Up-to-date: /home/ibrahim/tasc_arm/install/arm_control/share/arm_control/plugin.xml
[0.368s] -- Up-to-date: /home/ibrahim/tasc_arm/install/arm_control/lib/libarm_control.so
[0.368s] -- Up-to-date: /home/ibrahim/tasc_arm/install/arm_control/include
[0.368s] -- Up-to-date: /home/ibrahim/tasc_arm/install/arm_control/include/arm_control
[0.369s] -- Up-to-date: /home/ibrahim/tasc_arm/install/arm_control/share/arm_control/plugin.xml
[0.369s] -- Up-to-date: /home/ibrahim/tasc_arm/install/arm_control/share/arm_control/config
[0.370s] -- Up-to-date: /home/ibrahim/tasc_arm/install/arm_control/share/arm_control/config/controllers.yaml
[0.371s] -- Up-to-date: /home/ibrahim/tasc_arm/install/arm_control/lib/arm_control/keyboard_teleop.py
[0.372s] -- Up-to-date: /home/ibrahim/tasc_arm/install/arm_control/lib/arm_control/keyboard_cartesian_ik_teleop.py
[0.373s] -- Up-to-date: /home/ibrahim/tasc_arm/install/arm_control/lib/arm_control/ps5_arm_teleop.py
[0.373s] -- Up-to-date: /home/ibrahim/tasc_arm/install/arm_control/lib/arm_control/ps5_cartesian_ik_teleop.py
[0.373s] -- Up-to-date: /home/ibrahim/tasc_arm/install/arm_control/lib/arm_control/logitech_joystick_ik.py
[0.373s] -- Up-to-date: /home/ibrahim/tasc_arm/install/arm_control/lib/arm_control/joint_state_offset.py
[0.373s] -- Installing: /home/ibrahim/tasc_arm/install/arm_control/share/arm_control/package.dsv
[0.373s] -- Up-to-date: /home/ibrahim/tasc_arm/install/arm_control/share/arm_control/package.xml
[0.393s] Invoked command in '/home/ibrahim/tasc_arm/build/arm_control' returned '0': CMAKE_PREFIX_PATH=${CMAKE_PREFIX_PATH}:/home/ibrahim/tasc_arm/install/arm_bringup:/opt/ros/humble /usr/bin/cmake --install /home/ibrahim/tasc_arm/build/arm_control
