[0.214s] DEBUG:colcon:Command line arguments: ['/usr/bin/colcon', 'build', '--packages-select', 'arm_2026']
[0.215s] DEBUG:colcon:Parsed command line arguments: Namespace(log_base=None, log_level=None, verb_name='build', build_base='build', install_base='install', merge_install=False, symlink_install=False, test_result_base=None, continue_on_error=False, executor='parallel', parallel_workers=4, event_handlers=None, ignore_user_meta=False, metas=['./colcon.meta'], base_paths=['.'], packages_ignore=None, packages_ignore_regex=None, paths=None, packages_up_to=None, packages_up_to_regex=None, packages_above=None, packages_above_and_dependencies=None, packages_above_depth=None, packages_select_by_dep=None, packages_skip_by_dep=None, packages_skip_up_to=None, packages_select_build_failed=False, packages_skip_build_finished=False, packages_select_test_failures=False, packages_skip_test_passed=False, packages_select=['arm_2026'], packages_skip=None, packages_select_regex=None, packages_skip_regex=None, packages_start=None, packages_end=None, allow_overriding=[], cmake_args=None, cmake_target=None, cmake_target_skip_unavailable=False, cmake_clean_cache=False, cmake_clean_first=False, cmake_force_configure=False, ament_cmake_args=None, catkin_cmake_args=None, catkin_skip_building_tests=False, mixin_files=None, mixin=None, verb_parser=<colcon_mixin.mixin.mixin_argument.MixinArgumentDecorator object at 0x720a15756710>, verb_extension=<colcon_core.verb.build.BuildVerb object at 0x720a15877610>, main=<bound method BuildVerb.main of <colcon_core.verb.build.BuildVerb object at 0x720a15877610>>, mixin_verb=('build',))
[0.567s] Level 1:colcon.colcon_core.package_discovery:discover_packages(colcon_meta) check parameters
[0.567s] Level 1:colcon.colcon_core.package_discovery:discover_packages(recursive) check parameters
[0.567s] Level 1:colcon.colcon_core.package_discovery:discover_packages(ignore) check parameters
[0.567s] Level 1:colcon.colcon_core.package_discovery:discover_packages(path) check parameters
[0.567s] Level 1:colcon.colcon_core.package_discovery:discover_packages(colcon_meta) discover
[0.568s] Level 1:colcon.colcon_core.package_discovery:discover_packages(recursive) discover
[0.568s] INFO:colcon.colcon_core.package_discovery:Crawling recursively for packages in '/home/ibrahim/tasc_arm'
[0.568s] Level 1:colcon.colcon_core.package_identification:_identify(.) by extensions ['ignore', 'ignore_ament_install']
[0.568s] Level 1:colcon.colcon_core.package_identification:_identify(.) by extension 'ignore'
[0.568s] Level 1:colcon.colcon_core.package_identification:_identify(.) by extension 'ignore_ament_install'
[0.568s] Level 1:colcon.colcon_core.package_identification:_identify(.) by extensions ['colcon_pkg']
[0.568s] Level 1:colcon.colcon_core.package_identification:_identify(.) by extension 'colcon_pkg'
[0.568s] Level 1:colcon.colcon_core.package_identification:_identify(.) by extensions ['colcon_meta']
[0.568s] Level 1:colcon.colcon_core.package_identification:_identify(.) by extension 'colcon_meta'
[0.568s] Level 1:colcon.colcon_core.package_identification:_identify(.) by extensions ['ros']
[0.568s] Level 1:colcon.colcon_core.package_identification:_identify(.) by extension 'ros'
[0.591s] Level 1:colcon.colcon_core.package_identification:_identify(.) by extensions ['cmake', 'python']
[0.591s] Level 1:colcon.colcon_core.package_identification:_identify(.) by extension 'cmake'
[0.592s] Level 1:colcon.colcon_core.package_identification:_identify(.) by extension 'python'
[0.592s] Level 1:colcon.colcon_core.package_identification:_identify(.) by extensions ['python_setup_py']
[0.592s] Level 1:colcon.colcon_core.package_identification:_identify(.) by extension 'python_setup_py'
[0.592s] Level 1:colcon.colcon_core.package_identification:_identify(build) by extensions ['ignore', 'ignore_ament_install']
[0.592s] Level 1:colcon.colcon_core.package_identification:_identify(build) by extension 'ignore'
[0.592s] Level 1:colcon.colcon_core.package_identification:_identify(build) ignored
[0.593s] Level 1:colcon.colcon_core.package_identification:_identify(install) by extensions ['ignore', 'ignore_ament_install']
[0.593s] Level 1:colcon.colcon_core.package_identification:_identify(install) by extension 'ignore'
[0.593s] Level 1:colcon.colcon_core.package_identification:_identify(install) ignored
[0.594s] Level 1:colcon.colcon_core.package_identification:_identify(log) by extensions ['ignore', 'ignore_ament_install']
[0.594s] Level 1:colcon.colcon_core.package_identification:_identify(log) by extension 'ignore'
[0.595s] Level 1:colcon.colcon_core.package_identification:_identify(log) ignored
[0.595s] Level 1:colcon.colcon_core.package_identification:_identify(src) by extensions ['ignore', 'ignore_ament_install']
[0.595s] Level 1:colcon.colcon_core.package_identification:_identify(src) by extension 'ignore'
[0.595s] Level 1:colcon.colcon_core.package_identification:_identify(src) by extension 'ignore_ament_install'
[0.595s] Level 1:colcon.colcon_core.package_identification:_identify(src) by extensions ['colcon_pkg']
[0.596s] Level 1:colcon.colcon_core.package_identification:_identify(src) by extension 'colcon_pkg'
[0.596s] Level 1:colcon.colcon_core.package_identification:_identify(src) by extensions ['colcon_meta']
[0.596s] Level 1:colcon.colcon_core.package_identification:_identify(src) by extension 'colcon_meta'
[0.596s] Level 1:colcon.colcon_core.package_identification:_identify(src) by extensions ['ros']
[0.596s] Level 1:colcon.colcon_core.package_identification:_identify(src) by extension 'ros'
[0.597s] Level 1:colcon.colcon_core.package_identification:_identify(src) by extensions ['cmake', 'python']
[0.597s] Level 1:colcon.colcon_core.package_identification:_identify(src) by extension 'cmake'
[0.597s] Level 1:colcon.colcon_core.package_identification:_identify(src) by extension 'python'
[0.597s] Level 1:colcon.colcon_core.package_identification:_identify(src) by extensions ['python_setup_py']
[0.597s] Level 1:colcon.colcon_core.package_identification:_identify(src) by extension 'python_setup_py'
[0.597s] Level 1:colcon.colcon_core.package_identification:_identify(src/arm_2026) by extensions ['ignore', 'ignore_ament_install']
[0.597s] Level 1:colcon.colcon_core.package_identification:_identify(src/arm_2026) by extension 'ignore'
[0.598s] Level 1:colcon.colcon_core.package_identification:_identify(src/arm_2026) by extension 'ignore_ament_install'
[0.598s] Level 1:colcon.colcon_core.package_identification:_identify(src/arm_2026) by extensions ['colcon_pkg']
[0.598s] Level 1:colcon.colcon_core.package_identification:_identify(src/arm_2026) by extension 'colcon_pkg'
[0.598s] Level 1:colcon.colcon_core.package_identification:_identify(src/arm_2026) by extensions ['colcon_meta']
[0.598s] Level 1:colcon.colcon_core.package_identification:_identify(src/arm_2026) by extension 'colcon_meta'
[0.598s] Level 1:colcon.colcon_core.package_identification:_identify(src/arm_2026) by extensions ['ros']
[0.598s] Level 1:colcon.colcon_core.package_identification:_identify(src/arm_2026) by extension 'ros'
[0.608s] DEBUG:colcon.colcon_core.package_identification:Package 'src/arm_2026' with type 'ros.ament_cmake' and name 'arm_2026'
[0.609s] Level 1:colcon.colcon_core.package_identification:_identify(src/arm_bringup) by extensions ['ignore', 'ignore_ament_install']
[0.609s] Level 1:colcon.colcon_core.package_identification:_identify(src/arm_bringup) by extension 'ignore'
[0.610s] Level 1:colcon.colcon_core.package_identification:_identify(src/arm_bringup) by extension 'ignore_ament_install'
[0.610s] Level 1:colcon.colcon_core.package_identification:_identify(src/arm_bringup) by extensions ['colcon_pkg']
[0.610s] Level 1:colcon.colcon_core.package_identification:_identify(src/arm_bringup) by extension 'colcon_pkg'
[0.610s] Level 1:colcon.colcon_core.package_identification:_identify(src/arm_bringup) by extensions ['colcon_meta']
[0.610s] Level 1:colcon.colcon_core.package_identification:_identify(src/arm_bringup) by extension 'colcon_meta'
[0.610s] Level 1:colcon.colcon_core.package_identification:_identify(src/arm_bringup) by extensions ['ros']
[0.610s] Level 1:colcon.colcon_core.package_identification:_identify(src/arm_bringup) by extension 'ros'
[0.612s] DEBUG:colcon.colcon_core.package_identification:Package 'src/arm_bringup' with type 'ros.ament_python' and name 'arm_bringup'
[0.613s] Level 1:colcon.colcon_core.package_identification:_identify(src/arm_control) by extensions ['ignore', 'ignore_ament_install']
[0.613s] Level 1:colcon.colcon_core.package_identification:_identify(src/arm_control) by extension 'ignore'
[0.613s] Level 1:colcon.colcon_core.package_identification:_identify(src/arm_control) by extension 'ignore_ament_install'
[0.613s] Level 1:colcon.colcon_core.package_identification:_identify(src/arm_control) by extensions ['colcon_pkg']
[0.613s] Level 1:colcon.colcon_core.package_identification:_identify(src/arm_control) by extension 'colcon_pkg'
[0.613s] Level 1:colcon.colcon_core.package_identification:_identify(src/arm_control) by extensions ['colcon_meta']
[0.613s] Level 1:colcon.colcon_core.package_identification:_identify(src/arm_control) by extension 'colcon_meta'
[0.613s] Level 1:colcon.colcon_core.package_identification:_identify(src/arm_control) by extensions ['ros']
[0.613s] Level 1:colcon.colcon_core.package_identification:_identify(src/arm_control) by extension 'ros'
[0.615s] DEBUG:colcon.colcon_core.package_identification:Package 'src/arm_control' with type 'ros.ament_cmake' and name 'arm_control'
[0.615s] Level 1:colcon.colcon_core.package_identification:_identify(src/arm_description) by extensions ['ignore', 'ignore_ament_install']
[0.616s] Level 1:colcon.colcon_core.package_identification:_identify(src/arm_description) by extension 'ignore'
[0.616s] Level 1:colcon.colcon_core.package_identification:_identify(src/arm_description) by extension 'ignore_ament_install'
[0.616s] Level 1:colcon.colcon_core.package_identification:_identify(src/arm_description) by extensions ['colcon_pkg']
[0.616s] Level 1:colcon.colcon_core.package_identification:_identify(src/arm_description) by extension 'colcon_pkg'
[0.616s] Level 1:colcon.colcon_core.package_identification:_identify(src/arm_description) by extensions ['colcon_meta']
[0.616s] Level 1:colcon.colcon_core.package_identification:_identify(src/arm_description) by extension 'colcon_meta'
[0.616s] Level 1:colcon.colcon_core.package_identification:_identify(src/arm_description) by extensions ['ros']
[0.616s] Level 1:colcon.colcon_core.package_identification:_identify(src/arm_description) by extension 'ros'
[0.617s] DEBUG:colcon.colcon_core.package_identification:Package 'src/arm_description' with type 'ros.ament_cmake' and name 'arm_description'
[0.617s] Level 1:colcon.colcon_core.package_identification:_identify(src/phidgets_hardware) by extensions ['ignore', 'ignore_ament_install']
[0.617s] Level 1:colcon.colcon_core.package_identification:_identify(src/phidgets_hardware) by extension 'ignore'
[0.617s] Level 1:colcon.colcon_core.package_identification:_identify(src/phidgets_hardware) by extension 'ignore_ament_install'
[0.617s] Level 1:colcon.colcon_core.package_identification:_identify(src/phidgets_hardware) by extensions ['colcon_pkg']
[0.617s] Level 1:colcon.colcon_core.package_identification:_identify(src/phidgets_hardware) by extension 'colcon_pkg'
[0.617s] Level 1:colcon.colcon_core.package_identification:_identify(src/phidgets_hardware) by extensions ['colcon_meta']
[0.617s] Level 1:colcon.colcon_core.package_identification:_identify(src/phidgets_hardware) by extension 'colcon_meta'
[0.617s] Level 1:colcon.colcon_core.package_identification:_identify(src/phidgets_hardware) by extensions ['ros']
[0.617s] Level 1:colcon.colcon_core.package_identification:_identify(src/phidgets_hardware) by extension 'ros'
[0.621s] DEBUG:colcon.colcon_core.package_identification:Package 'src/phidgets_hardware' with type 'ros.ament_cmake' and name 'phidgets_hardware'
[0.621s] Level 1:colcon.colcon_core.package_discovery:discover_packages(recursive) using defaults
[0.621s] Level 1:colcon.colcon_core.package_discovery:discover_packages(ignore) discover
[0.621s] Level 1:colcon.colcon_core.package_discovery:discover_packages(ignore) using defaults
[0.621s] Level 1:colcon.colcon_core.package_discovery:discover_packages(path) discover
[0.621s] Level 1:colcon.colcon_core.package_discovery:discover_packages(path) using defaults
[0.690s] INFO:colcon.colcon_core.package_selection:Skipping not selected package 'arm_bringup' in 'src/arm_bringup'
[0.691s] INFO:colcon.colcon_core.package_selection:Skipping not selected package 'arm_control' in 'src/arm_control'
[0.691s] INFO:colcon.colcon_core.package_selection:Skipping not selected package 'arm_description' in 'src/arm_description'
[0.691s] INFO:colcon.colcon_core.package_selection:Skipping not selected package 'phidgets_hardware' in 'src/phidgets_hardware'
[0.692s] Level 1:colcon.colcon_core.package_discovery:discover_packages(prefix_path) check parameters
[0.692s] Level 1:colcon.colcon_core.package_discovery:discover_packages(prefix_path) discover
[0.695s] DEBUG:colcon.colcon_installed_package_information.package_discovery:Found 5 installed packages in /home/ibrahim/tasc_arm/install
[0.699s] DEBUG:colcon.colcon_installed_package_information.package_discovery:Found 433 installed packages in /opt/ros/humble
[0.703s] Level 1:colcon.colcon_core.package_discovery:discover_packages(prefix_path) using defaults
[0.805s] Level 5:colcon.colcon_core.verb:set package 'arm_2026' build argument 'cmake_args' from command line to 'None'
[0.806s] Level 5:colcon.colcon_core.verb:set package 'arm_2026' build argument 'cmake_target' from command line to 'None'
[0.806s] Level 5:colcon.colcon_core.verb:set package 'arm_2026' build argument 'cmake_target_skip_unavailable' from command line to 'False'
[0.806s] Level 5:colcon.colcon_core.verb:set package 'arm_2026' build argument 'cmake_clean_cache' from command line to 'False'
[0.806s] Level 5:colcon.colcon_core.verb:set package 'arm_2026' build argument 'cmake_clean_first' from command line to 'False'
[0.806s] Level 5:colcon.colcon_core.verb:set package 'arm_2026' build argument 'cmake_force_configure' from command line to 'False'
[0.806s] Level 5:colcon.colcon_core.verb:set package 'arm_2026' build argument 'ament_cmake_args' from command line to 'None'
[0.806s] Level 5:colcon.colcon_core.verb:set package 'arm_2026' build argument 'catkin_cmake_args' from command line to 'None'
[0.806s] Level 5:colcon.colcon_core.verb:set package 'arm_2026' build argument 'catkin_skip_building_tests' from command line to 'False'
[0.806s] DEBUG:colcon.colcon_core.verb:Building package 'arm_2026' with the following arguments: {'ament_cmake_args': None, 'build_base': '/home/ibrahim/tasc_arm/build/arm_2026', 'catkin_cmake_args': None, 'catkin_skip_building_tests': False, 'cmake_args': None, 'cmake_clean_cache': False, 'cmake_clean_first': False, 'cmake_force_configure': False, 'cmake_target': None, 'cmake_target_skip_unavailable': False, 'install_base': '/home/ibrahim/tasc_arm/install/arm_2026', 'merge_install': False, 'path': '/home/ibrahim/tasc_arm/src/arm_2026', 'symlink_install': False, 'test_result_base': None}
[0.807s] INFO:colcon.colcon_core.executor:Executing jobs using 'parallel' executor
[0.813s] DEBUG:colcon.colcon_parallel_executor.executor.parallel:run_until_complete
[0.814s] INFO:colcon.colcon_ros.task.ament_cmake.build:Building ROS package in '/home/ibrahim/tasc_arm/src/arm_2026' with build type 'ament_cmake'
[0.814s] INFO:colcon.colcon_cmake.task.cmake.build:Building CMake package in '/home/ibrahim/tasc_arm/src/arm_2026'
[0.818s] INFO:colcon.colcon_core.plugin_system:Skipping extension 'colcon_core.shell.bat': Not used on non-Windows systems
[0.819s] INFO:colcon.colcon_core.shell:Skip shell extension 'powershell' for command environment: Not usable outside of PowerShell
[0.819s] DEBUG:colcon.colcon_core.shell:Skip shell extension 'dsv' for command environment
[0.847s] DEBUG:colcon.colcon_core.event_handler.log_command:Invoking command in '/home/ibrahim/tasc_arm/build/arm_2026': CMAKE_PREFIX_PATH=${CMAKE_PREFIX_PATH}:/home/ibrahim/tasc_arm/install/arm_bringup:/opt/ros/humble /usr/bin/cmake --build /home/ibrahim/tasc_arm/build/arm_2026 -- -j4 -l4
[20.299s] DEBUG:colcon.colcon_core.event_handler.log_command:Invoked command in '/home/ibrahim/tasc_arm/build/arm_2026' returned '0': CMAKE_PREFIX_PATH=${CMAKE_PREFIX_PATH}:/home/ibrahim/tasc_arm/install/arm_bringup:/opt/ros/humble /usr/bin/cmake --build /home/ibrahim/tasc_arm/build/arm_2026 -- -j4 -l4
[20.319s] DEBUG:colcon.colcon_core.event_handler.log_command:Invoking command in '/home/ibrahim/tasc_arm/build/arm_2026': CMAKE_PREFIX_PATH=${CMAKE_PREFIX_PATH}:/home/ibrahim/tasc_arm/install/arm_bringup:/opt/ros/humble /usr/bin/cmake --install /home/ibrahim/tasc_arm/build/arm_2026
[20.353s] Level 1:colcon.colcon_core.environment:create_environment_scripts_only(arm_2026)
[20.354s] DEBUG:colcon.colcon_core.event_handler.log_command:Invoked command in '/home/ibrahim/tasc_arm/build/arm_2026' returned '0': CMAKE_PREFIX_PATH=${CMAKE_PREFIX_PATH}:/home/ibrahim/tasc_arm/install/arm_bringup:/opt/ros/humble /usr/bin/cmake --install /home/ibrahim/tasc_arm/build/arm_2026
[20.358s] Level 1:colcon.colcon_core.environment:checking '/home/ibrahim/tasc_arm/install/arm_2026' for CMake module files
[20.359s] Level 1:colcon.colcon_core.environment:checking '/home/ibrahim/tasc_arm/install/arm_2026' for CMake config files
[20.359s] Level 1:colcon.colcon_core.shell:create_environment_hook('arm_2026', 'cmake_prefix_path')
[20.360s] INFO:colcon.colcon_core.shell:Creating environment hook '/home/ibrahim/tasc_arm/install/arm_2026/share/arm_2026/hook/cmake_prefix_path.ps1'
[20.362s] INFO:colcon.colcon_core.shell:Creating environment descriptor '/home/ibrahim/tasc_arm/install/arm_2026/share/arm_2026/hook/cmake_prefix_path.dsv'
[20.363s] INFO:colcon.colcon_core.shell:Creating environment hook '/home/ibrahim/tasc_arm/install/arm_2026/share/arm_2026/hook/cmake_prefix_path.sh'
[20.365s] Level 1:colcon.colcon_core.environment:checking '/home/ibrahim/tasc_arm/install/arm_2026/lib'
[20.365s] Level 1:colcon.colcon_core.shell:create_environment_hook('arm_2026', 'ld_library_path_lib')
[20.366s] INFO:colcon.colcon_core.shell:Creating environment hook '/home/ibrahim/tasc_arm/install/arm_2026/share/arm_2026/hook/ld_library_path_lib.ps1'
[20.366s] INFO:colcon.colcon_core.shell:Creating environment descriptor '/home/ibrahim/tasc_arm/install/arm_2026/share/arm_2026/hook/ld_library_path_lib.dsv'
[20.367s] INFO:colcon.colcon_core.shell:Creating environment hook '/home/ibrahim/tasc_arm/install/arm_2026/share/arm_2026/hook/ld_library_path_lib.sh'
[20.368s] Level 1:colcon.colcon_core.environment:checking '/home/ibrahim/tasc_arm/install/arm_2026/bin'
[20.368s] Level 1:colcon.colcon_core.environment:checking '/home/ibrahim/tasc_arm/install/arm_2026/lib/pkgconfig/arm_2026.pc'
[20.369s] Level 1:colcon.colcon_core.environment:checking '/home/ibrahim/tasc_arm/install/arm_2026/lib/python3.10/site-packages'
[20.369s] Level 1:colcon.colcon_core.environment:checking '/home/ibrahim/tasc_arm/install/arm_2026/bin'
[20.369s] INFO:colcon.colcon_core.shell:Creating package script '/home/ibrahim/tasc_arm/install/arm_2026/share/arm_2026/package.ps1'
[20.371s] INFO:colcon.colcon_core.shell:Creating package descriptor '/home/ibrahim/tasc_arm/install/arm_2026/share/arm_2026/package.dsv'
[20.373s] INFO:colcon.colcon_core.shell:Creating package script '/home/ibrahim/tasc_arm/install/arm_2026/share/arm_2026/package.sh'
[20.374s] INFO:colcon.colcon_core.shell:Creating package script '/home/ibrahim/tasc_arm/install/arm_2026/share/arm_2026/package.bash'
[20.375s] INFO:colcon.colcon_core.shell:Creating package script '/home/ibrahim/tasc_arm/install/arm_2026/share/arm_2026/package.zsh'
[20.377s] Level 1:colcon.colcon_core.environment:create_file_with_runtime_dependencies(/home/ibrahim/tasc_arm/install/arm_2026/share/colcon-core/packages/arm_2026)
[20.379s] Level 1:colcon.colcon_core.environment:create_environment_scripts_only(arm_2026)
[20.380s] Level 1:colcon.colcon_core.environment:checking '/home/ibrahim/tasc_arm/install/arm_2026' for CMake module files
[20.380s] Level 1:colcon.colcon_core.environment:checking '/home/ibrahim/tasc_arm/install/arm_2026' for CMake config files
[20.381s] Level 1:colcon.colcon_core.shell:create_environment_hook('arm_2026', 'cmake_prefix_path')
[20.381s] INFO:colcon.colcon_core.shell:Creating environment hook '/home/ibrahim/tasc_arm/install/arm_2026/share/arm_2026/hook/cmake_prefix_path.ps1'
[20.382s] INFO:colcon.colcon_core.shell:Creating environment descriptor '/home/ibrahim/tasc_arm/install/arm_2026/share/arm_2026/hook/cmake_prefix_path.dsv'
[20.383s] INFO:colcon.colcon_core.shell:Creating environment hook '/home/ibrahim/tasc_arm/install/arm_2026/share/arm_2026/hook/cmake_prefix_path.sh'
[20.384s] Level 1:colcon.colcon_core.environment:checking '/home/ibrahim/tasc_arm/install/arm_2026/lib'
[20.384s] Level 1:colcon.colcon_core.shell:create_environment_hook('arm_2026', 'ld_library_path_lib')
[20.385s] INFO:colcon.colcon_core.shell:Creating environment hook '/home/ibrahim/tasc_arm/install/arm_2026/share/arm_2026/hook/ld_library_path_lib.ps1'
[20.385s] INFO:colcon.colcon_core.shell:Creating environment descriptor '/home/ibrahim/tasc_arm/install/arm_2026/share/arm_2026/hook/ld_library_path_lib.dsv'
[20.386s] INFO:colcon.colcon_core.shell:Creating environment hook '/home/ibrahim/tasc_arm/install/arm_2026/share/arm_2026/hook/ld_library_path_lib.sh'
[20.387s] Level 1:colcon.colcon_core.environment:checking '/home/ibrahim/tasc_arm/install/arm_2026/bin'
[20.387s] Level 1:colcon.colcon_core.environment:checking '/home/ibrahim/tasc_arm/install/arm_2026/lib/pkgconfig/arm_2026.pc'
[20.388s] Level 1:colcon.colcon_core.environment:checking '/home/ibrahim/tasc_arm/install/arm_2026/lib/python3.10/site-packages'
[20.388s] Level 1:colcon.colcon_core.environment:checking '/home/ibrahim/tasc_arm/install/arm_2026/bin'
[20.388s] INFO:colcon.colcon_core.shell:Creating package script '/home/ibrahim/tasc_arm/install/arm_2026/share/arm_2026/package.ps1'
[20.389s] INFO:colcon.colcon_core.shell:Creating package descriptor '/home/ibrahim/tasc_arm/install/arm_2026/share/arm_2026/package.dsv'
[20.390s] INFO:colcon.colcon_core.shell:Creating package script '/home/ibrahim/tasc_arm/install/arm_2026/share/arm_2026/package.sh'
[20.391s] INFO:colcon.colcon_core.shell:Creating package script '/home/ibrahim/tasc_arm/install/arm_2026/share/arm_2026/package.bash'
[20.392s] INFO:colcon.colcon_core.shell:Creating package script '/home/ibrahim/tasc_arm/install/arm_2026/share/arm_2026/package.zsh'
[20.393s] Level 1:colcon.colcon_core.environment:create_file_with_runtime_dependencies(/home/ibrahim/tasc_arm/install/arm_2026/share/colcon-core/packages/arm_2026)
[20.395s] DEBUG:colcon.colcon_parallel_executor.executor.parallel:closing loop
[20.395s] DEBUG:colcon.colcon_parallel_executor.executor.parallel:loop closed
[20.396s] DEBUG:colcon.colcon_parallel_executor.executor.parallel:run_until_complete finished with '0'
[20.396s] DEBUG:colcon.colcon_core.event_reactor:joining thread
[20.405s] INFO:colcon.colcon_core.plugin_system:Skipping extension 'colcon_notification.desktop_notification.terminal_notifier': Not used on non-Darwin systems
[20.405s] INFO:colcon.colcon_core.plugin_system:Skipping extension 'colcon_notification.desktop_notification.win32': Not used on non-Windows systems
[20.405s] INFO:colcon.colcon_notification.desktop_notification:Sending desktop notification using 'notify2'
[20.435s] DEBUG:colcon.colcon_core.event_reactor:joined thread
[20.436s] INFO:colcon.colcon_core.shell:Creating prefix script '/home/ibrahim/tasc_arm/install/local_setup.ps1'
[20.439s] INFO:colcon.colcon_core.shell:Creating prefix util module '/home/ibrahim/tasc_arm/install/_local_setup_util_ps1.py'
[20.442s] INFO:colcon.colcon_core.shell:Creating prefix chain script '/home/ibrahim/tasc_arm/install/setup.ps1'
[20.449s] INFO:colcon.colcon_core.shell:Creating prefix script '/home/ibrahim/tasc_arm/install/local_setup.sh'
[20.452s] INFO:colcon.colcon_core.shell:Creating prefix util module '/home/ibrahim/tasc_arm/install/_local_setup_util_sh.py'
[20.453s] INFO:colcon.colcon_core.shell:Creating prefix chain script '/home/ibrahim/tasc_arm/install/setup.sh'
[20.456s] INFO:colcon.colcon_core.shell:Creating prefix script '/home/ibrahim/tasc_arm/install/local_setup.bash'
[20.458s] INFO:colcon.colcon_core.shell:Creating prefix chain script '/home/ibrahim/tasc_arm/install/setup.bash'
[20.463s] INFO:colcon.colcon_core.shell:Creating prefix script '/home/ibrahim/tasc_arm/install/local_setup.zsh'
[20.464s] INFO:colcon.colcon_core.shell:Creating prefix chain script '/home/ibrahim/tasc_arm/install/setup.zsh'
