[1.221s] Invoking command in '/home/ibrahim/tasc_arm/src/arm_bringup': PYTHONPATH=/home/ibrahim/tasc_arm/build/arm_bringup/prefix_override:/usr/lib/python3/dist-packages/colcon_core/task/python/colcon_distutils_commands:/home/ibrahim/tasc_arm/install/arm_bringup/lib/python3.10/site-packages:${PYTHONPATH} /usr/bin/python3 -W ignore:setup.py install is deprecated -W ignore:easy_install command is deprecated setup.py egg_info --egg-base ../../build/arm_bringup build --build-base /home/ibrahim/tasc_arm/build/arm_bringup/build install --record /home/ibrahim/tasc_arm/build/arm_bringup/install.log --single-version-externally-managed install_data
[1.615s] running egg_info
[1.620s] writing ../../build/arm_bringup/arm_bringup.egg-info/PKG-INFO
[1.623s] writing dependency_links to ../../build/arm_bringup/arm_bringup.egg-info/dependency_links.txt
[1.623s] writing entry points to ../../build/arm_bringup/arm_bringup.egg-info/entry_points.txt
[1.623s] writing requirements to ../../build/arm_bringup/arm_bringup.egg-info/requires.txt
[1.623s] writing top-level names to ../../build/arm_bringup/arm_bringup.egg-info/top_level.txt
[1.627s] reading manifest file '../../build/arm_bringup/arm_bringup.egg-info/SOURCES.txt'
[1.629s] writing manifest file '../../build/arm_bringup/arm_bringup.egg-info/SOURCES.txt'
[1.630s] running build
[1.630s] running build_py
[1.633s] running install
[1.634s] running install_lib
[1.636s] running install_data
[1.637s] running install_egg_info
[1.641s] removing '/home/ibrahim/tasc_arm/install/arm_bringup/lib/python3.10/site-packages/arm_bringup-0.0.0-py3.10.egg-info' (and everything under it)
[1.641s] Copying ../../build/arm_bringup/arm_bringup.egg-info to /home/ibrahim/tasc_arm/install/arm_bringup/lib/python3.10/site-packages/arm_bringup-0.0.0-py3.10.egg-info
[1.643s] running install_scripts
[1.692s] writing list of installed files to '/home/ibrahim/tasc_arm/build/arm_bringup/install.log'
[1.745s] Invoked command in '/home/ibrahim/tasc_arm/src/arm_bringup' returned '0': PYTHONPATH=/home/ibrahim/tasc_arm/build/arm_bringup/prefix_override:/usr/lib/python3/dist-packages/colcon_core/task/python/colcon_distutils_commands:/home/ibrahim/tasc_arm/install/arm_bringup/lib/python3.10/site-packages:${PYTHONPATH} /usr/bin/python3 -W ignore:setup.py install is deprecated -W ignore:easy_install command is deprecated setup.py egg_info --egg-base ../../build/arm_bringup build --build-base /home/ibrahim/tasc_arm/build/arm_bringup/build install --record /home/ibrahim/tasc_arm/build/arm_bringup/install.log --single-version-externally-managed install_data
