[1.565s] Invoking command in '/home/ibrahim/tasc_arm/src/arm_bringup': PYTHONPATH=/home/ibrahim/tasc_arm/build/arm_bringup/prefix_override:/usr/lib/python3/dist-packages/colcon_core/task/python/colcon_distutils_commands:/home/ibrahim/tasc_arm/install/arm_bringup/lib/python3.10/site-packages:${PYTHONPATH} /usr/bin/python3 -W ignore:setup.py install is deprecated -W ignore:easy_install command is deprecated setup.py egg_info --egg-base ../../build/arm_bringup build --build-base /home/ibrahim/tasc_arm/build/arm_bringup/build install --record /home/ibrahim/tasc_arm/build/arm_bringup/install.log --single-version-externally-managed install_data
[2.100s] running egg_info
[2.102s] writing ../../build/arm_bringup/arm_bringup.egg-info/PKG-INFO
[2.103s] writing dependency_links to ../../build/arm_bringup/arm_bringup.egg-info/dependency_links.txt
[2.104s] writing entry points to ../../build/arm_bringup/arm_bringup.egg-info/entry_points.txt
[2.104s] writing requirements to ../../build/arm_bringup/arm_bringup.egg-info/requires.txt
[2.105s] writing top-level names to ../../build/arm_bringup/arm_bringup.egg-info/top_level.txt
[2.111s] reading manifest file '../../build/arm_bringup/arm_bringup.egg-info/SOURCES.txt'
[2.113s] writing manifest file '../../build/arm_bringup/arm_bringup.egg-info/SOURCES.txt'
[2.114s] running build
[2.117s] running build_py
[2.119s] running install
[2.119s] running install_lib
[2.122s] running install_data
[2.123s] running install_egg_info
[2.129s] removing '/home/ibrahim/tasc_arm/install/arm_bringup/lib/python3.10/site-packages/arm_bringup-0.0.0-py3.10.egg-info' (and everything under it)
[2.130s] Copying ../../build/arm_bringup/arm_bringup.egg-info to /home/ibrahim/tasc_arm/install/arm_bringup/lib/python3.10/site-packages/arm_bringup-0.0.0-py3.10.egg-info
[2.136s] running install_scripts
[2.188s] writing list of installed files to '/home/ibrahim/tasc_arm/build/arm_bringup/install.log'
[2.261s] Invoked command in '/home/ibrahim/tasc_arm/src/arm_bringup' returned '0': PYTHONPATH=/home/ibrahim/tasc_arm/build/arm_bringup/prefix_override:/usr/lib/python3/dist-packages/colcon_core/task/python/colcon_distutils_commands:/home/ibrahim/tasc_arm/install/arm_bringup/lib/python3.10/site-packages:${PYTHONPATH} /usr/bin/python3 -W ignore:setup.py install is deprecated -W ignore:easy_install command is deprecated setup.py egg_info --egg-base ../../build/arm_bringup build --build-base /home/ibrahim/tasc_arm/build/arm_bringup/build install --record /home/ibrahim/tasc_arm/build/arm_bringup/install.log --single-version-externally-managed install_data
