[0.069s] Invoking command in '/home/ibrahim/tasc_arm/build/arm_2026': CMAKE_PREFIX_PATH=${CMAKE_PREFIX_PATH}:/home/ibrahim/tasc_arm/install/arm_bringup:/opt/ros/humble /usr/bin/cmake --build /home/ibrahim/tasc_arm/build/arm_2026 -- -j4 -l4
[0.572s] [ 50%] Built target arm_2026_keyboard_teleop
[0.572s] [100%] Built target arm_2026
[0.605s] Invoked command in '/home/ibrahim/tasc_arm/build/arm_2026' returned '0': CMAKE_PREFIX_PATH=${CMAKE_PREFIX_PATH}:/home/ibrahim/tasc_arm/install/arm_bringup:/opt/ros/humble /usr/bin/cmake --build /home/ibrahim/tasc_arm/build/arm_2026 -- -j4 -l4
[0.623s] Invoking command in '/home/ibrahim/tasc_arm/build/arm_2026': CMAKE_PREFIX_PATH=${CMAKE_PREFIX_PATH}:/home/ibrahim/tasc_arm/install/arm_bringup:/opt/ros/humble /usr/bin/cmake --install /home/ibrahim/tasc_arm/build/arm_2026
[0.640s] -- Install configuration: ""
[0.640s] -- Up-to-date: /home/ibrahim/tasc_arm/install/arm_2026/share/arm_2026/plugin.xml
[0.642s] -- Up-to-date: /home/ibrahim/tasc_arm/install/arm_2026/include
[0.642s] -- Up-to-date: /home/ibrahim/tasc_arm/install/arm_2026/include/arm_2026
[0.642s] -- Up-to-date: /home/ibrahim/tasc_arm/install/arm_2026/include/arm_2026/arm_2026_system.hpp
[0.643s] -- Up-to-date: /home/ibrahim/tasc_arm/install/arm_2026/share/arm_2026/plugin.xml
[0.643s] -- Up-to-date: /home/ibrahim/tasc_arm/install/arm_2026/lib/libarm_2026.so
[0.644s] -- Up-to-date: /home/ibrahim/tasc_arm/install/arm_2026/lib/arm_2026/arm_2026_keyboard_teleop
[0.645s] -- Up-to-date: /home/ibrahim/tasc_arm/install/arm_2026/share/arm_2026/description
[0.645s] -- Installing: /home/ibrahim/tasc_arm/install/arm_2026/share/arm_2026/description/arm_2026.urdf.xacro
[0.646s] -- Up-to-date: /home/ibrahim/tasc_arm/install/arm_2026/share/arm_2026/config
[0.646s] -- Up-to-date: /home/ibrahim/tasc_arm/install/arm_2026/share/arm_2026/config/controllers.yaml
[0.646s] -- Up-to-date: /home/ibrahim/tasc_arm/install/arm_2026/share/arm_2026/launch
[0.652s] -- Up-to-date: /home/ibrahim/tasc_arm/install/arm_2026/share/arm_2026/launch/bringup.launch.py
[0.652s] -- Up-to-date: /home/ibrahim/tasc_arm/install/arm_2026/share/arm_2026/environment/library_path.sh
[0.652s] -- Up-to-date: /home/ibrahim/tasc_arm/install/arm_2026/share/arm_2026/environment/library_path.dsv
[0.652s] -- Up-to-date: /home/ibrahim/tasc_arm/install/arm_2026/share/ament_index/resource_index/package_run_dependencies/arm_2026
[0.653s] -- Up-to-date: /home/ibrahim/tasc_arm/install/arm_2026/share/ament_index/resource_index/parent_prefix_path/arm_2026
[0.653s] -- Up-to-date: /home/ibrahim/tasc_arm/install/arm_2026/share/arm_2026/environment/ament_prefix_path.sh
[0.653s] -- Up-to-date: /home/ibrahim/tasc_arm/install/arm_2026/share/arm_2026/environment/ament_prefix_path.dsv
[0.660s] -- Up-to-date: /home/ibrahim/tasc_arm/install/arm_2026/share/arm_2026/environment/path.sh
[0.660s] -- Up-to-date: /home/ibrahim/tasc_arm/install/arm_2026/share/arm_2026/environment/path.dsv
[0.660s] -- Up-to-date: /home/ibrahim/tasc_arm/install/arm_2026/share/arm_2026/local_setup.bash
[0.660s] -- Up-to-date: /home/ibrahim/tasc_arm/install/arm_2026/share/arm_2026/local_setup.sh
[0.660s] -- Up-to-date: /home/ibrahim/tasc_arm/install/arm_2026/share/arm_2026/local_setup.zsh
[0.661s] -- Up-to-date: /home/ibrahim/tasc_arm/install/arm_2026/share/arm_2026/local_setup.dsv
[0.661s] -- Installing: /home/ibrahim/tasc_arm/install/arm_2026/share/arm_2026/package.dsv
[0.661s] -- Up-to-date: /home/ibrahim/tasc_arm/install/arm_2026/share/ament_index/resource_index/packages/arm_2026
[0.661s] -- Up-to-date: /home/ibrahim/tasc_arm/install/arm_2026/share/ament_index/resource_index/hardware_interface__pluginlib__plugin/arm_2026
[0.661s] -- Up-to-date: /home/ibrahim/tasc_arm/install/arm_2026/share/arm_2026/cmake/export_arm_2026Export.cmake
[0.661s] -- Up-to-date: /home/ibrahim/tasc_arm/install/arm_2026/share/arm_2026/cmake/export_arm_2026Export-noconfig.cmake
[0.662s] -- Up-to-date: /home/ibrahim/tasc_arm/install/arm_2026/share/arm_2026/cmake/ament_cmake_export_targets-extras.cmake
[0.662s] -- Up-to-date: /home/ibrahim/tasc_arm/install/arm_2026/share/arm_2026/cmake/ament_cmake_export_dependencies-extras.cmake
[0.662s] -- Up-to-date: /home/ibrahim/tasc_arm/install/arm_2026/share/arm_2026/cmake/arm_2026Config.cmake
[0.662s] -- Up-to-date: /home/ibrahim/tasc_arm/install/arm_2026/share/arm_2026/cmake/arm_2026Config-version.cmake
[0.662s] -- Up-to-date: /home/ibrahim/tasc_arm/install/arm_2026/share/arm_2026/package.xml
[0.663s] Invoked command in '/home/ibrahim/tasc_arm/build/arm_2026' returned '0': CMAKE_PREFIX_PATH=${CMAKE_PREFIX_PATH}:/home/ibrahim/tasc_arm/install/arm_bringup:/opt/ros/humble /usr/bin/cmake --install /home/ibrahim/tasc_arm/build/arm_2026
