[1.156s] DEBUG:colcon:Command line arguments: ['/usr/bin/colcon', 'build']
[1.156s] DEBUG:colcon:Parsed command line arguments: Namespace(log_base=None, log_level=None, verb_name='build', build_base='build', install_base='install', merge_install=False, symlink_install=False, test_result_base=None, continue_on_error=False, executor='parallel', parallel_workers=4, event_handlers=None, ignore_user_meta=False, metas=['./colcon.meta'], base_paths=['.'], packages_ignore=None, packages_ignore_regex=None, paths=None, packages_up_to=None, packages_up_to_regex=None, packages_above=None, packages_above_and_dependencies=None, packages_above_depth=None, packages_select_by_dep=None, packages_skip_by_dep=None, packages_skip_up_to=None, packages_select_build_failed=False, packages_skip_build_finished=False, packages_select_test_failures=False, packages_skip_test_passed=False, packages_select=None, packages_skip=None, packages_select_regex=None, packages_skip_regex=None, packages_start=None, packages_end=None, allow_overriding=[], cmake_args=None, cmake_target=None, cmake_target_skip_unavailable=False, cmake_clean_cache=False, cmake_clean_first=False, cmake_force_configure=False, ament_cmake_args=None, catkin_cmake_args=None, catkin_skip_building_tests=False, mixin_files=None, mixin=None, verb_parser=<colcon_mixin.mixin.mixin_argument.MixinArgumentDecorator object at 0x74fd33b5a4a0>, verb_extension=<colcon_core.verb.build.BuildVerb object at 0x74fd33c433a0>, main=<bound method BuildVerb.main of <colcon_core.verb.build.BuildVerb object at 0x74fd33c433a0>>, mixin_verb=('build',))
[2.026s] Level 1:colcon.colcon_core.package_discovery:discover_packages(colcon_meta) check parameters
[2.026s] Level 1:colcon.colcon_core.package_discovery:discover_packages(recursive) check parameters
[2.026s] Level 1:colcon.colcon_core.package_discovery:discover_packages(ignore) check parameters
[2.026s] Level 1:colcon.colcon_core.package_discovery:discover_packages(path) check parameters
[2.026s] Level 1:colcon.colcon_core.package_discovery:discover_packages(colcon_meta) discover
[2.026s] Level 1:colcon.colcon_core.package_discovery:discover_packages(recursive) discover
[2.027s] INFO:colcon.colcon_core.package_discovery:Crawling recursively for packages in '/home/ibrahim/tasc_arm'
[2.027s] Level 1:colcon.colcon_core.package_identification:_identify(.) by extensions ['ignore', 'ignore_ament_install']
[2.027s] Level 1:colcon.colcon_core.package_identification:_identify(.) by extension 'ignore'
[2.027s] Level 1:colcon.colcon_core.package_identification:_identify(.) by extension 'ignore_ament_install'
[2.027s] Level 1:colcon.colcon_core.package_identification:_identify(.) by extensions ['colcon_pkg']
[2.027s] Level 1:colcon.colcon_core.package_identification:_identify(.) by extension 'colcon_pkg'
[2.027s] Level 1:colcon.colcon_core.package_identification:_identify(.) by extensions ['colcon_meta']
[2.027s] Level 1:colcon.colcon_core.package_identification:_identify(.) by extension 'colcon_meta'
[2.027s] Level 1:colcon.colcon_core.package_identification:_identify(.) by extensions ['ros']
[2.027s] Level 1:colcon.colcon_core.package_identification:_identify(.) by extension 'ros'
[2.086s] Level 1:colcon.colcon_core.package_identification:_identify(.) by extensions ['cmake', 'python']
[2.086s] Level 1:colcon.colcon_core.package_identification:_identify(.) by extension 'cmake'
[2.086s] Level 1:colcon.colcon_core.package_identification:_identify(.) by extension 'python'
[2.086s] Level 1:colcon.colcon_core.package_identification:_identify(.) by extensions ['python_setup_py']
[2.086s] Level 1:colcon.colcon_core.package_identification:_identify(.) by extension 'python_setup_py'
[2.087s] Level 1:colcon.colcon_core.package_identification:_identify(build) by extensions ['ignore', 'ignore_ament_install']
[2.087s] Level 1:colcon.colcon_core.package_identification:_identify(build) by extension 'ignore'
[2.087s] Level 1:colcon.colcon_core.package_identification:_identify(build) ignored
[2.088s] Level 1:colcon.colcon_core.package_identification:_identify(install) by extensions ['ignore', 'ignore_ament_install']
[2.088s] Level 1:colcon.colcon_core.package_identification:_identify(install) by extension 'ignore'
[2.088s] Level 1:colcon.colcon_core.package_identification:_identify(install) ignored
[2.088s] Level 1:colcon.colcon_core.package_identification:_identify(log) by extensions ['ignore', 'ignore_ament_install']
[2.088s] Level 1:colcon.colcon_core.package_identification:_identify(log) by extension 'ignore'
[2.089s] Level 1:colcon.colcon_core.package_identification:_identify(log) ignored
[2.089s] Level 1:colcon.colcon_core.package_identification:_identify(src) by extensions ['ignore', 'ignore_ament_install']
[2.089s] Level 1:colcon.colcon_core.package_identification:_identify(src) by extension 'ignore'
[2.089s] Level 1:colcon.colcon_core.package_identification:_identify(src) by extension 'ignore_ament_install'
[2.089s] Level 1:colcon.colcon_core.package_identification:_identify(src) by extensions ['colcon_pkg']
[2.089s] Level 1:colcon.colcon_core.package_identification:_identify(src) by extension 'colcon_pkg'
[2.089s] Level 1:colcon.colcon_core.package_identification:_identify(src) by extensions ['colcon_meta']
[2.089s] Level 1:colcon.colcon_core.package_identification:_identify(src) by extension 'colcon_meta'
[2.089s] Level 1:colcon.colcon_core.package_identification:_identify(src) by extensions ['ros']
[2.089s] Level 1:colcon.colcon_core.package_identification:_identify(src) by extension 'ros'
[2.089s] Level 1:colcon.colcon_core.package_identification:_identify(src) by extensions ['cmake', 'python']
[2.089s] Level 1:colcon.colcon_core.package_identification:_identify(src) by extension 'cmake'
[2.089s] Level 1:colcon.colcon_core.package_identification:_identify(src) by extension 'python'
[2.089s] Level 1:colcon.colcon_core.package_identification:_identify(src) by extensions ['python_setup_py']
[2.089s] Level 1:colcon.colcon_core.package_identification:_identify(src) by extension 'python_setup_py'
[2.090s] Level 1:colcon.colcon_core.package_identification:_identify(src/arm_2026) by extensions ['ignore', 'ignore_ament_install']
[2.090s] Level 1:colcon.colcon_core.package_identification:_identify(src/arm_2026) by extension 'ignore'
[2.090s] Level 1:colcon.colcon_core.package_identification:_identify(src/arm_2026) by extension 'ignore_ament_install'
[2.090s] Level 1:colcon.colcon_core.package_identification:_identify(src/arm_2026) by extensions ['colcon_pkg']
[2.090s] Level 1:colcon.colcon_core.package_identification:_identify(src/arm_2026) by extension 'colcon_pkg'
[2.090s] Level 1:colcon.colcon_core.package_identification:_identify(src/arm_2026) by extensions ['colcon_meta']
[2.090s] Level 1:colcon.colcon_core.package_identification:_identify(src/arm_2026) by extension 'colcon_meta'
[2.091s] Level 1:colcon.colcon_core.package_identification:_identify(src/arm_2026) by extensions ['ros']
[2.091s] Level 1:colcon.colcon_core.package_identification:_identify(src/arm_2026) by extension 'ros'
[2.102s] DEBUG:colcon.colcon_core.package_identification:Package 'src/arm_2026' with type 'ros.ament_cmake' and name 'arm_2026'
[2.102s] Level 1:colcon.colcon_core.package_identification:_identify(src/arm_bringup) by extensions ['ignore', 'ignore_ament_install']
[2.103s] Level 1:colcon.colcon_core.package_identification:_identify(src/arm_bringup) by extension 'ignore'
[2.103s] Level 1:colcon.colcon_core.package_identification:_identify(src/arm_bringup) by extension 'ignore_ament_install'
[2.103s] Level 1:colcon.colcon_core.package_identification:_identify(src/arm_bringup) by extensions ['colcon_pkg']
[2.103s] Level 1:colcon.colcon_core.package_identification:_identify(src/arm_bringup) by extension 'colcon_pkg'
[2.103s] Level 1:colcon.colcon_core.package_identification:_identify(src/arm_bringup) by extensions ['colcon_meta']
[2.103s] Level 1:colcon.colcon_core.package_identification:_identify(src/arm_bringup) by extension 'colcon_meta'
[2.103s] Level 1:colcon.colcon_core.package_identification:_identify(src/arm_bringup) by extensions ['ros']
[2.103s] Level 1:colcon.colcon_core.package_identification:_identify(src/arm_bringup) by extension 'ros'
[2.105s] DEBUG:colcon.colcon_core.package_identification:Package 'src/arm_bringup' with type 'ros.ament_python' and name 'arm_bringup'
[2.105s] Level 1:colcon.colcon_core.package_identification:_identify(src/arm_control) by extensions ['ignore', 'ignore_ament_install']
[2.106s] Level 1:colcon.colcon_core.package_identification:_identify(src/arm_control) by extension 'ignore'
[2.106s] Level 1:colcon.colcon_core.package_identification:_identify(src/arm_control) by extension 'ignore_ament_install'
[2.106s] Level 1:colcon.colcon_core.package_identification:_identify(src/arm_control) by extensions ['colcon_pkg']
[2.106s] Level 1:colcon.colcon_core.package_identification:_identify(src/arm_control) by extension 'colcon_pkg'
[2.106s] Level 1:colcon.colcon_core.package_identification:_identify(src/arm_control) by extensions ['colcon_meta']
[2.106s] Level 1:colcon.colcon_core.package_identification:_identify(src/arm_control) by extension 'colcon_meta'
[2.106s] Level 1:colcon.colcon_core.package_identification:_identify(src/arm_control) by extensions ['ros']
[2.106s] Level 1:colcon.colcon_core.package_identification:_identify(src/arm_control) by extension 'ros'
[2.108s] DEBUG:colcon.colcon_core.package_identification:Package 'src/arm_control' with type 'ros.ament_cmake' and name 'arm_control'
[2.109s] Level 1:colcon.colcon_core.package_identification:_identify(src/arm_description) by extensions ['ignore', 'ignore_ament_install']
[2.109s] Level 1:colcon.colcon_core.package_identification:_identify(src/arm_description) by extension 'ignore'
[2.109s] Level 1:colcon.colcon_core.package_identification:_identify(src/arm_description) by extension 'ignore_ament_install'
[2.109s] Level 1:colcon.colcon_core.package_identification:_identify(src/arm_description) by extensions ['colcon_pkg']
[2.109s] Level 1:colcon.colcon_core.package_identification:_identify(src/arm_description) by extension 'colcon_pkg'
[2.109s] Level 1:colcon.colcon_core.package_identification:_identify(src/arm_description) by extensions ['colcon_meta']
[2.109s] Level 1:colcon.colcon_core.package_identification:_identify(src/arm_description) by extension 'colcon_meta'
[2.109s] Level 1:colcon.colcon_core.package_identification:_identify(src/arm_description) by extensions ['ros']
[2.109s] Level 1:colcon.colcon_core.package_identification:_identify(src/arm_description) by extension 'ros'
[2.110s] DEBUG:colcon.colcon_core.package_identification:Package 'src/arm_description' with type 'ros.ament_cmake' and name 'arm_description'
[2.110s] Level 1:colcon.colcon_core.package_identification:_identify(src/phidgets_hardware) by extensions ['ignore', 'ignore_ament_install']
[2.113s] Level 1:colcon.colcon_core.package_identification:_identify(src/phidgets_hardware) by extension 'ignore'
[2.113s] Level 1:colcon.colcon_core.package_identification:_identify(src/phidgets_hardware) by extension 'ignore_ament_install'
[2.113s] Level 1:colcon.colcon_core.package_identification:_identify(src/phidgets_hardware) by extensions ['colcon_pkg']
[2.113s] Level 1:colcon.colcon_core.package_identification:_identify(src/phidgets_hardware) by extension 'colcon_pkg'
[2.113s] Level 1:colcon.colcon_core.package_identification:_identify(src/phidgets_hardware) by extensions ['colcon_meta']
[2.113s] Level 1:colcon.colcon_core.package_identification:_identify(src/phidgets_hardware) by extension 'colcon_meta'
[2.114s] Level 1:colcon.colcon_core.package_identification:_identify(src/phidgets_hardware) by extensions ['ros']
[2.114s] Level 1:colcon.colcon_core.package_identification:_identify(src/phidgets_hardware) by extension 'ros'
[2.115s] DEBUG:colcon.colcon_core.package_identification:Package 'src/phidgets_hardware' with type 'ros.ament_cmake' and name 'phidgets_hardware'
[2.115s] Level 1:colcon.colcon_core.package_discovery:discover_packages(recursive) using defaults
[2.115s] Level 1:colcon.colcon_core.package_discovery:discover_packages(ignore) discover
[2.115s] Level 1:colcon.colcon_core.package_discovery:discover_packages(ignore) using defaults
[2.115s] Level 1:colcon.colcon_core.package_discovery:discover_packages(path) discover
[2.115s] Level 1:colcon.colcon_core.package_discovery:discover_packages(path) using defaults
[2.266s] Level 1:colcon.colcon_core.package_discovery:discover_packages(prefix_path) check parameters
[2.266s] Level 1:colcon.colcon_core.package_discovery:discover_packages(prefix_path) discover
[2.281s] DEBUG:colcon.colcon_installed_package_information.package_discovery:Found 433 installed packages in /opt/ros/humble
[2.289s] Level 1:colcon.colcon_core.package_discovery:discover_packages(prefix_path) using defaults
[2.419s] Level 5:colcon.colcon_core.verb:set package 'arm_2026' build argument 'cmake_args' from command line to 'None'
[2.419s] Level 5:colcon.colcon_core.verb:set package 'arm_2026' build argument 'cmake_target' from command line to 'None'
[2.419s] Level 5:colcon.colcon_core.verb:set package 'arm_2026' build argument 'cmake_target_skip_unavailable' from command line to 'False'
[2.419s] Level 5:colcon.colcon_core.verb:set package 'arm_2026' build argument 'cmake_clean_cache' from command line to 'False'
[2.419s] Level 5:colcon.colcon_core.verb:set package 'arm_2026' build argument 'cmake_clean_first' from command line to 'False'
[2.419s] Level 5:colcon.colcon_core.verb:set package 'arm_2026' build argument 'cmake_force_configure' from command line to 'False'
[2.419s] Level 5:colcon.colcon_core.verb:set package 'arm_2026' build argument 'ament_cmake_args' from command line to 'None'
[2.419s] Level 5:colcon.colcon_core.verb:set package 'arm_2026' build argument 'catkin_cmake_args' from command line to 'None'
[2.420s] Level 5:colcon.colcon_core.verb:set package 'arm_2026' build argument 'catkin_skip_building_tests' from command line to 'False'
[2.420s] DEBUG:colcon.colcon_core.verb:Building package 'arm_2026' with the following arguments: {'ament_cmake_args': None, 'build_base': '/home/ibrahim/tasc_arm/build/arm_2026', 'catkin_cmake_args': None, 'catkin_skip_building_tests': False, 'cmake_args': None, 'cmake_clean_cache': False, 'cmake_clean_first': False, 'cmake_force_configure': False, 'cmake_target': None, 'cmake_target_skip_unavailable': False, 'install_base': '/home/ibrahim/tasc_arm/install/arm_2026', 'merge_install': False, 'path': '/home/ibrahim/tasc_arm/src/arm_2026', 'symlink_install': False, 'test_result_base': None}
[2.421s] Level 5:colcon.colcon_core.verb:set package 'arm_bringup' build argument 'cmake_args' from command line to 'None'
[2.421s] Level 5:colcon.colcon_core.verb:set package 'arm_bringup' build argument 'cmake_target' from command line to 'None'
[2.421s] Level 5:colcon.colcon_core.verb:set package 'arm_bringup' build argument 'cmake_target_skip_unavailable' from command line to 'False'
[2.422s] Level 5:colcon.colcon_core.verb:set package 'arm_bringup' build argument 'cmake_clean_cache' from command line to 'False'
[2.422s] Level 5:colcon.colcon_core.verb:set package 'arm_bringup' build argument 'cmake_clean_first' from command line to 'False'
[2.422s] Level 5:colcon.colcon_core.verb:set package 'arm_bringup' build argument 'cmake_force_configure' from command line to 'False'
[2.422s] Level 5:colcon.colcon_core.verb:set package 'arm_bringup' build argument 'ament_cmake_args' from command line to 'None'
[2.422s] Level 5:colcon.colcon_core.verb:set package 'arm_bringup' build argument 'catkin_cmake_args' from command line to 'None'
[2.422s] Level 5:colcon.colcon_core.verb:set package 'arm_bringup' build argument 'catkin_skip_building_tests' from command line to 'False'
[2.422s] DEBUG:colcon.colcon_core.verb:Building package 'arm_bringup' with the following arguments: {'ament_cmake_args': None, 'build_base': '/home/ibrahim/tasc_arm/build/arm_bringup', 'catkin_cmake_args': None, 'catkin_skip_building_tests': False, 'cmake_args': None, 'cmake_clean_cache': False, 'cmake_clean_first': False, 'cmake_force_configure': False, 'cmake_target': None, 'cmake_target_skip_unavailable': False, 'install_base': '/home/ibrahim/tasc_arm/install/arm_bringup', 'merge_install': False, 'path': '/home/ibrahim/tasc_arm/src/arm_bringup', 'symlink_install': False, 'test_result_base': None}
[2.423s] Level 5:colcon.colcon_core.verb:set package 'arm_control' build argument 'cmake_args' from command line to 'None'
[2.423s] Level 5:colcon.colcon_core.verb:set package 'arm_control' build argument 'cmake_target' from command line to 'None'
[2.423s] Level 5:colcon.colcon_core.verb:set package 'arm_control' build argument 'cmake_target_skip_unavailable' from command line to 'False'
[2.423s] Level 5:colcon.colcon_core.verb:set package 'arm_control' build argument 'cmake_clean_cache' from command line to 'False'
[2.423s] Level 5:colcon.colcon_core.verb:set package 'arm_control' build argument 'cmake_clean_first' from command line to 'False'
[2.423s] Level 5:colcon.colcon_core.verb:set package 'arm_control' build argument 'cmake_force_configure' from command line to 'False'
[2.423s] Level 5:colcon.colcon_core.verb:set package 'arm_control' build argument 'ament_cmake_args' from command line to 'None'
[2.423s] Level 5:colcon.colcon_core.verb:set package 'arm_control' build argument 'catkin_cmake_args' from command line to 'None'
[2.423s] Level 5:colcon.colcon_core.verb:set package 'arm_control' build argument 'catkin_skip_building_tests' from command line to 'False'
[2.423s] DEBUG:colcon.colcon_core.verb:Building package 'arm_control' with the following arguments: {'ament_cmake_args': None, 'build_base': '/home/ibrahim/tasc_arm/build/arm_control', 'catkin_cmake_args': None, 'catkin_skip_building_tests': False, 'cmake_args': None, 'cmake_clean_cache': False, 'cmake_clean_first': False, 'cmake_force_configure': False, 'cmake_target': None, 'cmake_target_skip_unavailable': False, 'install_base': '/home/ibrahim/tasc_arm/install/arm_control', 'merge_install': False, 'path': '/home/ibrahim/tasc_arm/src/arm_control', 'symlink_install': False, 'test_result_base': None}
[2.424s] Level 5:colcon.colcon_core.verb:set package 'arm_description' build argument 'cmake_args' from command line to 'None'
[2.424s] Level 5:colcon.colcon_core.verb:set package 'arm_description' build argument 'cmake_target' from command line to 'None'
[2.424s] Level 5:colcon.colcon_core.verb:set package 'arm_description' build argument 'cmake_target_skip_unavailable' from command line to 'False'
[2.424s] Level 5:colcon.colcon_core.verb:set package 'arm_description' build argument 'cmake_clean_cache' from command line to 'False'
[2.424s] Level 5:colcon.colcon_core.verb:set package 'arm_description' build argument 'cmake_clean_first' from command line to 'False'
[2.424s] Level 5:colcon.colcon_core.verb:set package 'arm_description' build argument 'cmake_force_configure' from command line to 'False'
[2.424s] Level 5:colcon.colcon_core.verb:set package 'arm_description' build argument 'ament_cmake_args' from command line to 'None'
[2.424s] Level 5:colcon.colcon_core.verb:set package 'arm_description' build argument 'catkin_cmake_args' from command line to 'None'
[2.424s] Level 5:colcon.colcon_core.verb:set package 'arm_description' build argument 'catkin_skip_building_tests' from command line to 'False'
[2.424s] DEBUG:colcon.colcon_core.verb:Building package 'arm_description' with the following arguments: {'ament_cmake_args': None, 'build_base': '/home/ibrahim/tasc_arm/build/arm_description', 'catkin_cmake_args': None, 'catkin_skip_building_tests': False, 'cmake_args': None, 'cmake_clean_cache': False, 'cmake_clean_first': False, 'cmake_force_configure': False, 'cmake_target': None, 'cmake_target_skip_unavailable': False, 'install_base': '/home/ibrahim/tasc_arm/install/arm_description', 'merge_install': False, 'path': '/home/ibrahim/tasc_arm/src/arm_description', 'symlink_install': False, 'test_result_base': None}
[2.425s] Level 5:colcon.colcon_core.verb:set package 'phidgets_hardware' build argument 'cmake_args' from command line to 'None'
[2.425s] Level 5:colcon.colcon_core.verb:set package 'phidgets_hardware' build argument 'cmake_target' from command line to 'None'
[2.425s] Level 5:colcon.colcon_core.verb:set package 'phidgets_hardware' build argument 'cmake_target_skip_unavailable' from command line to 'False'
[2.425s] Level 5:colcon.colcon_core.verb:set package 'phidgets_hardware' build argument 'cmake_clean_cache' from command line to 'False'
[2.425s] Level 5:colcon.colcon_core.verb:set package 'phidgets_hardware' build argument 'cmake_clean_first' from command line to 'False'
[2.425s] Level 5:colcon.colcon_core.verb:set package 'phidgets_hardware' build argument 'cmake_force_configure' from command line to 'False'
[2.425s] Level 5:colcon.colcon_core.verb:set package 'phidgets_hardware' build argument 'ament_cmake_args' from command line to 'None'
[2.425s] Level 5:colcon.colcon_core.verb:set package 'phidgets_hardware' build argument 'catkin_cmake_args' from command line to 'None'
[2.425s] Level 5:colcon.colcon_core.verb:set package 'phidgets_hardware' build argument 'catkin_skip_building_tests' from command line to 'False'
[2.426s] DEBUG:colcon.colcon_core.verb:Building package 'phidgets_hardware' with the following arguments: {'ament_cmake_args': None, 'build_base': '/home/ibrahim/tasc_arm/build/phidgets_hardware', 'catkin_cmake_args': None, 'catkin_skip_building_tests': False, 'cmake_args': None, 'cmake_clean_cache': False, 'cmake_clean_first': False, 'cmake_force_configure': False, 'cmake_target': None, 'cmake_target_skip_unavailable': False, 'install_base': '/home/ibrahim/tasc_arm/install/phidgets_hardware', 'merge_install': False, 'path': '/home/ibrahim/tasc_arm/src/phidgets_hardware', 'symlink_install': False, 'test_result_base': None}
[2.426s] INFO:colcon.colcon_core.executor:Executing jobs using 'parallel' executor
[2.428s] DEBUG:colcon.colcon_parallel_executor.executor.parallel:run_until_complete
[2.429s] INFO:colcon.colcon_ros.task.ament_cmake.build:Building ROS package in '/home/ibrahim/tasc_arm/src/arm_2026' with build type 'ament_cmake'
[2.429s] INFO:colcon.colcon_cmake.task.cmake.build:Building CMake package in '/home/ibrahim/tasc_arm/src/arm_2026'
[2.448s] INFO:colcon.colcon_core.plugin_system:Skipping extension 'colcon_core.shell.bat': Not used on non-Windows systems
[2.448s] INFO:colcon.colcon_core.shell:Skip shell extension 'powershell' for command environment: Not usable outside of PowerShell
[2.448s] DEBUG:colcon.colcon_core.shell:Skip shell extension 'dsv' for command environment
[2.460s] INFO:colcon.colcon_ros.task.ament_python.build:Building ROS package in '/home/ibrahim/tasc_arm/src/arm_bringup' with build type 'ament_python'
[2.460s] Level 1:colcon.colcon_core.shell:create_environment_hook('arm_bringup', 'ament_prefix_path')
[2.461s] INFO:colcon.colcon_core.shell:Creating environment hook '/home/ibrahim/tasc_arm/install/arm_bringup/share/arm_bringup/hook/ament_prefix_path.ps1'
[2.465s] INFO:colcon.colcon_core.shell:Creating environment descriptor '/home/ibrahim/tasc_arm/install/arm_bringup/share/arm_bringup/hook/ament_prefix_path.dsv'
[2.468s] INFO:colcon.colcon_core.shell:Creating environment hook '/home/ibrahim/tasc_arm/install/arm_bringup/share/arm_bringup/hook/ament_prefix_path.sh'
[2.472s] INFO:colcon.colcon_core.shell:Skip shell extension 'powershell' for command environment: Not usable outside of PowerShell
[2.472s] DEBUG:colcon.colcon_core.shell:Skip shell extension 'dsv' for command environment
[2.478s] INFO:colcon.colcon_ros.task.ament_cmake.build:Building ROS package in '/home/ibrahim/tasc_arm/src/arm_control' with build type 'ament_cmake'
[2.479s] INFO:colcon.colcon_cmake.task.cmake.build:Building CMake package in '/home/ibrahim/tasc_arm/src/arm_control'
[2.479s] INFO:colcon.colcon_core.shell:Skip shell extension 'powershell' for command environment: Not usable outside of PowerShell
[2.480s] DEBUG:colcon.colcon_core.shell:Skip shell extension 'dsv' for command environment
[2.487s] INFO:colcon.colcon_ros.task.ament_cmake.build:Building ROS package in '/home/ibrahim/tasc_arm/src/arm_description' with build type 'ament_cmake'
[2.487s] INFO:colcon.colcon_cmake.task.cmake.build:Building CMake package in '/home/ibrahim/tasc_arm/src/arm_description'
[2.488s] INFO:colcon.colcon_core.shell:Skip shell extension 'powershell' for command environment: Not usable outside of PowerShell
[2.488s] DEBUG:colcon.colcon_core.shell:Skip shell extension 'dsv' for command environment
[2.505s] DEBUG:colcon.colcon_core.event_handler.log_command:Invoking command in '/home/ibrahim/tasc_arm/build/arm_2026': CMAKE_PREFIX_PATH=/opt/ros/humble /usr/bin/cmake /home/ibrahim/tasc_arm/src/arm_2026 -DCMAKE_INSTALL_PREFIX=/home/ibrahim/tasc_arm/install/arm_2026
[3.351s] INFO:colcon.colcon_core.task.python.build:Building Python package in '/home/ibrahim/tasc_arm/src/arm_bringup'
[3.352s] INFO:colcon.colcon_core.shell:Skip shell extension 'powershell' for command environment: Not usable outside of PowerShell
[3.352s] DEBUG:colcon.colcon_core.shell:Skip shell extension 'dsv' for command environment
[3.381s] DEBUG:colcon.colcon_core.event_handler.log_command:Invoking command in '/home/ibrahim/tasc_arm/build/arm_control': CMAKE_PREFIX_PATH=/opt/ros/humble /usr/bin/cmake /home/ibrahim/tasc_arm/src/arm_control -DCMAKE_INSTALL_PREFIX=/home/ibrahim/tasc_arm/install/arm_control
[3.391s] DEBUG:colcon.colcon_core.event_handler.log_command:Invoking command in '/home/ibrahim/tasc_arm/build/arm_description': CMAKE_PREFIX_PATH=/opt/ros/humble /usr/bin/cmake /home/ibrahim/tasc_arm/src/arm_description -DCMAKE_INSTALL_PREFIX=/home/ibrahim/tasc_arm/install/arm_description
[5.826s] DEBUG:colcon.colcon_core.event_handler.log_command:Invoking command in '/home/ibrahim/tasc_arm/src/arm_bringup': PYTHONPATH=/home/ibrahim/tasc_arm/build/arm_bringup/prefix_override:/usr/lib/python3/dist-packages/colcon_core/task/python/colcon_distutils_commands:/home/ibrahim/tasc_arm/install/arm_bringup/lib/python3.10/site-packages:${PYTHONPATH} /usr/bin/python3 -W ignore:setup.py install is deprecated -W ignore:easy_install command is deprecated setup.py egg_info --egg-base ../../build/arm_bringup build --build-base /home/ibrahim/tasc_arm/build/arm_bringup/build install --record /home/ibrahim/tasc_arm/build/arm_bringup/install.log --single-version-externally-managed install_data
[6.206s] DEBUG:colcon.colcon_core.event_handler.log_command:Invoked command in '/home/ibrahim/tasc_arm/build/arm_description' returned '0': CMAKE_PREFIX_PATH=/opt/ros/humble /usr/bin/cmake /home/ibrahim/tasc_arm/src/arm_description -DCMAKE_INSTALL_PREFIX=/home/ibrahim/tasc_arm/install/arm_description
[6.213s] DEBUG:colcon.colcon_core.event_handler.log_command:Invoking command in '/home/ibrahim/tasc_arm/build/arm_description': CMAKE_PREFIX_PATH=/opt/ros/humble /usr/bin/cmake --build /home/ibrahim/tasc_arm/build/arm_description -- -j4 -l4
[6.336s] DEBUG:colcon.colcon_core.event_handler.log_command:Invoked command in '/home/ibrahim/tasc_arm/build/arm_description' returned '0': CMAKE_PREFIX_PATH=/opt/ros/humble /usr/bin/cmake --build /home/ibrahim/tasc_arm/build/arm_description -- -j4 -l4
[6.367s] DEBUG:colcon.colcon_core.event_handler.log_command:Invoking command in '/home/ibrahim/tasc_arm/build/arm_description': CMAKE_PREFIX_PATH=/opt/ros/humble /usr/bin/cmake --install /home/ibrahim/tasc_arm/build/arm_description
[6.426s] Level 1:colcon.colcon_core.environment:create_environment_scripts_only(arm_description)
[6.430s] DEBUG:colcon.colcon_core.event_handler.log_command:Invoked command in '/home/ibrahim/tasc_arm/build/arm_description' returned '0': CMAKE_PREFIX_PATH=/opt/ros/humble /usr/bin/cmake --install /home/ibrahim/tasc_arm/build/arm_description
[6.466s] Level 1:colcon.colcon_core.environment:checking '/home/ibrahim/tasc_arm/install/arm_description' for CMake module files
[6.466s] Level 1:colcon.colcon_core.environment:checking '/home/ibrahim/tasc_arm/install/arm_description' for CMake config files
[6.471s] Level 1:colcon.colcon_core.shell:create_environment_hook('arm_description', 'cmake_prefix_path')
[6.473s] INFO:colcon.colcon_core.shell:Creating environment hook '/home/ibrahim/tasc_arm/install/arm_description/share/arm_description/hook/cmake_prefix_path.ps1'
[6.479s] INFO:colcon.colcon_core.shell:Creating environment descriptor '/home/ibrahim/tasc_arm/install/arm_description/share/arm_description/hook/cmake_prefix_path.dsv'
[6.484s] INFO:colcon.colcon_core.shell:Creating environment hook '/home/ibrahim/tasc_arm/install/arm_description/share/arm_description/hook/cmake_prefix_path.sh'
[6.490s] Level 1:colcon.colcon_core.environment:checking '/home/ibrahim/tasc_arm/install/arm_description/bin'
[6.490s] Level 1:colcon.colcon_core.environment:checking '/home/ibrahim/tasc_arm/install/arm_description/lib/pkgconfig/arm_description.pc'
[6.493s] Level 1:colcon.colcon_core.environment:checking '/home/ibrahim/tasc_arm/install/arm_description/lib/python3.10/site-packages'
[6.493s] Level 1:colcon.colcon_core.environment:checking '/home/ibrahim/tasc_arm/install/arm_description/bin'
[6.494s] INFO:colcon.colcon_core.shell:Creating package script '/home/ibrahim/tasc_arm/install/arm_description/share/arm_description/package.ps1'
[6.502s] INFO:colcon.colcon_core.shell:Creating package descriptor '/home/ibrahim/tasc_arm/install/arm_description/share/arm_description/package.dsv'
[6.506s] INFO:colcon.colcon_core.shell:Creating package script '/home/ibrahim/tasc_arm/install/arm_description/share/arm_description/package.sh'
[6.510s] INFO:colcon.colcon_core.shell:Creating package script '/home/ibrahim/tasc_arm/install/arm_description/share/arm_description/package.bash'
[6.521s] INFO:colcon.colcon_core.shell:Creating package script '/home/ibrahim/tasc_arm/install/arm_description/share/arm_description/package.zsh'
[6.526s] Level 1:colcon.colcon_core.environment:create_file_with_runtime_dependencies(/home/ibrahim/tasc_arm/install/arm_description/share/colcon-core/packages/arm_description)
[6.527s] Level 1:colcon.colcon_core.environment:create_environment_scripts_only(arm_description)
[6.527s] Level 1:colcon.colcon_core.environment:checking '/home/ibrahim/tasc_arm/install/arm_description' for CMake module files
[6.533s] Level 1:colcon.colcon_core.environment:checking '/home/ibrahim/tasc_arm/install/arm_description' for CMake config files
[6.539s] Level 1:colcon.colcon_core.shell:create_environment_hook('arm_description', 'cmake_prefix_path')
[6.539s] INFO:colcon.colcon_core.shell:Creating environment hook '/home/ibrahim/tasc_arm/install/arm_description/share/arm_description/hook/cmake_prefix_path.ps1'
[6.541s] INFO:colcon.colcon_core.shell:Creating environment descriptor '/home/ibrahim/tasc_arm/install/arm_description/share/arm_description/hook/cmake_prefix_path.dsv'
[6.543s] INFO:colcon.colcon_core.shell:Creating environment hook '/home/ibrahim/tasc_arm/install/arm_description/share/arm_description/hook/cmake_prefix_path.sh'
[6.547s] Level 1:colcon.colcon_core.environment:checking '/home/ibrahim/tasc_arm/install/arm_description/bin'
[6.547s] Level 1:colcon.colcon_core.environment:checking '/home/ibrahim/tasc_arm/install/arm_description/lib/pkgconfig/arm_description.pc'
[6.548s] Level 1:colcon.colcon_core.environment:checking '/home/ibrahim/tasc_arm/install/arm_description/lib/python3.10/site-packages'
[6.548s] Level 1:colcon.colcon_core.environment:checking '/home/ibrahim/tasc_arm/install/arm_description/bin'
[6.549s] INFO:colcon.colcon_core.shell:Creating package script '/home/ibrahim/tasc_arm/install/arm_description/share/arm_description/package.ps1'
[6.554s] INFO:colcon.colcon_core.shell:Creating package descriptor '/home/ibrahim/tasc_arm/install/arm_description/share/arm_description/package.dsv'
[6.556s] INFO:colcon.colcon_core.shell:Creating package script '/home/ibrahim/tasc_arm/install/arm_description/share/arm_description/package.sh'
[6.557s] INFO:colcon.colcon_core.shell:Creating package script '/home/ibrahim/tasc_arm/install/arm_description/share/arm_description/package.bash'
[6.559s] INFO:colcon.colcon_core.shell:Creating package script '/home/ibrahim/tasc_arm/install/arm_description/share/arm_description/package.zsh'
[6.560s] Level 1:colcon.colcon_core.environment:create_file_with_runtime_dependencies(/home/ibrahim/tasc_arm/install/arm_description/share/colcon-core/packages/arm_description)
[6.561s] INFO:colcon.colcon_ros.task.ament_cmake.build:Building ROS package in '/home/ibrahim/tasc_arm/src/phidgets_hardware' with build type 'ament_cmake'
[6.561s] INFO:colcon.colcon_cmake.task.cmake.build:Building CMake package in '/home/ibrahim/tasc_arm/src/phidgets_hardware'
[6.562s] INFO:colcon.colcon_core.shell:Skip shell extension 'powershell' for command environment: Not usable outside of PowerShell
[6.562s] DEBUG:colcon.colcon_core.shell:Skip shell extension 'dsv' for command environment
[6.578s] Level 1:colcon.colcon_core.environment:checking '/home/ibrahim/tasc_arm/install/arm_bringup' for CMake module files
[6.579s] DEBUG:colcon.colcon_core.event_handler.log_command:Invoked command in '/home/ibrahim/tasc_arm/src/arm_bringup' returned '0': PYTHONPATH=/home/ibrahim/tasc_arm/build/arm_bringup/prefix_override:/usr/lib/python3/dist-packages/colcon_core/task/python/colcon_distutils_commands:/home/ibrahim/tasc_arm/install/arm_bringup/lib/python3.10/site-packages:${PYTHONPATH} /usr/bin/python3 -W ignore:setup.py install is deprecated -W ignore:easy_install command is deprecated setup.py egg_info --egg-base ../../build/arm_bringup build --build-base /home/ibrahim/tasc_arm/build/arm_bringup/build install --record /home/ibrahim/tasc_arm/build/arm_bringup/install.log --single-version-externally-managed install_data
[6.581s] Level 1:colcon.colcon_core.environment:checking '/home/ibrahim/tasc_arm/install/arm_bringup' for CMake config files
[6.582s] Level 1:colcon.colcon_core.environment:checking '/home/ibrahim/tasc_arm/install/arm_bringup/lib'
[6.583s] Level 1:colcon.colcon_core.environment:checking '/home/ibrahim/tasc_arm/install/arm_bringup/bin'
[6.583s] Level 1:colcon.colcon_core.environment:checking '/home/ibrahim/tasc_arm/install/arm_bringup/lib/pkgconfig/arm_bringup.pc'
[6.586s] Level 1:colcon.colcon_core.environment:checking '/home/ibrahim/tasc_arm/install/arm_bringup/lib/python3.10/site-packages'
[6.586s] Level 1:colcon.colcon_core.shell:create_environment_hook('arm_bringup', 'pythonpath')
[6.588s] INFO:colcon.colcon_core.shell:Creating environment hook '/home/ibrahim/tasc_arm/install/arm_bringup/share/arm_bringup/hook/pythonpath.ps1'
[6.591s] INFO:colcon.colcon_core.shell:Creating environment descriptor '/home/ibrahim/tasc_arm/install/arm_bringup/share/arm_bringup/hook/pythonpath.dsv'
[6.593s] INFO:colcon.colcon_core.shell:Creating environment hook '/home/ibrahim/tasc_arm/install/arm_bringup/share/arm_bringup/hook/pythonpath.sh'
[6.594s] Level 1:colcon.colcon_core.environment:checking '/home/ibrahim/tasc_arm/install/arm_bringup/bin'
[6.594s] Level 1:colcon.colcon_core.environment:create_environment_scripts_only(arm_bringup)
[6.595s] INFO:colcon.colcon_core.shell:Creating package script '/home/ibrahim/tasc_arm/install/arm_bringup/share/arm_bringup/package.ps1'
[6.596s] INFO:colcon.colcon_core.shell:Creating package descriptor '/home/ibrahim/tasc_arm/install/arm_bringup/share/arm_bringup/package.dsv'
[6.598s] INFO:colcon.colcon_core.shell:Creating package script '/home/ibrahim/tasc_arm/install/arm_bringup/share/arm_bringup/package.sh'
[6.601s] INFO:colcon.colcon_core.shell:Creating package script '/home/ibrahim/tasc_arm/install/arm_bringup/share/arm_bringup/package.bash'
[6.602s] INFO:colcon.colcon_core.shell:Creating package script '/home/ibrahim/tasc_arm/install/arm_bringup/share/arm_bringup/package.zsh'
[6.603s] Level 1:colcon.colcon_core.environment:create_file_with_runtime_dependencies(/home/ibrahim/tasc_arm/install/arm_bringup/share/colcon-core/packages/arm_bringup)
[6.621s] DEBUG:colcon.colcon_core.event_handler.log_command:Invoking command in '/home/ibrahim/tasc_arm/build/phidgets_hardware': CMAKE_PREFIX_PATH=/opt/ros/humble /usr/bin/cmake /home/ibrahim/tasc_arm/src/phidgets_hardware -DCMAKE_INSTALL_PREFIX=/home/ibrahim/tasc_arm/install/phidgets_hardware
[8.439s] DEBUG:colcon.colcon_core.event_handler.log_command:Invoked command in '/home/ibrahim/tasc_arm/build/arm_control' returned '0': CMAKE_PREFIX_PATH=/opt/ros/humble /usr/bin/cmake /home/ibrahim/tasc_arm/src/arm_control -DCMAKE_INSTALL_PREFIX=/home/ibrahim/tasc_arm/install/arm_control
[8.440s] DEBUG:colcon.colcon_core.event_handler.log_command:Invoking command in '/home/ibrahim/tasc_arm/build/arm_control': CMAKE_PREFIX_PATH=/opt/ros/humble /usr/bin/cmake --build /home/ibrahim/tasc_arm/build/arm_control -- -j4 -l4
[8.941s] DEBUG:colcon.colcon_core.event_handler.log_command:Invoked command in '/home/ibrahim/tasc_arm/build/arm_2026' returned '0': CMAKE_PREFIX_PATH=/opt/ros/humble /usr/bin/cmake /home/ibrahim/tasc_arm/src/arm_2026 -DCMAKE_INSTALL_PREFIX=/home/ibrahim/tasc_arm/install/arm_2026
[8.945s] DEBUG:colcon.colcon_core.event_handler.log_command:Invoking command in '/home/ibrahim/tasc_arm/build/arm_2026': CMAKE_PREFIX_PATH=/opt/ros/humble /usr/bin/cmake --build /home/ibrahim/tasc_arm/build/arm_2026 -- -j4 -l4
[9.660s] DEBUG:colcon.colcon_core.event_handler.log_command:Invoked command in '/home/ibrahim/tasc_arm/build/phidgets_hardware' returned '0': CMAKE_PREFIX_PATH=/opt/ros/humble /usr/bin/cmake /home/ibrahim/tasc_arm/src/phidgets_hardware -DCMAKE_INSTALL_PREFIX=/home/ibrahim/tasc_arm/install/phidgets_hardware
[9.662s] DEBUG:colcon.colcon_core.event_handler.log_command:Invoking command in '/home/ibrahim/tasc_arm/build/phidgets_hardware': CMAKE_PREFIX_PATH=/opt/ros/humble /usr/bin/cmake --build /home/ibrahim/tasc_arm/build/phidgets_hardware -- -j4 -l4
[40.905s] DEBUG:colcon.colcon_core.event_handler.log_command:Invoked command in '/home/ibrahim/tasc_arm/build/phidgets_hardware' returned '0': CMAKE_PREFIX_PATH=/opt/ros/humble /usr/bin/cmake --build /home/ibrahim/tasc_arm/build/phidgets_hardware -- -j4 -l4
[40.906s] DEBUG:colcon.colcon_core.event_handler.log_command:Invoking command in '/home/ibrahim/tasc_arm/build/phidgets_hardware': CMAKE_PREFIX_PATH=/opt/ros/humble /usr/bin/cmake --install /home/ibrahim/tasc_arm/build/phidgets_hardware
[40.952s] Level 1:colcon.colcon_core.environment:create_environment_scripts_only(phidgets_hardware)
[40.953s] Level 1:colcon.colcon_core.environment:checking '/home/ibrahim/tasc_arm/install/phidgets_hardware' for CMake module files
[40.954s] Level 1:colcon.colcon_core.environment:checking '/home/ibrahim/tasc_arm/install/phidgets_hardware' for CMake config files
[40.955s] Level 1:colcon.colcon_core.shell:create_environment_hook('phidgets_hardware', 'cmake_prefix_path')
[40.958s] INFO:colcon.colcon_core.shell:Creating environment hook '/home/ibrahim/tasc_arm/install/phidgets_hardware/share/phidgets_hardware/hook/cmake_prefix_path.ps1'
[40.958s] DEBUG:colcon.colcon_core.event_handler.log_command:Invoked command in '/home/ibrahim/tasc_arm/build/phidgets_hardware' returned '0': CMAKE_PREFIX_PATH=/opt/ros/humble /usr/bin/cmake --install /home/ibrahim/tasc_arm/build/phidgets_hardware
[40.965s] INFO:colcon.colcon_core.shell:Creating environment descriptor '/home/ibrahim/tasc_arm/install/phidgets_hardware/share/phidgets_hardware/hook/cmake_prefix_path.dsv'
[40.969s] INFO:colcon.colcon_core.shell:Creating environment hook '/home/ibrahim/tasc_arm/install/phidgets_hardware/share/phidgets_hardware/hook/cmake_prefix_path.sh'
[40.972s] Level 1:colcon.colcon_core.environment:checking '/home/ibrahim/tasc_arm/install/phidgets_hardware/lib'
[40.972s] Level 1:colcon.colcon_core.shell:create_environment_hook('phidgets_hardware', 'ld_library_path_lib')
[40.972s] INFO:colcon.colcon_core.shell:Creating environment hook '/home/ibrahim/tasc_arm/install/phidgets_hardware/share/phidgets_hardware/hook/ld_library_path_lib.ps1'
[40.977s] INFO:colcon.colcon_core.shell:Creating environment descriptor '/home/ibrahim/tasc_arm/install/phidgets_hardware/share/phidgets_hardware/hook/ld_library_path_lib.dsv'
[40.988s] INFO:colcon.colcon_core.shell:Creating environment hook '/home/ibrahim/tasc_arm/install/phidgets_hardware/share/phidgets_hardware/hook/ld_library_path_lib.sh'
[40.994s] Level 1:colcon.colcon_core.environment:checking '/home/ibrahim/tasc_arm/install/phidgets_hardware/bin'
[40.995s] Level 1:colcon.colcon_core.environment:checking '/home/ibrahim/tasc_arm/install/phidgets_hardware/lib/pkgconfig/phidgets_hardware.pc'
[40.996s] Level 1:colcon.colcon_core.environment:checking '/home/ibrahim/tasc_arm/install/phidgets_hardware/lib/python3.10/site-packages'
[40.996s] Level 1:colcon.colcon_core.environment:checking '/home/ibrahim/tasc_arm/install/phidgets_hardware/bin'
[40.998s] INFO:colcon.colcon_core.shell:Creating package script '/home/ibrahim/tasc_arm/install/phidgets_hardware/share/phidgets_hardware/package.ps1'
[41.006s] INFO:colcon.colcon_core.shell:Creating package descriptor '/home/ibrahim/tasc_arm/install/phidgets_hardware/share/phidgets_hardware/package.dsv'
[41.011s] INFO:colcon.colcon_core.shell:Creating package script '/home/ibrahim/tasc_arm/install/phidgets_hardware/share/phidgets_hardware/package.sh'
[41.014s] INFO:colcon.colcon_core.shell:Creating package script '/home/ibrahim/tasc_arm/install/phidgets_hardware/share/phidgets_hardware/package.bash'
[41.018s] INFO:colcon.colcon_core.shell:Creating package script '/home/ibrahim/tasc_arm/install/phidgets_hardware/share/phidgets_hardware/package.zsh'
[41.020s] Level 1:colcon.colcon_core.environment:create_file_with_runtime_dependencies(/home/ibrahim/tasc_arm/install/phidgets_hardware/share/colcon-core/packages/phidgets_hardware)
[41.025s] Level 1:colcon.colcon_core.environment:create_environment_scripts_only(phidgets_hardware)
[41.025s] Level 1:colcon.colcon_core.environment:checking '/home/ibrahim/tasc_arm/install/phidgets_hardware' for CMake module files
[41.026s] Level 1:colcon.colcon_core.environment:checking '/home/ibrahim/tasc_arm/install/phidgets_hardware' for CMake config files
[41.026s] Level 1:colcon.colcon_core.shell:create_environment_hook('phidgets_hardware', 'cmake_prefix_path')
[41.027s] INFO:colcon.colcon_core.shell:Creating environment hook '/home/ibrahim/tasc_arm/install/phidgets_hardware/share/phidgets_hardware/hook/cmake_prefix_path.ps1'
[41.032s] INFO:colcon.colcon_core.shell:Creating environment descriptor '/home/ibrahim/tasc_arm/install/phidgets_hardware/share/phidgets_hardware/hook/cmake_prefix_path.dsv'
[41.038s] INFO:colcon.colcon_core.shell:Creating environment hook '/home/ibrahim/tasc_arm/install/phidgets_hardware/share/phidgets_hardware/hook/cmake_prefix_path.sh'
[41.040s] Level 1:colcon.colcon_core.environment:checking '/home/ibrahim/tasc_arm/install/phidgets_hardware/lib'
[41.040s] Level 1:colcon.colcon_core.shell:create_environment_hook('phidgets_hardware', 'ld_library_path_lib')
[41.041s] INFO:colcon.colcon_core.shell:Creating environment hook '/home/ibrahim/tasc_arm/install/phidgets_hardware/share/phidgets_hardware/hook/ld_library_path_lib.ps1'
[41.046s] INFO:colcon.colcon_core.shell:Creating environment descriptor '/home/ibrahim/tasc_arm/install/phidgets_hardware/share/phidgets_hardware/hook/ld_library_path_lib.dsv'
[41.050s] INFO:colcon.colcon_core.shell:Creating environment hook '/home/ibrahim/tasc_arm/install/phidgets_hardware/share/phidgets_hardware/hook/ld_library_path_lib.sh'
[41.056s] Level 1:colcon.colcon_core.environment:checking '/home/ibrahim/tasc_arm/install/phidgets_hardware/bin'
[41.056s] Level 1:colcon.colcon_core.environment:checking '/home/ibrahim/tasc_arm/install/phidgets_hardware/lib/pkgconfig/phidgets_hardware.pc'
[41.057s] Level 1:colcon.colcon_core.environment:checking '/home/ibrahim/tasc_arm/install/phidgets_hardware/lib/python3.10/site-packages'
[41.058s] Level 1:colcon.colcon_core.environment:checking '/home/ibrahim/tasc_arm/install/phidgets_hardware/bin'
[41.059s] INFO:colcon.colcon_core.shell:Creating package script '/home/ibrahim/tasc_arm/install/phidgets_hardware/share/phidgets_hardware/package.ps1'
[41.069s] INFO:colcon.colcon_core.shell:Creating package descriptor '/home/ibrahim/tasc_arm/install/phidgets_hardware/share/phidgets_hardware/package.dsv'
[41.074s] INFO:colcon.colcon_core.shell:Creating package script '/home/ibrahim/tasc_arm/install/phidgets_hardware/share/phidgets_hardware/package.sh'
[41.078s] INFO:colcon.colcon_core.shell:Creating package script '/home/ibrahim/tasc_arm/install/phidgets_hardware/share/phidgets_hardware/package.bash'
[41.079s] INFO:colcon.colcon_core.shell:Creating package script '/home/ibrahim/tasc_arm/install/phidgets_hardware/share/phidgets_hardware/package.zsh'
[41.081s] Level 1:colcon.colcon_core.environment:create_file_with_runtime_dependencies(/home/ibrahim/tasc_arm/install/phidgets_hardware/share/colcon-core/packages/phidgets_hardware)
[44.852s] DEBUG:colcon.colcon_core.event_handler.log_command:Invoked command in '/home/ibrahim/tasc_arm/build/arm_control' returned '0': CMAKE_PREFIX_PATH=/opt/ros/humble /usr/bin/cmake --build /home/ibrahim/tasc_arm/build/arm_control -- -j4 -l4
[44.853s] DEBUG:colcon.colcon_core.event_handler.log_command:Invoking command in '/home/ibrahim/tasc_arm/build/arm_control': CMAKE_PREFIX_PATH=/opt/ros/humble /usr/bin/cmake --install /home/ibrahim/tasc_arm/build/arm_control
[44.894s] Level 1:colcon.colcon_core.environment:create_environment_scripts_only(arm_control)
[44.896s] Level 1:colcon.colcon_core.environment:checking '/home/ibrahim/tasc_arm/install/arm_control' for CMake module files
[44.897s] DEBUG:colcon.colcon_core.event_handler.log_command:Invoked command in '/home/ibrahim/tasc_arm/build/arm_control' returned '0': CMAKE_PREFIX_PATH=/opt/ros/humble /usr/bin/cmake --install /home/ibrahim/tasc_arm/build/arm_control
[44.898s] Level 1:colcon.colcon_core.environment:checking '/home/ibrahim/tasc_arm/install/arm_control' for CMake config files
[44.899s] Level 1:colcon.colcon_core.shell:create_environment_hook('arm_control', 'cmake_prefix_path')
[44.900s] INFO:colcon.colcon_core.shell:Creating environment hook '/home/ibrahim/tasc_arm/install/arm_control/share/arm_control/hook/cmake_prefix_path.ps1'
[44.902s] INFO:colcon.colcon_core.shell:Creating environment descriptor '/home/ibrahim/tasc_arm/install/arm_control/share/arm_control/hook/cmake_prefix_path.dsv'
[44.903s] INFO:colcon.colcon_core.shell:Creating environment hook '/home/ibrahim/tasc_arm/install/arm_control/share/arm_control/hook/cmake_prefix_path.sh'
[44.905s] Level 1:colcon.colcon_core.environment:checking '/home/ibrahim/tasc_arm/install/arm_control/lib'
[44.905s] Level 1:colcon.colcon_core.shell:create_environment_hook('arm_control', 'ld_library_path_lib')
[44.906s] INFO:colcon.colcon_core.shell:Creating environment hook '/home/ibrahim/tasc_arm/install/arm_control/share/arm_control/hook/ld_library_path_lib.ps1'
[44.913s] INFO:colcon.colcon_core.shell:Creating environment descriptor '/home/ibrahim/tasc_arm/install/arm_control/share/arm_control/hook/ld_library_path_lib.dsv'
[44.917s] INFO:colcon.colcon_core.shell:Creating environment hook '/home/ibrahim/tasc_arm/install/arm_control/share/arm_control/hook/ld_library_path_lib.sh'
[44.921s] Level 1:colcon.colcon_core.environment:checking '/home/ibrahim/tasc_arm/install/arm_control/bin'
[44.921s] Level 1:colcon.colcon_core.environment:checking '/home/ibrahim/tasc_arm/install/arm_control/lib/pkgconfig/arm_control.pc'
[44.922s] Level 1:colcon.colcon_core.environment:checking '/home/ibrahim/tasc_arm/install/arm_control/lib/python3.10/site-packages'
[44.923s] Level 1:colcon.colcon_core.environment:checking '/home/ibrahim/tasc_arm/install/arm_control/bin'
[44.926s] INFO:colcon.colcon_core.shell:Creating package script '/home/ibrahim/tasc_arm/install/arm_control/share/arm_control/package.ps1'
[44.928s] INFO:colcon.colcon_core.shell:Creating package descriptor '/home/ibrahim/tasc_arm/install/arm_control/share/arm_control/package.dsv'
[44.931s] INFO:colcon.colcon_core.shell:Creating package script '/home/ibrahim/tasc_arm/install/arm_control/share/arm_control/package.sh'
[44.933s] INFO:colcon.colcon_core.shell:Creating package script '/home/ibrahim/tasc_arm/install/arm_control/share/arm_control/package.bash'
[44.935s] INFO:colcon.colcon_core.shell:Creating package script '/home/ibrahim/tasc_arm/install/arm_control/share/arm_control/package.zsh'
[44.937s] Level 1:colcon.colcon_core.environment:create_file_with_runtime_dependencies(/home/ibrahim/tasc_arm/install/arm_control/share/colcon-core/packages/arm_control)
[44.939s] Level 1:colcon.colcon_core.environment:create_environment_scripts_only(arm_control)
[44.944s] Level 1:colcon.colcon_core.environment:checking '/home/ibrahim/tasc_arm/install/arm_control' for CMake module files
[44.946s] Level 1:colcon.colcon_core.environment:checking '/home/ibrahim/tasc_arm/install/arm_control' for CMake config files
[44.953s] Level 1:colcon.colcon_core.shell:create_environment_hook('arm_control', 'cmake_prefix_path')
[44.955s] INFO:colcon.colcon_core.shell:Creating environment hook '/home/ibrahim/tasc_arm/install/arm_control/share/arm_control/hook/cmake_prefix_path.ps1'
[44.958s] INFO:colcon.colcon_core.shell:Creating environment descriptor '/home/ibrahim/tasc_arm/install/arm_control/share/arm_control/hook/cmake_prefix_path.dsv'
[44.960s] INFO:colcon.colcon_core.shell:Creating environment hook '/home/ibrahim/tasc_arm/install/arm_control/share/arm_control/hook/cmake_prefix_path.sh'
[44.962s] Level 1:colcon.colcon_core.environment:checking '/home/ibrahim/tasc_arm/install/arm_control/lib'
[44.962s] Level 1:colcon.colcon_core.shell:create_environment_hook('arm_control', 'ld_library_path_lib')
[44.963s] INFO:colcon.colcon_core.shell:Creating environment hook '/home/ibrahim/tasc_arm/install/arm_control/share/arm_control/hook/ld_library_path_lib.ps1'
[44.964s] INFO:colcon.colcon_core.shell:Creating environment descriptor '/home/ibrahim/tasc_arm/install/arm_control/share/arm_control/hook/ld_library_path_lib.dsv'
[44.966s] INFO:colcon.colcon_core.shell:Creating environment hook '/home/ibrahim/tasc_arm/install/arm_control/share/arm_control/hook/ld_library_path_lib.sh'
[44.967s] Level 1:colcon.colcon_core.environment:checking '/home/ibrahim/tasc_arm/install/arm_control/bin'
[44.968s] Level 1:colcon.colcon_core.environment:checking '/home/ibrahim/tasc_arm/install/arm_control/lib/pkgconfig/arm_control.pc'
[44.968s] Level 1:colcon.colcon_core.environment:checking '/home/ibrahim/tasc_arm/install/arm_control/lib/python3.10/site-packages'
[44.969s] Level 1:colcon.colcon_core.environment:checking '/home/ibrahim/tasc_arm/install/arm_control/bin'
[44.970s] INFO:colcon.colcon_core.shell:Creating package script '/home/ibrahim/tasc_arm/install/arm_control/share/arm_control/package.ps1'
[44.976s] INFO:colcon.colcon_core.shell:Creating package descriptor '/home/ibrahim/tasc_arm/install/arm_control/share/arm_control/package.dsv'
[44.978s] INFO:colcon.colcon_core.shell:Creating package script '/home/ibrahim/tasc_arm/install/arm_control/share/arm_control/package.sh'
[44.980s] INFO:colcon.colcon_core.shell:Creating package script '/home/ibrahim/tasc_arm/install/arm_control/share/arm_control/package.bash'
[44.981s] INFO:colcon.colcon_core.shell:Creating package script '/home/ibrahim/tasc_arm/install/arm_control/share/arm_control/package.zsh'
[44.983s] Level 1:colcon.colcon_core.environment:create_file_with_runtime_dependencies(/home/ibrahim/tasc_arm/install/arm_control/share/colcon-core/packages/arm_control)
[56.136s] DEBUG:colcon.colcon_core.event_handler.log_command:Invoked command in '/home/ibrahim/tasc_arm/build/arm_2026' returned '0': CMAKE_PREFIX_PATH=/opt/ros/humble /usr/bin/cmake --build /home/ibrahim/tasc_arm/build/arm_2026 -- -j4 -l4
[56.141s] DEBUG:colcon.colcon_core.event_handler.log_command:Invoking command in '/home/ibrahim/tasc_arm/build/arm_2026': CMAKE_PREFIX_PATH=/opt/ros/humble /usr/bin/cmake --install /home/ibrahim/tasc_arm/build/arm_2026
[56.189s] Level 1:colcon.colcon_core.environment:create_environment_scripts_only(arm_2026)
[56.191s] Level 1:colcon.colcon_core.environment:checking '/home/ibrahim/tasc_arm/install/arm_2026' for CMake module files
[56.193s] Level 1:colcon.colcon_core.environment:checking '/home/ibrahim/tasc_arm/install/arm_2026' for CMake config files
[56.193s] DEBUG:colcon.colcon_core.event_handler.log_command:Invoked command in '/home/ibrahim/tasc_arm/build/arm_2026' returned '0': CMAKE_PREFIX_PATH=/opt/ros/humble /usr/bin/cmake --install /home/ibrahim/tasc_arm/build/arm_2026
[56.194s] Level 1:colcon.colcon_core.shell:create_environment_hook('arm_2026', 'cmake_prefix_path')
[56.195s] INFO:colcon.colcon_core.shell:Creating environment hook '/home/ibrahim/tasc_arm/install/arm_2026/share/arm_2026/hook/cmake_prefix_path.ps1'
[56.196s] INFO:colcon.colcon_core.shell:Creating environment descriptor '/home/ibrahim/tasc_arm/install/arm_2026/share/arm_2026/hook/cmake_prefix_path.dsv'
[56.197s] INFO:colcon.colcon_core.shell:Creating environment hook '/home/ibrahim/tasc_arm/install/arm_2026/share/arm_2026/hook/cmake_prefix_path.sh'
[56.199s] Level 1:colcon.colcon_core.environment:checking '/home/ibrahim/tasc_arm/install/arm_2026/lib'
[56.199s] Level 1:colcon.colcon_core.shell:create_environment_hook('arm_2026', 'ld_library_path_lib')
[56.199s] INFO:colcon.colcon_core.shell:Creating environment hook '/home/ibrahim/tasc_arm/install/arm_2026/share/arm_2026/hook/ld_library_path_lib.ps1'
[56.200s] INFO:colcon.colcon_core.shell:Creating environment descriptor '/home/ibrahim/tasc_arm/install/arm_2026/share/arm_2026/hook/ld_library_path_lib.dsv'
[56.201s] INFO:colcon.colcon_core.shell:Creating environment hook '/home/ibrahim/tasc_arm/install/arm_2026/share/arm_2026/hook/ld_library_path_lib.sh'
[56.202s] Level 1:colcon.colcon_core.environment:checking '/home/ibrahim/tasc_arm/install/arm_2026/bin'
[56.202s] Level 1:colcon.colcon_core.environment:checking '/home/ibrahim/tasc_arm/install/arm_2026/lib/pkgconfig/arm_2026.pc'
[56.203s] Level 1:colcon.colcon_core.environment:checking '/home/ibrahim/tasc_arm/install/arm_2026/lib/python3.10/site-packages'
[56.203s] Level 1:colcon.colcon_core.environment:checking '/home/ibrahim/tasc_arm/install/arm_2026/bin'
[56.204s] INFO:colcon.colcon_core.shell:Creating package script '/home/ibrahim/tasc_arm/install/arm_2026/share/arm_2026/package.ps1'
[56.205s] INFO:colcon.colcon_core.shell:Creating package descriptor '/home/ibrahim/tasc_arm/install/arm_2026/share/arm_2026/package.dsv'
[56.206s] INFO:colcon.colcon_core.shell:Creating package script '/home/ibrahim/tasc_arm/install/arm_2026/share/arm_2026/package.sh'
[56.207s] INFO:colcon.colcon_core.shell:Creating package script '/home/ibrahim/tasc_arm/install/arm_2026/share/arm_2026/package.bash'
[56.208s] INFO:colcon.colcon_core.shell:Creating package script '/home/ibrahim/tasc_arm/install/arm_2026/share/arm_2026/package.zsh'
[56.209s] Level 1:colcon.colcon_core.environment:create_file_with_runtime_dependencies(/home/ibrahim/tasc_arm/install/arm_2026/share/colcon-core/packages/arm_2026)
[56.210s] Level 1:colcon.colcon_core.environment:create_environment_scripts_only(arm_2026)
[56.211s] Level 1:colcon.colcon_core.environment:checking '/home/ibrahim/tasc_arm/install/arm_2026' for CMake module files
[56.212s] Level 1:colcon.colcon_core.environment:checking '/home/ibrahim/tasc_arm/install/arm_2026' for CMake config files
[56.212s] Level 1:colcon.colcon_core.shell:create_environment_hook('arm_2026', 'cmake_prefix_path')
[56.213s] INFO:colcon.colcon_core.shell:Creating environment hook '/home/ibrahim/tasc_arm/install/arm_2026/share/arm_2026/hook/cmake_prefix_path.ps1'
[56.214s] INFO:colcon.colcon_core.shell:Creating environment descriptor '/home/ibrahim/tasc_arm/install/arm_2026/share/arm_2026/hook/cmake_prefix_path.dsv'
[56.215s] INFO:colcon.colcon_core.shell:Creating environment hook '/home/ibrahim/tasc_arm/install/arm_2026/share/arm_2026/hook/cmake_prefix_path.sh'
[56.216s] Level 1:colcon.colcon_core.environment:checking '/home/ibrahim/tasc_arm/install/arm_2026/lib'
[56.216s] Level 1:colcon.colcon_core.shell:create_environment_hook('arm_2026', 'ld_library_path_lib')
[56.217s] INFO:colcon.colcon_core.shell:Creating environment hook '/home/ibrahim/tasc_arm/install/arm_2026/share/arm_2026/hook/ld_library_path_lib.ps1'
[56.218s] INFO:colcon.colcon_core.shell:Creating environment descriptor '/home/ibrahim/tasc_arm/install/arm_2026/share/arm_2026/hook/ld_library_path_lib.dsv'
[56.220s] INFO:colcon.colcon_core.shell:Creating environment hook '/home/ibrahim/tasc_arm/install/arm_2026/share/arm_2026/hook/ld_library_path_lib.sh'
[56.222s] Level 1:colcon.colcon_core.environment:checking '/home/ibrahim/tasc_arm/install/arm_2026/bin'
[56.222s] Level 1:colcon.colcon_core.environment:checking '/home/ibrahim/tasc_arm/install/arm_2026/lib/pkgconfig/arm_2026.pc'
[56.222s] Level 1:colcon.colcon_core.environment:checking '/home/ibrahim/tasc_arm/install/arm_2026/lib/python3.10/site-packages'
[56.223s] Level 1:colcon.colcon_core.environment:checking '/home/ibrahim/tasc_arm/install/arm_2026/bin'
[56.224s] INFO:colcon.colcon_core.shell:Creating package script '/home/ibrahim/tasc_arm/install/arm_2026/share/arm_2026/package.ps1'
[56.227s] INFO:colcon.colcon_core.shell:Creating package descriptor '/home/ibrahim/tasc_arm/install/arm_2026/share/arm_2026/package.dsv'
[56.228s] INFO:colcon.colcon_core.shell:Creating package script '/home/ibrahim/tasc_arm/install/arm_2026/share/arm_2026/package.sh'
[56.230s] INFO:colcon.colcon_core.shell:Creating package script '/home/ibrahim/tasc_arm/install/arm_2026/share/arm_2026/package.bash'
[56.231s] INFO:colcon.colcon_core.shell:Creating package script '/home/ibrahim/tasc_arm/install/arm_2026/share/arm_2026/package.zsh'
[56.232s] Level 1:colcon.colcon_core.environment:create_file_with_runtime_dependencies(/home/ibrahim/tasc_arm/install/arm_2026/share/colcon-core/packages/arm_2026)
[56.232s] DEBUG:colcon.colcon_parallel_executor.executor.parallel:closing loop
[56.233s] DEBUG:colcon.colcon_parallel_executor.executor.parallel:loop closed
[56.233s] DEBUG:colcon.colcon_parallel_executor.executor.parallel:run_until_complete finished with '0'
[56.233s] DEBUG:colcon.colcon_core.event_reactor:joining thread
[56.257s] INFO:colcon.colcon_core.plugin_system:Skipping extension 'colcon_notification.desktop_notification.terminal_notifier': Not used on non-Darwin systems
[56.257s] INFO:colcon.colcon_core.plugin_system:Skipping extension 'colcon_notification.desktop_notification.win32': Not used on non-Windows systems
[56.257s] INFO:colcon.colcon_notification.desktop_notification:Sending desktop notification using 'notify2'
[56.292s] DEBUG:colcon.colcon_core.event_reactor:joined thread
[56.293s] INFO:colcon.colcon_core.shell:Creating prefix script '/home/ibrahim/tasc_arm/install/local_setup.ps1'
[56.297s] INFO:colcon.colcon_core.shell:Creating prefix util module '/home/ibrahim/tasc_arm/install/_local_setup_util_ps1.py'
[56.302s] INFO:colcon.colcon_core.shell:Creating prefix chain script '/home/ibrahim/tasc_arm/install/setup.ps1'
[56.306s] INFO:colcon.colcon_core.shell:Creating prefix script '/home/ibrahim/tasc_arm/install/local_setup.sh'
[56.309s] INFO:colcon.colcon_core.shell:Creating prefix util module '/home/ibrahim/tasc_arm/install/_local_setup_util_sh.py'
[56.310s] INFO:colcon.colcon_core.shell:Creating prefix chain script '/home/ibrahim/tasc_arm/install/setup.sh'
[56.313s] INFO:colcon.colcon_core.shell:Creating prefix script '/home/ibrahim/tasc_arm/install/local_setup.bash'
[56.316s] INFO:colcon.colcon_core.shell:Creating prefix chain script '/home/ibrahim/tasc_arm/install/setup.bash'
[56.320s] INFO:colcon.colcon_core.shell:Creating prefix script '/home/ibrahim/tasc_arm/install/local_setup.zsh'
[56.322s] INFO:colcon.colcon_core.shell:Creating prefix chain script '/home/ibrahim/tasc_arm/install/setup.zsh'
