[0.075s] Invoking command in '/home/ibrahim/tasc_arm/build/arm_2026': CMAKE_PREFIX_PATH=/opt/ros/humble /usr/bin/cmake /home/ibrahim/tasc_arm/src/arm_2026 -DCMAKE_INSTALL_PREFIX=/home/ibrahim/tasc_arm/install/arm_2026
[0.951s] -- The C compiler identification is GNU 11.4.0
[1.691s] -- The CXX compiler identification is GNU 11.4.0
[1.712s] -- Detecting C compiler ABI info
[1.940s] -- Detecting C compiler ABI info - done
[1.966s] -- Check for working C compiler: /usr/bin/cc - skipped
[1.972s] -- Detecting C compile features
[1.980s] -- Detecting C compile features - done
[1.997s] -- Detecting CXX compiler ABI info
[2.287s] -- Detecting CXX compiler ABI info - done
[2.312s] -- Check for working CXX compiler: /usr/bin/c++ - skipped
[2.312s] -- Detecting CXX compile features
[2.312s] -- Detecting CXX compile features - done
[2.350s] -- Found ament_cmake: 1.3.12 (/opt/ros/humble/share/ament_cmake/cmake)
[2.899s] -- Found Python3: /usr/bin/python3 (found version "3.10.12") found components: Interpreter 
[3.294s] -- Found rclcpp: 16.0.14 (/opt/ros/humble/share/rclcpp/cmake)
[3.500s] -- Found rosidl_generator_c: 3.1.7 (/opt/ros/humble/share/rosidl_generator_c/cmake)
[3.514s] -- Found rosidl_adapter: 3.1.7 (/opt/ros/humble/share/rosidl_adapter/cmake)
[3.553s] -- Found rosidl_generator_cpp: 3.1.7 (/opt/ros/humble/share/rosidl_generator_cpp/cmake)
[3.618s] -- Using all available rosidl_typesupport_c: rosidl_typesupport_fastrtps_c;rosidl_typesupport_introspection_c
[3.716s] -- Using all available rosidl_typesupport_cpp: rosidl_typesupport_fastrtps_cpp;rosidl_typesupport_introspection_cpp
[3.953s] -- Found rmw_implementation_cmake: 6.1.2 (/opt/ros/humble/share/rmw_implementation_cmake/cmake)
[3.972s] -- Found rmw_cyclonedds_cpp: 1.3.4 (/opt/ros/humble/share/rmw_cyclonedds_cpp/cmake)
[4.136s] -- Using RMW implementation 'rmw_cyclonedds_cpp' as default
[4.189s] -- Looking for pthread.h
[4.435s] -- Looking for pthread.h - found
[4.435s] -- Performing Test CMAKE_HAVE_LIBC_PTHREAD
[4.592s] -- Performing Test CMAKE_HAVE_LIBC_PTHREAD - Success
[4.599s] -- Found Threads: TRUE  
[4.818s] -- Found rclcpp_lifecycle: 16.0.14 (/opt/ros/humble/share/rclcpp_lifecycle/cmake)
[4.946s] -- Found hardware_interface: 2.51.0 (/opt/ros/humble/share/hardware_interface/cmake)
[5.513s] -- Found controller_manager: 2.51.0 (/opt/ros/humble/share/controller_manager/cmake)
[5.700s] -- Found robot_state_publisher: 3.0.3 (/opt/ros/humble/share/robot_state_publisher/cmake)
[5.761s] -- Found eigen3_cmake_module: 0.1.1 (/opt/ros/humble/share/eigen3_cmake_module/cmake)
[5.768s] -- Found Eigen3: TRUE (found version "3.4.0") 
[5.768s] -- Ensuring Eigen3 include directory is part of orocos-kdl CMake target
[6.186s] -- Found xacro: 2.0.13 (/opt/ros/humble/share/xacro/cmake)
[6.401s] -- Configuring done
[6.479s] -- Generating done
[6.493s] -- Build files have been written to: /home/ibrahim/tasc_arm/build/arm_2026
[6.511s] Invoked command in '/home/ibrahim/tasc_arm/build/arm_2026' returned '0': CMAKE_PREFIX_PATH=/opt/ros/humble /usr/bin/cmake /home/ibrahim/tasc_arm/src/arm_2026 -DCMAKE_INSTALL_PREFIX=/home/ibrahim/tasc_arm/install/arm_2026
[6.514s] Invoking command in '/home/ibrahim/tasc_arm/build/arm_2026': CMAKE_PREFIX_PATH=/opt/ros/humble /usr/bin/cmake --build /home/ibrahim/tasc_arm/build/arm_2026 -- -j4 -l4
[6.674s] [ 25%] [32mBuilding CXX object CMakeFiles/arm_2026.dir/src/arm_2026_system.cpp.o[0m
[6.683s] [ 50%] [32mBuilding CXX object CMakeFiles/arm_2026_keyboard_teleop.dir/arm_2026/keyboard_teleop.cpp.o[0m
[52.143s] [ 75%] [32m[1mLinking CXX executable arm_2026_keyboard_teleop[0m
[52.400s] [100%] [32m[1mLinking CXX shared library libarm_2026.so[0m
[53.137s] [100%] Built target arm_2026_keyboard_teleop
[53.681s] [100%] Built target arm_2026
[53.706s] Invoked command in '/home/ibrahim/tasc_arm/build/arm_2026' returned '0': CMAKE_PREFIX_PATH=/opt/ros/humble /usr/bin/cmake --build /home/ibrahim/tasc_arm/build/arm_2026 -- -j4 -l4
[53.710s] Invoking command in '/home/ibrahim/tasc_arm/build/arm_2026': CMAKE_PREFIX_PATH=/opt/ros/humble /usr/bin/cmake --install /home/ibrahim/tasc_arm/build/arm_2026
[53.722s] -- Install configuration: ""
[53.723s] -- Up-to-date: /home/ibrahim/tasc_arm/install/arm_2026/share/arm_2026/plugin.xml
[53.723s] -- Up-to-date: /home/ibrahim/tasc_arm/install/arm_2026/include
[53.723s] -- Up-to-date: /home/ibrahim/tasc_arm/install/arm_2026/include/arm_2026
[53.723s] -- Up-to-date: /home/ibrahim/tasc_arm/install/arm_2026/include/arm_2026/arm_2026_system.hpp
[53.723s] -- Up-to-date: /home/ibrahim/tasc_arm/install/arm_2026/share/arm_2026/plugin.xml
[53.724s] -- Installing: /home/ibrahim/tasc_arm/install/arm_2026/lib/libarm_2026.so
[53.731s] -- Set runtime path of "/home/ibrahim/tasc_arm/install/arm_2026/lib/libarm_2026.so" to ""
[53.731s] -- Installing: /home/ibrahim/tasc_arm/install/arm_2026/lib/arm_2026/arm_2026_keyboard_teleop
[53.735s] -- Set runtime path of "/home/ibrahim/tasc_arm/install/arm_2026/lib/arm_2026/arm_2026_keyboard_teleop" to ""
[53.735s] -- Up-to-date: /home/ibrahim/tasc_arm/install/arm_2026/share/arm_2026/description
[53.736s] -- Installing: /home/ibrahim/tasc_arm/install/arm_2026/share/arm_2026/description/arm_2026.urdf.xacro
[53.736s] -- Up-to-date: /home/ibrahim/tasc_arm/install/arm_2026/share/arm_2026/config
[53.737s] -- Up-to-date: /home/ibrahim/tasc_arm/install/arm_2026/share/arm_2026/config/controllers.yaml
[53.737s] -- Up-to-date: /home/ibrahim/tasc_arm/install/arm_2026/share/arm_2026/launch
[53.737s] -- Up-to-date: /home/ibrahim/tasc_arm/install/arm_2026/share/arm_2026/launch/bringup.launch.py
[53.737s] -- Installing: /home/ibrahim/tasc_arm/install/arm_2026/share/arm_2026/environment/library_path.sh
[53.737s] -- Installing: /home/ibrahim/tasc_arm/install/arm_2026/share/arm_2026/environment/library_path.dsv
[53.737s] -- Installing: /home/ibrahim/tasc_arm/install/arm_2026/share/ament_index/resource_index/package_run_dependencies/arm_2026
[53.738s] -- Installing: /home/ibrahim/tasc_arm/install/arm_2026/share/ament_index/resource_index/parent_prefix_path/arm_2026
[53.738s] -- Installing: /home/ibrahim/tasc_arm/install/arm_2026/share/arm_2026/environment/ament_prefix_path.sh
[53.738s] -- Installing: /home/ibrahim/tasc_arm/install/arm_2026/share/arm_2026/environment/ament_prefix_path.dsv
[53.738s] -- Installing: /home/ibrahim/tasc_arm/install/arm_2026/share/arm_2026/environment/path.sh
[53.745s] -- Installing: /home/ibrahim/tasc_arm/install/arm_2026/share/arm_2026/environment/path.dsv
[53.745s] -- Installing: /home/ibrahim/tasc_arm/install/arm_2026/share/arm_2026/local_setup.bash
[53.745s] -- Installing: /home/ibrahim/tasc_arm/install/arm_2026/share/arm_2026/local_setup.sh
[53.745s] -- Installing: /home/ibrahim/tasc_arm/install/arm_2026/share/arm_2026/local_setup.zsh
[53.745s] -- Installing: /home/ibrahim/tasc_arm/install/arm_2026/share/arm_2026/local_setup.dsv
[53.745s] -- Installing: /home/ibrahim/tasc_arm/install/arm_2026/share/arm_2026/package.dsv
[53.745s] -- Installing: /home/ibrahim/tasc_arm/install/arm_2026/share/ament_index/resource_index/packages/arm_2026
[53.745s] -- Installing: /home/ibrahim/tasc_arm/install/arm_2026/share/ament_index/resource_index/hardware_interface__pluginlib__plugin/arm_2026
[53.746s] -- Installing: /home/ibrahim/tasc_arm/install/arm_2026/share/arm_2026/cmake/export_arm_2026Export.cmake
[53.750s] -- Installing: /home/ibrahim/tasc_arm/install/arm_2026/share/arm_2026/cmake/export_arm_2026Export-noconfig.cmake
[53.751s] -- Installing: /home/ibrahim/tasc_arm/install/arm_2026/share/arm_2026/cmake/ament_cmake_export_targets-extras.cmake
[53.751s] -- Installing: /home/ibrahim/tasc_arm/install/arm_2026/share/arm_2026/cmake/ament_cmake_export_dependencies-extras.cmake
[53.752s] -- Installing: /home/ibrahim/tasc_arm/install/arm_2026/share/arm_2026/cmake/arm_2026Config.cmake
[53.752s] -- Installing: /home/ibrahim/tasc_arm/install/arm_2026/share/arm_2026/cmake/arm_2026Config-version.cmake
[53.753s] -- Up-to-date: /home/ibrahim/tasc_arm/install/arm_2026/share/arm_2026/package.xml
[53.759s] Invoked command in '/home/ibrahim/tasc_arm/build/arm_2026' returned '0': CMAKE_PREFIX_PATH=/opt/ros/humble /usr/bin/cmake --install /home/ibrahim/tasc_arm/build/arm_2026
