[0.012s] Invoking command in '/home/ibrahim/tasc_arm/build/arm_2026': CMAKE_PREFIX_PATH=${CMAKE_PREFIX_PATH}:/home/ibrahim/tasc_arm/install/arm_bringup:/opt/ros/humble /usr/bin/cmake --build /home/ibrahim/tasc_arm/build/arm_2026 -- -j4 -l4
[0.074s] [ 50%] Built target arm_2026
[0.076s] [ 75%] [32mBuilding CXX object CMakeFiles/arm_2026_keyboard_teleop.dir/arm_2026/keyboard_teleop.cpp.o[0m
[8.227s] [100%] [32m[1mLinking CXX executable arm_2026_keyboard_teleop[0m
[8.605s] [100%] Built target arm_2026_keyboard_teleop
[8.617s] Invoked command in '/home/ibrahim/tasc_arm/build/arm_2026' returned '0': CMAKE_PREFIX_PATH=${CMAKE_PREFIX_PATH}:/home/ibrahim/tasc_arm/install/arm_bringup:/opt/ros/humble /usr/bin/cmake --build /home/ibrahim/tasc_arm/build/arm_2026 -- -j4 -l4
[8.628s] Invoking command in '/home/ibrahim/tasc_arm/build/arm_2026': CMAKE_PREFIX_PATH=${CMAKE_PREFIX_PATH}:/home/ibrahim/tasc_arm/install/arm_bringup:/opt/ros/humble /usr/bin/cmake --install /home/ibrahim/tasc_arm/build/arm_2026
[8.636s] -- Install configuration: ""
[8.636s] -- Up-to-date: /home/ibrahim/tasc_arm/install/arm_2026/share/arm_2026/plugin.xml
[8.636s] -- Up-to-date: /home/ibrahim/tasc_arm/install/arm_2026/include
[8.636s] -- Up-to-date: /home/ibrahim/tasc_arm/install/arm_2026/include/arm_2026
[8.636s] -- Up-to-date: /home/ibrahim/tasc_arm/install/arm_2026/include/arm_2026/arm_2026_system.hpp
[8.637s] -- Up-to-date: /home/ibrahim/tasc_arm/install/arm_2026/share/arm_2026/plugin.xml
[8.637s] -- Up-to-date: /home/ibrahim/tasc_arm/install/arm_2026/lib/libarm_2026.so
[8.637s] -- Installing: /home/ibrahim/tasc_arm/install/arm_2026/lib/arm_2026/arm_2026_keyboard_teleop
[8.641s] -- Set runtime path of "/home/ibrahim/tasc_arm/install/arm_2026/lib/arm_2026/arm_2026_keyboard_teleop" to ""
[8.641s] -- Up-to-date: /home/ibrahim/tasc_arm/install/arm_2026/share/arm_2026/description
[8.641s] -- Up-to-date: /home/ibrahim/tasc_arm/install/arm_2026/share/arm_2026/description/arm_2026.urdf.xacro
[8.641s] -- Up-to-date: /home/ibrahim/tasc_arm/install/arm_2026/share/arm_2026/config
[8.641s] -- Up-to-date: /home/ibrahim/tasc_arm/install/arm_2026/share/arm_2026/config/controllers.yaml
[8.641s] -- Up-to-date: /home/ibrahim/tasc_arm/install/arm_2026/share/arm_2026/launch
[8.641s] -- Up-to-date: /home/ibrahim/tasc_arm/install/arm_2026/share/arm_2026/launch/bringup.launch.py
[8.642s] -- Up-to-date: /home/ibrahim/tasc_arm/install/arm_2026/share/arm_2026/environment/library_path.sh
[8.642s] -- Up-to-date: /home/ibrahim/tasc_arm/install/arm_2026/share/arm_2026/environment/library_path.dsv
[8.642s] -- Up-to-date: /home/ibrahim/tasc_arm/install/arm_2026/share/ament_index/resource_index/package_run_dependencies/arm_2026
[8.642s] -- Up-to-date: /home/ibrahim/tasc_arm/install/arm_2026/share/ament_index/resource_index/parent_prefix_path/arm_2026
[8.642s] -- Up-to-date: /home/ibrahim/tasc_arm/install/arm_2026/share/arm_2026/environment/ament_prefix_path.sh
[8.642s] -- Up-to-date: /home/ibrahim/tasc_arm/install/arm_2026/share/arm_2026/environment/ament_prefix_path.dsv
[8.642s] -- Up-to-date: /home/ibrahim/tasc_arm/install/arm_2026/share/arm_2026/environment/path.sh
[8.642s] -- Up-to-date: /home/ibrahim/tasc_arm/install/arm_2026/share/arm_2026/environment/path.dsv
[8.642s] -- Up-to-date: /home/ibrahim/tasc_arm/install/arm_2026/share/arm_2026/local_setup.bash
[8.642s] -- Up-to-date: /home/ibrahim/tasc_arm/install/arm_2026/share/arm_2026/local_setup.sh
[8.643s] -- Up-to-date: /home/ibrahim/tasc_arm/install/arm_2026/share/arm_2026/local_setup.zsh
[8.643s] -- Up-to-date: /home/ibrahim/tasc_arm/install/arm_2026/share/arm_2026/local_setup.dsv
[8.643s] -- Installing: /home/ibrahim/tasc_arm/install/arm_2026/share/arm_2026/package.dsv
[8.643s] -- Up-to-date: /home/ibrahim/tasc_arm/install/arm_2026/share/ament_index/resource_index/packages/arm_2026
[8.643s] -- Up-to-date: /home/ibrahim/tasc_arm/install/arm_2026/share/ament_index/resource_index/hardware_interface__pluginlib__plugin/arm_2026
[8.643s] -- Up-to-date: /home/ibrahim/tasc_arm/install/arm_2026/share/arm_2026/cmake/export_arm_2026Export.cmake
[8.644s] -- Up-to-date: /home/ibrahim/tasc_arm/install/arm_2026/share/arm_2026/cmake/export_arm_2026Export-noconfig.cmake
[8.644s] -- Up-to-date: /home/ibrahim/tasc_arm/install/arm_2026/share/arm_2026/cmake/ament_cmake_export_targets-extras.cmake
[8.644s] -- Up-to-date: /home/ibrahim/tasc_arm/install/arm_2026/share/arm_2026/cmake/ament_cmake_export_dependencies-extras.cmake
[8.644s] -- Up-to-date: /home/ibrahim/tasc_arm/install/arm_2026/share/arm_2026/cmake/arm_2026Config.cmake
[8.644s] -- Up-to-date: /home/ibrahim/tasc_arm/install/arm_2026/share/arm_2026/cmake/arm_2026Config-version.cmake
[8.644s] -- Up-to-date: /home/ibrahim/tasc_arm/install/arm_2026/share/arm_2026/package.xml
[8.648s] Invoked command in '/home/ibrahim/tasc_arm/build/arm_2026' returned '0': CMAKE_PREFIX_PATH=${CMAKE_PREFIX_PATH}:/home/ibrahim/tasc_arm/install/arm_bringup:/opt/ros/humble /usr/bin/cmake --install /home/ibrahim/tasc_arm/build/arm_2026
