[0.591s] Invoking command in '/home/ibrahim/tasc_arm/src/arm_bringup': PYTHONPATH=/home/ibrahim/tasc_arm/build/arm_bringup/prefix_override:/usr/lib/python3/dist-packages/colcon_core/task/python/colcon_distutils_commands:/home/ibrahim/tasc_arm/install/arm_bringup/lib/python3.10/site-packages:${PYTHONPATH} /usr/bin/python3 -W ignore:setup.py install is deprecated -W ignore:easy_install command is deprecated setup.py egg_info --egg-base ../../build/arm_bringup build --build-base /home/ibrahim/tasc_arm/build/arm_bringup/build install --record /home/ibrahim/tasc_arm/build/arm_bringup/install.log --single-version-externally-managed install_data
[0.789s] running egg_info
[0.789s] writing ../../build/arm_bringup/arm_bringup.egg-info/PKG-INFO
[0.790s] writing dependency_links to ../../build/arm_bringup/arm_bringup.egg-info/dependency_links.txt
[0.790s] writing entry points to ../../build/arm_bringup/arm_bringup.egg-info/entry_points.txt
[0.790s] writing requirements to ../../build/arm_bringup/arm_bringup.egg-info/requires.txt
[0.790s] writing top-level names to ../../build/arm_bringup/arm_bringup.egg-info/top_level.txt
[0.792s] reading manifest file '../../build/arm_bringup/arm_bringup.egg-info/SOURCES.txt'
[0.793s] writing manifest file '../../build/arm_bringup/arm_bringup.egg-info/SOURCES.txt'
[0.793s] running build
[0.793s] running build_py
[0.794s] running install
[0.795s] running install_lib
[0.795s] running install_data
[0.796s] running install_egg_info
[0.797s] removing '/home/ibrahim/tasc_arm/install/arm_bringup/lib/python3.10/site-packages/arm_bringup-0.0.0-py3.10.egg-info' (and everything under it)
[0.797s] Copying ../../build/arm_bringup/arm_bringup.egg-info to /home/ibrahim/tasc_arm/install/arm_bringup/lib/python3.10/site-packages/arm_bringup-0.0.0-py3.10.egg-info
[0.798s] running install_scripts
[0.816s] writing list of installed files to '/home/ibrahim/tasc_arm/build/arm_bringup/install.log'
[0.843s] Invoked command in '/home/ibrahim/tasc_arm/src/arm_bringup' returned '0': PYTHONPATH=/home/ibrahim/tasc_arm/build/arm_bringup/prefix_override:/usr/lib/python3/dist-packages/colcon_core/task/python/colcon_distutils_commands:/home/ibrahim/tasc_arm/install/arm_bringup/lib/python3.10/site-packages:${PYTHONPATH} /usr/bin/python3 -W ignore:setup.py install is deprecated -W ignore:easy_install command is deprecated setup.py egg_info --egg-base ../../build/arm_bringup build --build-base /home/ibrahim/tasc_arm/build/arm_bringup/build install --record /home/ibrahim/tasc_arm/build/arm_bringup/install.log --single-version-externally-managed install_data
