[3.364s] Invoking command in '/home/ibrahim/tasc_arm/src/arm_bringup': PYTHONPATH=/home/ibrahim/tasc_arm/build/arm_bringup/prefix_override:/usr/lib/python3/dist-packages/colcon_core/task/python/colcon_distutils_commands:/home/ibrahim/tasc_arm/install/arm_bringup/lib/python3.10/site-packages:${PYTHONPATH} /usr/bin/python3 -W ignore:setup.py install is deprecated -W ignore:easy_install command is deprecated setup.py egg_info --egg-base ../../build/arm_bringup build --build-base /home/ibrahim/tasc_arm/build/arm_bringup/build install --record /home/ibrahim/tasc_arm/build/arm_bringup/install.log --single-version-externally-managed install_data
[3.932s] running egg_info
[3.935s] creating ../../build/arm_bringup/arm_bringup.egg-info
[3.935s] writing ../../build/arm_bringup/arm_bringup.egg-info/PKG-INFO
[3.938s] writing dependency_links to ../../build/arm_bringup/arm_bringup.egg-info/dependency_links.txt
[3.939s] writing entry points to ../../build/arm_bringup/arm_bringup.egg-info/entry_points.txt
[3.939s] writing requirements to ../../build/arm_bringup/arm_bringup.egg-info/requires.txt
[3.939s] writing top-level names to ../../build/arm_bringup/arm_bringup.egg-info/top_level.txt
[3.939s] writing manifest file '../../build/arm_bringup/arm_bringup.egg-info/SOURCES.txt'
[3.940s] reading manifest file '../../build/arm_bringup/arm_bringup.egg-info/SOURCES.txt'
[3.951s] writing manifest file '../../build/arm_bringup/arm_bringup.egg-info/SOURCES.txt'
[3.956s] running build
[3.957s] running build_py
[3.957s] creating /home/ibrahim/tasc_arm/build/arm_bringup/build
[3.957s] creating /home/ibrahim/tasc_arm/build/arm_bringup/build/lib
[3.957s] creating /home/ibrahim/tasc_arm/build/arm_bringup/build/lib/arm_bringup
[3.957s] copying arm_bringup/__init__.py -> /home/ibrahim/tasc_arm/build/arm_bringup/build/lib/arm_bringup
[3.958s] running install
[3.958s] running install_lib
[3.958s] creating /home/ibrahim/tasc_arm/install/arm_bringup/lib/python3.10/site-packages/arm_bringup
[3.958s] copying /home/ibrahim/tasc_arm/build/arm_bringup/build/lib/arm_bringup/__init__.py -> /home/ibrahim/tasc_arm/install/arm_bringup/lib/python3.10/site-packages/arm_bringup
[3.958s] byte-compiling /home/ibrahim/tasc_arm/install/arm_bringup/lib/python3.10/site-packages/arm_bringup/__init__.py to __init__.cpython-310.pyc
[3.958s] running install_data
[3.958s] copying resource/arm_bringup -> /home/ibrahim/tasc_arm/install/arm_bringup/share/ament_index/resource_index/packages
[3.958s] copying package.xml -> /home/ibrahim/tasc_arm/install/arm_bringup/share/arm_bringup
[3.958s] copying launch/bringup.launch.py -> /home/ibrahim/tasc_arm/install/arm_bringup/share/arm_bringup/launch
[3.963s] running install_egg_info
[3.963s] Copying ../../build/arm_bringup/arm_bringup.egg-info to /home/ibrahim/tasc_arm/install/arm_bringup/lib/python3.10/site-packages/arm_bringup-0.0.0-py3.10.egg-info
[3.963s] running install_scripts
[4.024s] writing list of installed files to '/home/ibrahim/tasc_arm/build/arm_bringup/install.log'
[4.118s] Invoked command in '/home/ibrahim/tasc_arm/src/arm_bringup' returned '0': PYTHONPATH=/home/ibrahim/tasc_arm/build/arm_bringup/prefix_override:/usr/lib/python3/dist-packages/colcon_core/task/python/colcon_distutils_commands:/home/ibrahim/tasc_arm/install/arm_bringup/lib/python3.10/site-packages:${PYTHONPATH} /usr/bin/python3 -W ignore:setup.py install is deprecated -W ignore:easy_install command is deprecated setup.py egg_info --egg-base ../../build/arm_bringup build --build-base /home/ibrahim/tasc_arm/build/arm_bringup/build install --record /home/ibrahim/tasc_arm/build/arm_bringup/install.log --single-version-externally-managed install_data
