[0.023s] Invoking command in '/home/ibrahim/tasc_arm/build/arm_2026': CMAKE_PREFIX_PATH=${CMAKE_PREFIX_PATH}:/home/ibrahim/tasc_arm/install/arm_bringup:/opt/ros/humble /usr/bin/cmake --build /home/ibrahim/tasc_arm/build/arm_2026 -- -j4 -l4
[0.117s] [35m[1mConsolidate compiler generated dependencies of target arm_2026_joystick_teleop[0m
[0.154s] [ 33%] Built target arm_2026_keyboard_teleop
[0.154s] [ 50%] [32mBuilding CXX object CMakeFiles/arm_2026_joystick_teleop.dir/arm_2026/joystick_teleop.cpp.o[0m
[0.164s] [ 83%] Built target arm_2026
[23.898s] [100%] [32m[1mLinking CXX executable arm_2026_joystick_teleop[0m
[24.852s] [100%] Built target arm_2026_joystick_teleop
[24.877s] Invoked command in '/home/ibrahim/tasc_arm/build/arm_2026' returned '0': CMAKE_PREFIX_PATH=${CMAKE_PREFIX_PATH}:/home/ibrahim/tasc_arm/install/arm_bringup:/opt/ros/humble /usr/bin/cmake --build /home/ibrahim/tasc_arm/build/arm_2026 -- -j4 -l4
[24.901s] Invoking command in '/home/ibrahim/tasc_arm/build/arm_2026': CMAKE_PREFIX_PATH=${CMAKE_PREFIX_PATH}:/home/ibrahim/tasc_arm/install/arm_bringup:/opt/ros/humble /usr/bin/cmake --install /home/ibrahim/tasc_arm/build/arm_2026
[24.914s] -- Install configuration: ""
[24.915s] -- Up-to-date: /home/ibrahim/tasc_arm/install/arm_2026/share/arm_2026/plugin.xml
[24.915s] -- Up-to-date: /home/ibrahim/tasc_arm/install/arm_2026/include
[24.917s] -- Up-to-date: /home/ibrahim/tasc_arm/install/arm_2026/include/arm_2026
[24.917s] -- Up-to-date: /home/ibrahim/tasc_arm/install/arm_2026/include/arm_2026/arm_2026_system.hpp
[24.918s] -- Up-to-date: /home/ibrahim/tasc_arm/install/arm_2026/share/arm_2026/plugin.xml
[24.919s] -- Up-to-date: /home/ibrahim/tasc_arm/install/arm_2026/lib/libarm_2026.so
[24.923s] -- Up-to-date: /home/ibrahim/tasc_arm/install/arm_2026/lib/arm_2026/arm_2026_keyboard_teleop
[24.923s] -- Installing: /home/ibrahim/tasc_arm/install/arm_2026/lib/arm_2026/arm_2026_joystick_teleop
[24.930s] -- Set runtime path of "/home/ibrahim/tasc_arm/install/arm_2026/lib/arm_2026/arm_2026_joystick_teleop" to ""
[24.930s] -- Up-to-date: /home/ibrahim/tasc_arm/install/arm_2026/share/arm_2026/description
[24.932s] -- Up-to-date: /home/ibrahim/tasc_arm/install/arm_2026/share/arm_2026/description/arm_2026.urdf.xacro
[24.932s] -- Up-to-date: /home/ibrahim/tasc_arm/install/arm_2026/share/arm_2026/config
[24.932s] -- Up-to-date: /home/ibrahim/tasc_arm/install/arm_2026/share/arm_2026/config/controllers.yaml
[24.933s] -- Up-to-date: /home/ibrahim/tasc_arm/install/arm_2026/share/arm_2026/launch
[24.933s] -- Up-to-date: /home/ibrahim/tasc_arm/install/arm_2026/share/arm_2026/launch/bringup.launch.py
[24.933s] -- Up-to-date: /home/ibrahim/tasc_arm/install/arm_2026/share/arm_2026/environment/library_path.sh
[24.933s] -- Up-to-date: /home/ibrahim/tasc_arm/install/arm_2026/share/arm_2026/environment/library_path.dsv
[24.934s] -- Up-to-date: /home/ibrahim/tasc_arm/install/arm_2026/share/ament_index/resource_index/package_run_dependencies/arm_2026
[24.934s] -- Up-to-date: /home/ibrahim/tasc_arm/install/arm_2026/share/ament_index/resource_index/parent_prefix_path/arm_2026
[24.936s] -- Up-to-date: /home/ibrahim/tasc_arm/install/arm_2026/share/arm_2026/environment/ament_prefix_path.sh
[24.937s] -- Up-to-date: /home/ibrahim/tasc_arm/install/arm_2026/share/arm_2026/environment/ament_prefix_path.dsv
[24.937s] -- Up-to-date: /home/ibrahim/tasc_arm/install/arm_2026/share/arm_2026/environment/path.sh
[24.937s] -- Up-to-date: /home/ibrahim/tasc_arm/install/arm_2026/share/arm_2026/environment/path.dsv
[24.937s] -- Up-to-date: /home/ibrahim/tasc_arm/install/arm_2026/share/arm_2026/local_setup.bash
[24.937s] -- Up-to-date: /home/ibrahim/tasc_arm/install/arm_2026/share/arm_2026/local_setup.sh
[24.937s] -- Up-to-date: /home/ibrahim/tasc_arm/install/arm_2026/share/arm_2026/local_setup.zsh
[24.937s] -- Up-to-date: /home/ibrahim/tasc_arm/install/arm_2026/share/arm_2026/local_setup.dsv
[24.938s] -- Installing: /home/ibrahim/tasc_arm/install/arm_2026/share/arm_2026/package.dsv
[24.938s] -- Up-to-date: /home/ibrahim/tasc_arm/install/arm_2026/share/ament_index/resource_index/packages/arm_2026
[24.938s] -- Up-to-date: /home/ibrahim/tasc_arm/install/arm_2026/share/ament_index/resource_index/hardware_interface__pluginlib__plugin/arm_2026
[24.938s] -- Up-to-date: /home/ibrahim/tasc_arm/install/arm_2026/share/arm_2026/cmake/export_arm_2026Export.cmake
[24.938s] -- Up-to-date: /home/ibrahim/tasc_arm/install/arm_2026/share/arm_2026/cmake/export_arm_2026Export-noconfig.cmake
[24.938s] -- Up-to-date: /home/ibrahim/tasc_arm/install/arm_2026/share/arm_2026/cmake/ament_cmake_export_targets-extras.cmake
[24.938s] -- Up-to-date: /home/ibrahim/tasc_arm/install/arm_2026/share/arm_2026/cmake/ament_cmake_export_dependencies-extras.cmake
[24.939s] -- Up-to-date: /home/ibrahim/tasc_arm/install/arm_2026/share/arm_2026/cmake/arm_2026Config.cmake
[24.939s] -- Up-to-date: /home/ibrahim/tasc_arm/install/arm_2026/share/arm_2026/cmake/arm_2026Config-version.cmake
[24.939s] -- Up-to-date: /home/ibrahim/tasc_arm/install/arm_2026/share/arm_2026/package.xml
[24.943s] Invoked command in '/home/ibrahim/tasc_arm/build/arm_2026' returned '0': CMAKE_PREFIX_PATH=${CMAKE_PREFIX_PATH}:/home/ibrahim/tasc_arm/install/arm_bringup:/opt/ros/humble /usr/bin/cmake --install /home/ibrahim/tasc_arm/build/arm_2026
