-- The C compiler identification is GNU 11.4.0
-- The CXX compiler identification is GNU 11.4.0
-- Detecting C compiler ABI info
-- Detecting C compiler ABI info - done
-- Check for working C compiler: /usr/bin/cc - skipped
-- Detecting C compile features
-- Detecting C compile features - done
-- Detecting CXX compiler ABI info
-- Detecting CXX compiler ABI info - done
-- Check for working CXX compiler: /usr/bin/c++ - skipped
-- Detecting CXX compile features
-- Detecting CXX compile features - done
-- Found ament_cmake: 1.3.12 (/opt/ros/humble/share/ament_cmake/cmake)
-- Found Python3: /usr/bin/python3 (found version "3.10.12") found components: Interpreter 
-- Found rclcpp: 16.0.14 (/opt/ros/humble/share/rclcpp/cmake)
-- Found rosidl_generator_c: 3.1.7 (/opt/ros/humble/share/rosidl_generator_c/cmake)
-- Found rosidl_adapter: 3.1.7 (/opt/ros/humble/share/rosidl_adapter/cmake)
-- Found rosidl_generator_cpp: 3.1.7 (/opt/ros/humble/share/rosidl_generator_cpp/cmake)
-- Using all available rosidl_typesupport_c: rosidl_typesupport_fastrtps_c;rosidl_typesupport_introspection_c
-- Using all available rosidl_typesupport_cpp: rosidl_typesupport_fastrtps_cpp;rosidl_typesupport_introspection_cpp
-- Found rmw_implementation_cmake: 6.1.2 (/opt/ros/humble/share/rmw_implementation_cmake/cmake)
-- Found rmw_cyclonedds_cpp: 1.3.4 (/opt/ros/humble/share/rmw_cyclonedds_cpp/cmake)
-- Using RMW implementation 'rmw_cyclonedds_cpp' as default
-- Looking for pthread.h
-- Looking for pthread.h - found
-- Performing Test CMAKE_HAVE_LIBC_PTHREAD
-- Performing Test CMAKE_HAVE_LIBC_PTHREAD - Success
-- Found Threads: TRUE  
-- Found rclcpp_lifecycle: 16.0.14 (/opt/ros/humble/share/rclcpp_lifecycle/cmake)
-- Found hardware_interface: 2.51.0 (/opt/ros/humble/share/hardware_interface/cmake)
-- Found controller_manager: 2.51.0 (/opt/ros/humble/share/controller_manager/cmake)
-- Found robot_state_publisher: 3.0.3 (/opt/ros/humble/share/robot_state_publisher/cmake)
-- Found eigen3_cmake_module: 0.1.1 (/opt/ros/humble/share/eigen3_cmake_module/cmake)
-- Found Eigen3: TRUE (found version "3.4.0") 
-- Ensuring Eigen3 include directory is part of orocos-kdl CMake target
-- Found xacro: 2.0.13 (/opt/ros/humble/share/xacro/cmake)
-- Configuring done
-- Generating done
-- Build files have been written to: /home/ibrahim/tasc_arm/build/arm_2026
[ 25%] [32mBuilding CXX object CMakeFiles/arm_2026_keyboard_teleop.dir/arm_2026/keyboard_teleop.cpp.o[0m
[ 50%] [32mBuilding CXX object CMakeFiles/arm_2026.dir/src/arm_2026_system.cpp.o[0m
[ 75%] [32m[1mLinking CXX executable arm_2026_keyboard_teleop[0m
[100%] [32m[1mLinking CXX shared library libarm_2026.so[0m
[100%] Built target arm_2026_keyboard_teleop
[100%] Built target arm_2026
-- Install configuration: ""
-- Installing: /home/ibrahim/tasc_arm/install/arm_2026/share/arm_2026/plugin.xml
-- Installing: /home/ibrahim/tasc_arm/install/arm_2026/include
-- Installing: /home/ibrahim/tasc_arm/install/arm_2026/include/arm_2026
-- Installing: /home/ibrahim/tasc_arm/install/arm_2026/include/arm_2026/arm_2026_system.hpp
-- Up-to-date: /home/ibrahim/tasc_arm/install/arm_2026/share/arm_2026/plugin.xml
-- Installing: /home/ibrahim/tasc_arm/install/arm_2026/lib/libarm_2026.so
-- Set runtime path of "/home/ibrahim/tasc_arm/install/arm_2026/lib/libarm_2026.so" to ""
-- Installing: /home/ibrahim/tasc_arm/install/arm_2026/lib/arm_2026/arm_2026_keyboard_teleop
-- Set runtime path of "/home/ibrahim/tasc_arm/install/arm_2026/lib/arm_2026/arm_2026_keyboard_teleop" to ""
-- Installing: /home/ibrahim/tasc_arm/install/arm_2026/share/arm_2026/description
-- Installing: /home/ibrahim/tasc_arm/install/arm_2026/share/arm_2026/description/arm_2026.urdf.xacro
-- Installing: /home/ibrahim/tasc_arm/install/arm_2026/share/arm_2026/config
-- Installing: /home/ibrahim/tasc_arm/install/arm_2026/share/arm_2026/config/controllers.yaml
-- Installing: /home/ibrahim/tasc_arm/install/arm_2026/share/arm_2026/launch
-- Installing: /home/ibrahim/tasc_arm/install/arm_2026/share/arm_2026/launch/bringup.launch.py
-- Installing: /home/ibrahim/tasc_arm/install/arm_2026/share/arm_2026/environment/library_path.sh
-- Installing: /home/ibrahim/tasc_arm/install/arm_2026/share/arm_2026/environment/library_path.dsv
-- Installing: /home/ibrahim/tasc_arm/install/arm_2026/share/ament_index/resource_index/package_run_dependencies/arm_2026
-- Installing: /home/ibrahim/tasc_arm/install/arm_2026/share/ament_index/resource_index/parent_prefix_path/arm_2026
-- Installing: /home/ibrahim/tasc_arm/install/arm_2026/share/arm_2026/environment/ament_prefix_path.sh
-- Installing: /home/ibrahim/tasc_arm/install/arm_2026/share/arm_2026/environment/ament_prefix_path.dsv
-- Installing: /home/ibrahim/tasc_arm/install/arm_2026/share/arm_2026/environment/path.sh
-- Installing: /home/ibrahim/tasc_arm/install/arm_2026/share/arm_2026/environment/path.dsv
-- Installing: /home/ibrahim/tasc_arm/install/arm_2026/share/arm_2026/local_setup.bash
-- Installing: /home/ibrahim/tasc_arm/install/arm_2026/share/arm_2026/local_setup.sh
-- Installing: /home/ibrahim/tasc_arm/install/arm_2026/share/arm_2026/local_setup.zsh
-- Installing: /home/ibrahim/tasc_arm/install/arm_2026/share/arm_2026/local_setup.dsv
-- Installing: /home/ibrahim/tasc_arm/install/arm_2026/share/arm_2026/package.dsv
-- Installing: /home/ibrahim/tasc_arm/install/arm_2026/share/ament_index/resource_index/packages/arm_2026
-- Installing: /home/ibrahim/tasc_arm/install/arm_2026/share/ament_index/resource_index/hardware_interface__pluginlib__plugin/arm_2026
-- Installing: /home/ibrahim/tasc_arm/install/arm_2026/share/arm_2026/cmake/export_arm_2026Export.cmake
-- Installing: /home/ibrahim/tasc_arm/install/arm_2026/share/arm_2026/cmake/export_arm_2026Export-noconfig.cmake
-- Installing: /home/ibrahim/tasc_arm/install/arm_2026/share/arm_2026/cmake/ament_cmake_export_targets-extras.cmake
-- Installing: /home/ibrahim/tasc_arm/install/arm_2026/share/arm_2026/cmake/ament_cmake_export_dependencies-extras.cmake
-- Installing: /home/ibrahim/tasc_arm/install/arm_2026/share/arm_2026/cmake/arm_2026Config.cmake
-- Installing: /home/ibrahim/tasc_arm/install/arm_2026/share/arm_2026/cmake/arm_2026Config-version.cmake
-- Installing: /home/ibrahim/tasc_arm/install/arm_2026/share/arm_2026/package.xml
