[0.024s] Invoking command in '/home/ibrahim/tasc_arm/build/arm_2026': CMAKE_PREFIX_PATH=/opt/ros/humble /usr/bin/cmake /home/ibrahim/tasc_arm/src/arm_2026 -DCMAKE_INSTALL_PREFIX=/home/ibrahim/tasc_arm/install/arm_2026
[0.269s] -- The C compiler identification is GNU 11.4.0
[0.269s] -- The CXX compiler identification is GNU 11.4.0
[0.269s] -- Detecting C compiler ABI info
[0.269s] -- Detecting C compiler ABI info - done
[0.271s] -- Check for working C compiler: /usr/bin/cc - skipped
[0.271s] -- Detecting C compile features
[0.271s] -- Detecting C compile features - done
[0.271s] -- Detecting CXX compiler ABI info
[0.341s] -- Detecting CXX compiler ABI info - done
[0.351s] -- Check for working CXX compiler: /usr/bin/c++ - skipped
[0.352s] -- Detecting CXX compile features
[0.352s] -- Detecting CXX compile features - done
[0.352s] -- Found ament_cmake: 1.3.12 (/opt/ros/humble/share/ament_cmake/cmake)
[0.572s] -- Found Python3: /usr/bin/python3 (found version "3.10.12") found components: Interpreter 
[0.678s] -- Found rclcpp: 16.0.14 (/opt/ros/humble/share/rclcpp/cmake)
[0.749s] -- Found rosidl_generator_c: 3.1.7 (/opt/ros/humble/share/rosidl_generator_c/cmake)
[0.752s] -- Found rosidl_adapter: 3.1.7 (/opt/ros/humble/share/rosidl_adapter/cmake)
[0.766s] -- Found rosidl_generator_cpp: 3.1.7 (/opt/ros/humble/share/rosidl_generator_cpp/cmake)
[0.787s] -- Using all available rosidl_typesupport_c: rosidl_typesupport_fastrtps_c;rosidl_typesupport_introspection_c
[0.811s] -- Using all available rosidl_typesupport_cpp: rosidl_typesupport_fastrtps_cpp;rosidl_typesupport_introspection_cpp
[0.868s] -- Found rmw_implementation_cmake: 6.1.2 (/opt/ros/humble/share/rmw_implementation_cmake/cmake)
[0.872s] -- Found rmw_cyclonedds_cpp: 1.3.4 (/opt/ros/humble/share/rmw_cyclonedds_cpp/cmake)
[0.894s] -- Using RMW implementation 'rmw_cyclonedds_cpp' as default
[0.905s] -- Looking for pthread.h
[1.041s] -- Looking for pthread.h - found
[1.042s] -- Performing Test CMAKE_HAVE_LIBC_PTHREAD
[1.152s] -- Performing Test CMAKE_HAVE_LIBC_PTHREAD - Success
[1.153s] -- Found Threads: TRUE  
[1.213s] -- Found rclcpp_lifecycle: 16.0.14 (/opt/ros/humble/share/rclcpp_lifecycle/cmake)
[1.243s] -- Found hardware_interface: 2.51.0 (/opt/ros/humble/share/hardware_interface/cmake)
[1.384s] -- Found controller_manager: 2.51.0 (/opt/ros/humble/share/controller_manager/cmake)
[1.426s] -- Found robot_state_publisher: 3.0.3 (/opt/ros/humble/share/robot_state_publisher/cmake)
[1.440s] -- Found eigen3_cmake_module: 0.1.1 (/opt/ros/humble/share/eigen3_cmake_module/cmake)
[1.442s] -- Found Eigen3: TRUE (found version "3.4.0") 
[1.442s] -- Ensuring Eigen3 include directory is part of orocos-kdl CMake target
[1.537s] -- Found xacro: 2.0.13 (/opt/ros/humble/share/xacro/cmake)
[1.620s] -- Configuring done
[1.644s] -- Generating done
[1.650s] -- Build files have been written to: /home/ibrahim/tasc_arm/build/arm_2026
[1.663s] Invoked command in '/home/ibrahim/tasc_arm/build/arm_2026' returned '0': CMAKE_PREFIX_PATH=/opt/ros/humble /usr/bin/cmake /home/ibrahim/tasc_arm/src/arm_2026 -DCMAKE_INSTALL_PREFIX=/home/ibrahim/tasc_arm/install/arm_2026
[1.664s] Invoking command in '/home/ibrahim/tasc_arm/build/arm_2026': CMAKE_PREFIX_PATH=/opt/ros/humble /usr/bin/cmake --build /home/ibrahim/tasc_arm/build/arm_2026 -- -j4 -l4
[1.731s] [ 25%] [32mBuilding CXX object CMakeFiles/arm_2026_keyboard_teleop.dir/arm_2026/keyboard_teleop.cpp.o[0m
[1.737s] [ 50%] [32mBuilding CXX object CMakeFiles/arm_2026.dir/src/arm_2026_system.cpp.o[0m
[26.794s] [ 75%] [32m[1mLinking CXX executable arm_2026_keyboard_teleop[0m
[26.940s] [100%] [32m[1mLinking CXX shared library libarm_2026.so[0m
[27.471s] [100%] Built target arm_2026_keyboard_teleop
[27.912s] [100%] Built target arm_2026
[27.932s] Invoked command in '/home/ibrahim/tasc_arm/build/arm_2026' returned '0': CMAKE_PREFIX_PATH=/opt/ros/humble /usr/bin/cmake --build /home/ibrahim/tasc_arm/build/arm_2026 -- -j4 -l4
[27.937s] Invoking command in '/home/ibrahim/tasc_arm/build/arm_2026': CMAKE_PREFIX_PATH=/opt/ros/humble /usr/bin/cmake --install /home/ibrahim/tasc_arm/build/arm_2026
[27.950s] -- Install configuration: ""
[27.952s] -- Installing: /home/ibrahim/tasc_arm/install/arm_2026/share/arm_2026/plugin.xml
[27.952s] -- Installing: /home/ibrahim/tasc_arm/install/arm_2026/include
[27.952s] -- Installing: /home/ibrahim/tasc_arm/install/arm_2026/include/arm_2026
[27.952s] -- Installing: /home/ibrahim/tasc_arm/install/arm_2026/include/arm_2026/arm_2026_system.hpp
[27.952s] -- Up-to-date: /home/ibrahim/tasc_arm/install/arm_2026/share/arm_2026/plugin.xml
[27.952s] -- Installing: /home/ibrahim/tasc_arm/install/arm_2026/lib/libarm_2026.so
[27.961s] -- Set runtime path of "/home/ibrahim/tasc_arm/install/arm_2026/lib/libarm_2026.so" to ""
[27.961s] -- Installing: /home/ibrahim/tasc_arm/install/arm_2026/lib/arm_2026/arm_2026_keyboard_teleop
[27.967s] -- Set runtime path of "/home/ibrahim/tasc_arm/install/arm_2026/lib/arm_2026/arm_2026_keyboard_teleop" to ""
[27.968s] -- Installing: /home/ibrahim/tasc_arm/install/arm_2026/share/arm_2026/description
[27.968s] -- Installing: /home/ibrahim/tasc_arm/install/arm_2026/share/arm_2026/description/arm_2026.urdf.xacro
[27.969s] -- Installing: /home/ibrahim/tasc_arm/install/arm_2026/share/arm_2026/config
[27.969s] -- Installing: /home/ibrahim/tasc_arm/install/arm_2026/share/arm_2026/config/controllers.yaml
[27.969s] -- Installing: /home/ibrahim/tasc_arm/install/arm_2026/share/arm_2026/launch
[27.969s] -- Installing: /home/ibrahim/tasc_arm/install/arm_2026/share/arm_2026/launch/bringup.launch.py
[27.970s] -- Installing: /home/ibrahim/tasc_arm/install/arm_2026/share/arm_2026/environment/library_path.sh
[27.970s] -- Installing: /home/ibrahim/tasc_arm/install/arm_2026/share/arm_2026/environment/library_path.dsv
[27.970s] -- Installing: /home/ibrahim/tasc_arm/install/arm_2026/share/ament_index/resource_index/package_run_dependencies/arm_2026
[27.970s] -- Installing: /home/ibrahim/tasc_arm/install/arm_2026/share/ament_index/resource_index/parent_prefix_path/arm_2026
[27.970s] -- Installing: /home/ibrahim/tasc_arm/install/arm_2026/share/arm_2026/environment/ament_prefix_path.sh
[27.970s] -- Installing: /home/ibrahim/tasc_arm/install/arm_2026/share/arm_2026/environment/ament_prefix_path.dsv
[27.970s] -- Installing: /home/ibrahim/tasc_arm/install/arm_2026/share/arm_2026/environment/path.sh
[27.970s] -- Installing: /home/ibrahim/tasc_arm/install/arm_2026/share/arm_2026/environment/path.dsv
[27.970s] -- Installing: /home/ibrahim/tasc_arm/install/arm_2026/share/arm_2026/local_setup.bash
[27.970s] -- Installing: /home/ibrahim/tasc_arm/install/arm_2026/share/arm_2026/local_setup.sh
[27.970s] -- Installing: /home/ibrahim/tasc_arm/install/arm_2026/share/arm_2026/local_setup.zsh
[27.970s] -- Installing: /home/ibrahim/tasc_arm/install/arm_2026/share/arm_2026/local_setup.dsv
[27.970s] -- Installing: /home/ibrahim/tasc_arm/install/arm_2026/share/arm_2026/package.dsv
[27.970s] -- Installing: /home/ibrahim/tasc_arm/install/arm_2026/share/ament_index/resource_index/packages/arm_2026
[27.971s] -- Installing: /home/ibrahim/tasc_arm/install/arm_2026/share/ament_index/resource_index/hardware_interface__pluginlib__plugin/arm_2026
[27.971s] -- Installing: /home/ibrahim/tasc_arm/install/arm_2026/share/arm_2026/cmake/export_arm_2026Export.cmake
[27.972s] -- Installing: /home/ibrahim/tasc_arm/install/arm_2026/share/arm_2026/cmake/export_arm_2026Export-noconfig.cmake
[27.972s] -- Installing: /home/ibrahim/tasc_arm/install/arm_2026/share/arm_2026/cmake/ament_cmake_export_targets-extras.cmake
[27.972s] -- Installing: /home/ibrahim/tasc_arm/install/arm_2026/share/arm_2026/cmake/ament_cmake_export_dependencies-extras.cmake
[27.972s] -- Installing: /home/ibrahim/tasc_arm/install/arm_2026/share/arm_2026/cmake/arm_2026Config.cmake
[27.972s] -- Installing: /home/ibrahim/tasc_arm/install/arm_2026/share/arm_2026/cmake/arm_2026Config-version.cmake
[27.973s] -- Installing: /home/ibrahim/tasc_arm/install/arm_2026/share/arm_2026/package.xml
[27.975s] Invoked command in '/home/ibrahim/tasc_arm/build/arm_2026' returned '0': CMAKE_PREFIX_PATH=/opt/ros/humble /usr/bin/cmake --install /home/ibrahim/tasc_arm/build/arm_2026
