[0.055s] Invoking command in '/home/ibrahim/tasc_arm/build/phidgets_hardware': CMAKE_PREFIX_PATH=/opt/ros/humble /usr/bin/cmake /home/ibrahim/tasc_arm/src/phidgets_hardware -DCMAKE_INSTALL_PREFIX=/home/ibrahim/tasc_arm/install/phidgets_hardware
[0.219s] -- The C compiler identification is GNU 11.4.0
[0.363s] -- The CXX compiler identification is GNU 11.4.0
[0.381s] -- Detecting C compiler ABI info
[0.562s] -- Detecting C compiler ABI info - done
[0.582s] -- Check for working C compiler: /usr/bin/cc - skipped
[0.583s] -- Detecting C compile features
[0.583s] -- Detecting C compile features - done
[0.588s] -- Detecting CXX compiler ABI info
[0.790s] -- Detecting CXX compiler ABI info - done
[0.801s] -- Check for working CXX compiler: /usr/bin/c++ - skipped
[0.804s] -- Detecting CXX compile features
[0.804s] -- Detecting CXX compile features - done
[0.808s] -- Found ament_cmake: 1.3.12 (/opt/ros/humble/share/ament_cmake/cmake)
[1.130s] -- Found Python3: /usr/bin/python3 (found version "3.10.12") found components: Interpreter 
[1.325s] -- Found rclcpp: 16.0.14 (/opt/ros/humble/share/rclcpp/cmake)
[1.414s] -- Found rosidl_generator_c: 3.1.7 (/opt/ros/humble/share/rosidl_generator_c/cmake)
[1.430s] -- Found rosidl_adapter: 3.1.7 (/opt/ros/humble/share/rosidl_adapter/cmake)
[1.450s] -- Found rosidl_generator_cpp: 3.1.7 (/opt/ros/humble/share/rosidl_generator_cpp/cmake)
[1.474s] -- Using all available rosidl_typesupport_c: rosidl_typesupport_fastrtps_c;rosidl_typesupport_introspection_c
[1.518s] -- Using all available rosidl_typesupport_cpp: rosidl_typesupport_fastrtps_cpp;rosidl_typesupport_introspection_cpp
[1.632s] -- Found rmw_implementation_cmake: 6.1.2 (/opt/ros/humble/share/rmw_implementation_cmake/cmake)
[1.636s] -- Found rmw_cyclonedds_cpp: 1.3.4 (/opt/ros/humble/share/rmw_cyclonedds_cpp/cmake)
[1.676s] -- Using RMW implementation 'rmw_cyclonedds_cpp' as default
[1.701s] -- Looking for pthread.h
[1.931s] -- Looking for pthread.h - found
[1.932s] -- Performing Test CMAKE_HAVE_LIBC_PTHREAD
[2.128s] -- Performing Test CMAKE_HAVE_LIBC_PTHREAD - Success
[2.134s] -- Found Threads: TRUE  
[2.285s] -- Found hardware_interface: 2.51.0 (/opt/ros/humble/share/hardware_interface/cmake)
[2.690s] -- Found controller_manager: 2.51.0 (/opt/ros/humble/share/controller_manager/cmake)
[2.984s] -- Configuring done
[3.044s] -- Generating done
[3.052s] -- Build files have been written to: /home/ibrahim/tasc_arm/build/phidgets_hardware
[3.093s] Invoked command in '/home/ibrahim/tasc_arm/build/phidgets_hardware' returned '0': CMAKE_PREFIX_PATH=/opt/ros/humble /usr/bin/cmake /home/ibrahim/tasc_arm/src/phidgets_hardware -DCMAKE_INSTALL_PREFIX=/home/ibrahim/tasc_arm/install/phidgets_hardware
[3.095s] Invoking command in '/home/ibrahim/tasc_arm/build/phidgets_hardware': CMAKE_PREFIX_PATH=/opt/ros/humble /usr/bin/cmake --build /home/ibrahim/tasc_arm/build/phidgets_hardware -- -j4 -l4
[3.233s] [ 50%] [32mBuilding CXX object CMakeFiles/phidgets_hardware.dir/src/phidgets_stepper_hardware.cpp.o[0m
[33.131s] [100%] [32m[1mLinking CXX shared library libphidgets_hardware.so[0m
[34.299s] [100%] Built target phidgets_hardware
[34.339s] Invoked command in '/home/ibrahim/tasc_arm/build/phidgets_hardware' returned '0': CMAKE_PREFIX_PATH=/opt/ros/humble /usr/bin/cmake --build /home/ibrahim/tasc_arm/build/phidgets_hardware -- -j4 -l4
[34.340s] Invoking command in '/home/ibrahim/tasc_arm/build/phidgets_hardware': CMAKE_PREFIX_PATH=/opt/ros/humble /usr/bin/cmake --install /home/ibrahim/tasc_arm/build/phidgets_hardware
[34.365s] -- Install configuration: ""
[34.365s] -- Installing: /home/ibrahim/tasc_arm/install/phidgets_hardware/share/phidgets_hardware/phidgets_hardware_plugin.xml
[34.366s] -- Installing: /home/ibrahim/tasc_arm/install/phidgets_hardware/lib/libphidgets_hardware.so
[34.366s] -- Set runtime path of "/home/ibrahim/tasc_arm/install/phidgets_hardware/lib/libphidgets_hardware.so" to ""
[34.367s] -- Up-to-date: /home/ibrahim/tasc_arm/install/phidgets_hardware/include
[34.367s] -- Up-to-date: /home/ibrahim/tasc_arm/install/phidgets_hardware/include/phidgets_hardware
[34.367s] -- Installing: /home/ibrahim/tasc_arm/install/phidgets_hardware/include/phidgets_hardware/phidgets_stepper_hardware.hpp
[34.367s] -- Up-to-date: /home/ibrahim/tasc_arm/install/phidgets_hardware/share/phidgets_hardware/description
[34.367s] -- Installing: /home/ibrahim/tasc_arm/install/phidgets_hardware/share/phidgets_hardware/description/phidgets_single_motor.urdf.xacro
[34.368s] -- Up-to-date: /home/ibrahim/tasc_arm/install/phidgets_hardware/share/phidgets_hardware/config
[34.368s] -- Installing: /home/ibrahim/tasc_arm/install/phidgets_hardware/share/phidgets_hardware/config/ros2_control_controllers.yaml
[34.368s] -- Up-to-date: /home/ibrahim/tasc_arm/install/phidgets_hardware/share/phidgets_hardware/launch
[34.368s] -- Installing: /home/ibrahim/tasc_arm/install/phidgets_hardware/share/phidgets_hardware/launch/bringup_single_motor.launch.py
[34.368s] -- Up-to-date: /home/ibrahim/tasc_arm/install/phidgets_hardware/share/phidgets_hardware/phidgets_hardware_plugin.xml
[34.369s] -- Installing: /home/ibrahim/tasc_arm/install/phidgets_hardware/lib/phidgets_hardware/keyboard_teleop.py
[34.369s] -- Installing: /home/ibrahim/tasc_arm/install/phidgets_hardware/lib/phidgets_hardware/logitech_teleop.py
[34.369s] -- Installing: /home/ibrahim/tasc_arm/install/phidgets_hardware/lib/phidgets_hardware/ps5_teleop.py
[34.372s] -- Installing: /home/ibrahim/tasc_arm/install/phidgets_hardware/share/ament_index/resource_index/package_run_dependencies/phidgets_hardware
[34.372s] -- Installing: /home/ibrahim/tasc_arm/install/phidgets_hardware/share/ament_index/resource_index/parent_prefix_path/phidgets_hardware
[34.373s] -- Installing: /home/ibrahim/tasc_arm/install/phidgets_hardware/share/phidgets_hardware/environment/ament_prefix_path.sh
[34.373s] -- Installing: /home/ibrahim/tasc_arm/install/phidgets_hardware/share/phidgets_hardware/environment/ament_prefix_path.dsv
[34.373s] -- Installing: /home/ibrahim/tasc_arm/install/phidgets_hardware/share/phidgets_hardware/environment/path.sh
[34.374s] -- Installing: /home/ibrahim/tasc_arm/install/phidgets_hardware/share/phidgets_hardware/environment/path.dsv
[34.377s] -- Installing: /home/ibrahim/tasc_arm/install/phidgets_hardware/share/phidgets_hardware/local_setup.bash
[34.377s] -- Installing: /home/ibrahim/tasc_arm/install/phidgets_hardware/share/phidgets_hardware/local_setup.sh
[34.377s] -- Installing: /home/ibrahim/tasc_arm/install/phidgets_hardware/share/phidgets_hardware/local_setup.zsh
[34.377s] -- Installing: /home/ibrahim/tasc_arm/install/phidgets_hardware/share/phidgets_hardware/local_setup.dsv
[34.378s] -- Installing: /home/ibrahim/tasc_arm/install/phidgets_hardware/share/phidgets_hardware/package.dsv
[34.378s] -- Installing: /home/ibrahim/tasc_arm/install/phidgets_hardware/share/ament_index/resource_index/packages/phidgets_hardware
[34.378s] -- Installing: /home/ibrahim/tasc_arm/install/phidgets_hardware/share/ament_index/resource_index/hardware_interface__pluginlib__plugin/phidgets_hardware
[34.378s] -- Installing: /home/ibrahim/tasc_arm/install/phidgets_hardware/share/phidgets_hardware/cmake/phidgets_hardwareConfig.cmake
[34.378s] -- Installing: /home/ibrahim/tasc_arm/install/phidgets_hardware/share/phidgets_hardware/cmake/phidgets_hardwareConfig-version.cmake
[34.378s] -- Installing: /home/ibrahim/tasc_arm/install/phidgets_hardware/share/phidgets_hardware/package.xml
[34.392s] Invoked command in '/home/ibrahim/tasc_arm/build/phidgets_hardware' returned '0': CMAKE_PREFIX_PATH=/opt/ros/humble /usr/bin/cmake --install /home/ibrahim/tasc_arm/build/phidgets_hardware
