[1.508s] Invoking command in '/home/ibrahim/tasc_arm/src/arm_bringup': PYTHONPATH=/home/ibrahim/tasc_arm/build/arm_bringup/prefix_override:/usr/lib/python3/dist-packages/colcon_core/task/python/colcon_distutils_commands:/home/ibrahim/tasc_arm/install/arm_bringup/lib/python3.10/site-packages:${PYTHONPATH} /usr/bin/python3 -W ignore:setup.py install is deprecated -W ignore:easy_install command is deprecated setup.py egg_info --egg-base ../../build/arm_bringup build --build-base /home/ibrahim/tasc_arm/build/arm_bringup/build install --record /home/ibrahim/tasc_arm/build/arm_bringup/install.log --single-version-externally-managed install_data
[1.914s] running egg_info
[1.916s] writing ../../build/arm_bringup/arm_bringup.egg-info/PKG-INFO
[1.916s] writing dependency_links to ../../build/arm_bringup/arm_bringup.egg-info/dependency_links.txt
[1.917s] writing entry points to ../../build/arm_bringup/arm_bringup.egg-info/entry_points.txt
[1.917s] writing requirements to ../../build/arm_bringup/arm_bringup.egg-info/requires.txt
[1.918s] writing top-level names to ../../build/arm_bringup/arm_bringup.egg-info/top_level.txt
[1.921s] reading manifest file '../../build/arm_bringup/arm_bringup.egg-info/SOURCES.txt'
[1.922s] writing manifest file '../../build/arm_bringup/arm_bringup.egg-info/SOURCES.txt'
[1.923s] running build
[1.924s] running build_py
[1.926s] running install
[1.927s] running install_lib
[1.929s] running install_data
[1.929s] running install_egg_info
[1.932s] removing '/home/ibrahim/tasc_arm/install/arm_bringup/lib/python3.10/site-packages/arm_bringup-0.0.0-py3.10.egg-info' (and everything under it)
[1.934s] Copying ../../build/arm_bringup/arm_bringup.egg-info to /home/ibrahim/tasc_arm/install/arm_bringup/lib/python3.10/site-packages/arm_bringup-0.0.0-py3.10.egg-info
[1.937s] running install_scripts
[1.974s] writing list of installed files to '/home/ibrahim/tasc_arm/build/arm_bringup/install.log'
[2.038s] Invoked command in '/home/ibrahim/tasc_arm/src/arm_bringup' returned '0': PYTHONPATH=/home/ibrahim/tasc_arm/build/arm_bringup/prefix_override:/usr/lib/python3/dist-packages/colcon_core/task/python/colcon_distutils_commands:/home/ibrahim/tasc_arm/install/arm_bringup/lib/python3.10/site-packages:${PYTHONPATH} /usr/bin/python3 -W ignore:setup.py install is deprecated -W ignore:easy_install command is deprecated setup.py egg_info --egg-base ../../build/arm_bringup build --build-base /home/ibrahim/tasc_arm/build/arm_bringup/build install --record /home/ibrahim/tasc_arm/build/arm_bringup/install.log --single-version-externally-managed install_data
